C:\Users\ren cian\OneDrive\桌面\chess\chess_numba\chess_numba\chess_engine\move_generator.py:168: NumbaWarning: Cannot cache compiled function "get_rook_attacks" as it uses dynamic globals (such as ctypes pointers and large global arrays)
  @numba.njit(numba.uint64(numba.uint8, numba.uint64), cache=True, boundscheck=False, fastmath=True)
C:\Users\ren cian\OneDrive\桌面\chess\chess_numba\chess_numba\chess_engine\move_generator.py:179: NumbaWarning: Cannot cache compiled function "get_queen_attacks" as it uses dynamic globals (such as ctypes pointers and large global arrays)
  @numba.njit(numba.uint64(numba.uint8, numba.uint64), cache=True, boundscheck=False, fastmath=True)
C:\Users\ren cian\OneDrive\桌面\chess\chess_numba\chess_numba\chess_engine\move_generator.py:204: NumbaWarning: Cannot cache compiled function "is_square_attacked" as it uses dynamic globals (such as ctypes pointers and large global arrays)
  @numba.njit(numba.boolean(piece_bbs_signature, occupancy_bbs_signature, numba.uint8, numba.uint8), cache=True, boundscheck=False, fastmath=True)
C:\Users\ren cian\OneDrive\桌面\chess\chess_numba\chess_numba\chess_engine\move_generator.py:275: NumbaWarning: Cannot cache compiled function "generate_pseudo_legal_moves_buffer" as it uses dynamic globals (such as ctypes pointers and large global arrays)
  @numba.njit(numba.int32(piece_bbs_signature, occupancy_bbs_signature, game_state_signature, numba.uint16[:, :], numba.int32), cache=True, boundscheck=False, fastmath=True)
C:\Users\ren cian\OneDrive\桌面\chess\chess_numba\chess_numba\chess_engine\move_generator.py:441: NumbaWarning: Cannot cache compiled function "generate_legal_moves_buffer" as it uses dynamic globals (such as ctypes pointers and large global arrays)
  @numba.njit(numba.int32(piece_bbs_signature, occupancy_bbs_signature, game_state_signature, numba.uint16[:, :], numba.int32), cache=True, boundscheck=False, fastmath=True)
C:\Users\ren cian\OneDrive\桌面\chess\chess_numba\chess_numba\chess_engine\move_generator.py:490: NumbaWarning: Cannot cache compiled function "generate_legal_moves" as it uses dynamic globals (such as ctypes pointers and large global arrays)
  @numba.njit(numba.uint16[:](piece_bbs_signature, occupancy_bbs_signature, game_state_signature), cache=True, boundscheck=False, fastmath=True)
C:\Users\ren cian\OneDrive\桌面\chess\chess_numba\chess_numba\chess_engine\move_generator.py:501: NumbaWarning: Cannot cache compiled function "generate_tactical_moves" as it uses dynamic globals (such as ctypes pointers and large global arrays)
  @numba.njit(nbt.uint16[:](piece_bbs_signature, occupancy_bbs_signature, game_state_signature), cache=True, boundscheck=False, fastmath=True)
C:\Users\ren cian\OneDrive\桌面\chess\chess_numba\chess_numba\chess_engine\move_generator.py:672: NumbaWarning: Cannot cache compiled function "is_in_check" as it uses dynamic globals (such as ctypes pointers and large global arrays)
  @numba.njit(numba.boolean(piece_bbs_signature, occupancy_bbs_signature, game_state_signature), cache=True, boundscheck=False, fastmath=True)
C:\Users\ren cian\OneDrive\桌面\chess\chess_numba\chess_numba\chess_engine\move_generator.py:696: NumbaWarning: Cannot cache compiled function "generate_pseudo_legal_captures_buffer" as it uses dynamic globals (such as ctypes pointers and large global arrays)
  @numba.njit(numba.int32(piece_bbs_signature, occupancy_bbs_signature, game_state_signature, numba.uint16[:, :], numba.int32), cache=True, boundscheck=False, fastmath=True)
C:\Users\ren cian\OneDrive\桌面\chess\chess_numba\chess_numba\chess_engine\move_generator.py:867: NumbaWarning: Cannot cache compiled function "generate_captures_buffer" as it uses dynamic globals (such as ctypes pointers and large global arrays)
  @numba.njit(numba.int32(piece_bbs_signature, occupancy_bbs_signature, game_state_signature, numba.uint16[:, :], numba.int32), cache=True, boundscheck=False, fastmath=True)
C:\Users\ren cian\OneDrive\桌面\chess\chess_numba\chess_numba\chess_engine\move_generator.py:910: NumbaWarning: Cannot cache compiled function "generate_captures" as it uses dynamic globals (such as ctypes pointers and large global arrays)
  @numba.njit(nbt.uint16[:](piece_bbs_signature, occupancy_bbs_signature, game_state_signature), cache=True, boundscheck=False, fastmath=True)
C:\Users\ren cian\OneDrive\桌面\chess\chess_numba\chess_numba\chess_engine\core.py:11: NumbaWarning: Cannot cache compiled function "is_king_in_check" as it uses dynamic globals (such as ctypes pointers and large global arrays)
  @numba.njit(numba.boolean(piece_bbs_signature, occupancy_bbs_signature, game_state_signature), cache=True)
usage: perft.py [-h]
                {perft,divide,test-reversibility,run-tests}
                ...
perft.py: error: the following arguments are required: command
