--- WARMING UP (Compiling JIT functions) ---
info depth 1 score cp 78 nodes 51 nps 0 time 69211 pv b1c3
info depth 2 score cp 10 nodes 214 nps 3 time 69373 pv b1c3 b8c6
--- WARM-UP COMPLETE ---

New game started. Caches and stats cleared.
--- Running Test: Lichess Puzzle 006eO ---
FEN: 8/8/2p5/1p1p1k2/3P4/1PP1pK2/8/8 w - - 4 65
info depth 1 score cp 35 nodes 3 nps 11096 time 0 pv f3e3
info depth 2 score cp 25 nodes 33 nps 68149 time 0 pv f3e3 f5e6
info depth 3 score cp 55 nodes 122 nps 175061 time 0 pv f3e3 f5e6 e3d3
info depth 4 score cp 25 nodes 316 nps 302533 time 1 pv f3e3 f5e6 e3d3 e6d6
info depth 5 score cp 25 nodes 799 nps 419535 time 1 pv f3e3 f5e6 e3d2 e6d6 d2d3
info depth 6 score cp 20 nodes 2724 nps 580140 time 4 pv f3e3 f5f6 e3d3 f6e6 c3c4 b5c4 b3c4
info depth 7 score cp 20 nodes 4718 nps 613984 time 7 pv f3e3 f5f6 e3d3 f6e6 d3e3 e6f6
info depth 8 score cp 20 nodes 7957 nps 213667 time 37 pv f3e3 f5f6 e3d2 f6f5 d2e3
info depth 9 score cp 20 nodes 13192 nps 275854 time 47 pv f3e3 f5f6 e3d2 f6f5 d2e3
info depth 10 score cp 15 nodes 24124 nps 360249 time 66 pv f3e3 f5g5 e3f3 g5f6 f3e3 f6f5 e3f3 f5e6 f3e3
info depth 11 score cp 15 nodes 25338 nps 366485 time 69 pv f3e3 f5g5 e3f3 g5f6 f3e3 f6f5 e3f3 f5e6 f3e3
info depth 12 score cp 15 nodes 49595 nps 372478 time 133 pv f3e3 f5g5 e3f3 g5f6 f3e3 f6f5 e3f3 f5e6 f3e3
info depth 13 score cp 15 nodes 93028 nps 443118 time 209 pv f3e3 f5g5 e3f3 g5f5 f3e3
info depth 14 score cp 15 nodes 93550 nps 443642 time 210 pv f3e3 f5g5 e3f3 g5f5 f3e3
info depth 15 score cp 15 nodes 288058 nps 508908 time 566 pv f3e3 f5g5 e3f3 g5f5 f3e3
info depth 16 score cp 10 nodes 635542 nps 538864 time 1179 pv f3e3 b5b4 c3b4 f5g4 e3e2 g4f4 e2d3 f4f3 b4b5 c6b5 b3b4 f3f4 d3d2 f4e4 d2c3 e4e3
info depth 17 score cp 0 nodes 651083 nps 540563 time 1204 pv f3e3 b5b4 c3b4 f5g4 b4b5 c6b5 b3b4 g4f5 e3f3 f5e6 f3f4 e6f6 f4e3 f6g5 e3f3 g5f5 f3e3
--- Search Statistics ---
Total Time: 1.20s
Nodes Searched: 704182 (584545 NPS)
- Quiescence Nodes: 53099 (7.5%)
Transposition Table Hits: 68054.0 (9.7%)
Beta Cutoffs: 56194.0
Null Move Cutoffs: 100.0
Futility Pruned: 37731.0
Razoring Used: 18501.0
QS Delta Pruned: 5289.0
QS SEE Pruned: 0
-------------------------

FEN: 8/8/2p5/1p1p1k2/3P4/1PP1pK2/8/8 w - - 4 65
Best move found: f3e3
Score: 0
rating: 2186
theme: defensiveMove endgame equality oneMove pawnEndgame

Test FAILED: The engine suggested f3e3, but the correct move is b3b4.
1 tests completed.
----------------------------------------
New game started. Caches and stats cleared.
--- Running Test: Lichess Puzzle 006of ---
FEN: r2qr2k/1pp2Qp1/1b4np/pP2P3/P4n2/B1N2N1P/5PP1/R3R1K1 b - - 0 20
info depth 1 score cp -136 nodes 314 nps 204886 time 1 pv d8d3
info depth 2 score cp -42 nodes 2033 nps 214133 time 9 pv d8d3 c3e4
info depth 3 score cp -178 nodes 4702 nps 160961 time 29 pv d8d3 c3e4 f4h3 g2h3
info depth 4 score cp -177 nodes 16953 nps 196855 time 86 pv d8d3 c3e4 a8d8 g1h1
info depth 5 score cp -130 nodes 68762 nps 220125 time 312 pv f4d3 f7g6 b6f2 g1f1 d3e1 a1e1
info depth 6 score cp -130 nodes 140788 nps 215471 time 653 pv f4d3 f7g6 b6f2 g1f1 d3e1 a1e1 f2e1
info depth 7 score cp -39 nodes 261038 nps 223121 time 1169 pv f4d3 f7g6 b6f2 g1f1 f2e1 a1e1 d3f4 g6f7
info depth 8 score cp -12 nodes 555412 nps 225284 time 2465 pv f4d3 e1e2 d3e5 f3e5 g6e5 f7f5 d8d4 a1c1
--- Search Statistics ---
Total Time: 2.47s
Nodes Searched: 770492 (312504 NPS)
- Quiescence Nodes: 215080 (27.9%)
Transposition Table Hits: 13587.0 (1.8%)
Beta Cutoffs: 46278.0
Null Move Cutoffs: 2827.0
Futility Pruned: 406153.0
Razoring Used: 2002.0
QS Delta Pruned: 130931.0
QS SEE Pruned: 0
-------------------------

FEN: r2qr2k/1pp2Qp1/1b4np/pP2P3/P4n2/B1N2N1P/5PP1/R3R1K1 b - - 0 20
Best move found: f4d3
Score: -12
rating: 2500
theme: advantage kingsideAttack long middlegame

Test FAILED: The engine suggested f4d3, but the correct move is d8d3.
2 tests completed.
----------------------------------------
New game started. Caches and stats cleared.
--- Running Test: Lichess Puzzle 0078T ---
FEN: rk5r/1b3R2/pp2p2q/4P2p/B6B/4p2P/PP4P1/5Q1K w - - 0 28
info depth 1 score cp 274 nodes 20 nps 53294 time 0 pv a4d7
info depth 2 score cp 180 nodes 450 nps 256201 time 1 pv a4d7 h6g6
info depth 3 score cp 151 nodes 1644 nps 248206 time 6 pv f7f6 b8a7 f6h6
info depth 4 score cp -60 nodes 11188 nps 237155 time 47 pv a4d7 h8g8 h4f6 e3e2
info depth 5 score cp -1 nodes 20775 nps 84110 time 246 pv h1g1
info depth 6 score cp -50 nodes 123452 nps 197669 time 624 pv f7f6 h6h7 f6e6 h7e4 h4f6 h8g8
info depth 7 score cp 2 nodes 718533 nps 253705 time 2832 pv f1d3 h8c8 d3d7 a8a7 h1h2 b7g2 d7d6 b8a8
--- Search Statistics ---
Total Time: 2.83s
Nodes Searched: 909200 (321006 NPS)
- Quiescence Nodes: 190667 (21.0%)
Transposition Table Hits: 22410.0 (2.5%)
Beta Cutoffs: 37063.0
Null Move Cutoffs: 1096.0
Futility Pruned: 240541.0
Razoring Used: 2565.0
QS Delta Pruned: 47815.0
QS SEE Pruned: 0
-------------------------

FEN: rk5r/1b3R2/pp2p2q/4P2p/B6B/4p2P/PP4P1/5Q1K w - - 0 28
Best move found: f1d3
Score: 2
rating: 2286
theme: attraction crushing defensiveMove exposedKing long middlegame queensideAttack sacrifice

Test FAILED: The engine suggested f1d3, but the correct move is f7b7.
3 tests completed.
----------------------------------------
New game started. Caches and stats cleared.
--- Running Test: Lichess Puzzle 000mr ---
FEN: 5r1k/5rp1/p7/1b2B2p/1P1P1Pq1/2R3Q1/P3p1P1/2R3K1 b - - 1 41
info depth 1 score cp 167 nodes 211 nps 174006 time 1 pv b5d7
info depth 2 score cp 171 nodes 430 nps 208937 time 2 pv f7f4 e5f4
info depth 3 score cp 171 nodes 1813 nps 236930 time 7 pv f7f4 e5f4 f8f4
info depth 4 score cp 127 nodes 4240 nps 242088 time 17 pv g4g3 c3g3 f7f4 e5f4
info depth 5 score cp 157 nodes 31689 nps 271322 time 116 pv f7f4 e5f4 g4f4 a2a3 f4d4 g1h2
info depth 6 score cp 107 nodes 38002 nps 159218 time 238 pv f7f4 e5f4 g4f4 g1h1 f4g3 c3g3
info depth 7 score cp 145 nodes 52294 nps 94565 time 552 pv f7f4 e5f4 g4f4 g3f4 f8f4 c3c8 h8h7 d4d5
info depth 8 score cp 104 nodes 101002 nps 138211 time 730 pv f7f4 e5f4 g4f4 g3f4 f8f4 c3c5 f4f1 g1h2 f1c1
info depth 9 score cp 107 nodes 180609 nps 176401 time 1023 pv f7f4 e5f4 g4f4 g3f4 f8f4 c3f3 f4d4 c1c8 h8h7 g1f2
info depth 10 score cp 119 nodes 542560 nps 239904 time 2261 pv f7f4 e5f4 f8f4 g1h2 g4g3 h2g3 f4d4 c3c8 h8h7 c8f8 h5h4 g3f2 d4b4
--- Search Statistics ---
Total Time: 2.26s
Nodes Searched: 769478 (340210 NPS)
- Quiescence Nodes: 226918 (29.5%)
Transposition Table Hits: 26333.0 (3.4%)
Beta Cutoffs: 47166.0
Null Move Cutoffs: 6248.0
Futility Pruned: 317021.0
Razoring Used: 2591.0
QS Delta Pruned: 84188.0
QS SEE Pruned: 0
-------------------------

FEN: 5r1k/5rp1/p7/1b2B2p/1P1P1Pq1/2R3Q1/P3p1P1/2R3K1 b - - 1 41
Best move found: f7f4
Score: 119
rating: 1478
theme: crushing middlegame short

Test PASSED: The engine found the correct move (f7f4).
4 tests completed.
----------------------------------------
New game started. Caches and stats cleared.
--- Running Test: Lichess Puzzle 002rd ---
FEN: r6k/q1p2p1p/1b2bPr1/p1ppP2Q/3P2p1/4B3/PP2NRPP/3R2K1 w - - 2 26
info depth 1 score cp 254 nodes 27 nps 64786 time 0 pv h5g6
info depth 2 score cp 186 nodes 449 nps 225538 time 1 pv a2a4 c5d4
info depth 3 score cp 400 nodes 961 nps 95113 time 10 pv e2f4 c5d4 f4g6 f7g6
info depth 4 score cp 202 nodes 2393 nps 126606 time 18 pv e2f4 c5d4 e3d4 b6d4
info depth 5 score cp 258 nodes 9322 nps 206151 time 45 pv e2f4 c5d4 e3d2 a8g8 f4e6
info depth 6 score cp 265 nodes 23373 nps 237883 time 98 pv e2f4 g4g3 d4c5 g3f2 e3f2 b6c5 f4g6 f7g6
info depth 7 score cp 228 nodes 51195 nps 259001 time 197 pv e2f4 g4g3 f4g6 f7g6 h5h6 g3f2 e3f2 a8g8 d4c5
info depth 8 score cp 270 nodes 120938 nps 258632 time 467 pv e2f4 c5d4 f4g6 f7g6 h5h6 a8g8 e3f4 d4d3 d1f1
info depth 9 score cp 282 nodes 252832 nps 261750 time 965 pv e2f4 c5d4 f4g6 f7g6 h5h6 a8g8 f6f7 d4e3 f7g8q e6g8 f2f6
info depth 10 score cp 202 nodes 493153 nps 253614 time 1944 pv e2f4 c5d4 f4g6 f7g6 h5h6 a8g8 f6f7 d4e3 f7g8q e6g8 f2e2 b6d4
--- Search Statistics ---
Total Time: 1.94s
Nodes Searched: 662278 (340559 NPS)
- Quiescence Nodes: 169125 (25.5%)
Transposition Table Hits: 25433.0 (3.8%)
Beta Cutoffs: 36553.0
Null Move Cutoffs: 5899.0
Futility Pruned: 444448.0
Razoring Used: 516.0
QS Delta Pruned: 107442.0
QS SEE Pruned: 0
-------------------------

FEN: r6k/q1p2p1p/1b2bPr1/p1ppP2Q/3P2p1/4B3/PP2NRPP/3R2K1 w - - 2 26
Best move found: e2f4
Score: 202
rating: 1776
theme: crushing kingsideAttack long middlegame pin

Test PASSED: The engine found the correct move (e2f4).
5 tests completed.
----------------------------------------
New game started. Caches and stats cleared.
--- Running Test: Lichess Puzzle 004d8 ---
FEN: 8/4kr2/R2p4/1p1Pp3/5pp1/3K1P2/PPP5/8 w - - 0 40
info depth 1 score cp 85 nodes 89 nps 191924 time 0 pv a6a7 e7f6
info depth 2 score cp 85 nodes 207 nps 253051 time 0 pv a6a7 e7f6 a7f7 f6f7
info depth 3 score cp 85 nodes 754 nps 380291 time 1 pv a6a7 e7e8 a7a8 e8d7 a8a7 d7e8
info depth 4 score cp -36 nodes 2573 nps 361781 time 7 pv f3g4 f4f3 d3e4 f7f4 e4e3
info depth 5 score cp 5 nodes 6104 nps 424338 time 14 pv f3g4 f4f3 a6a7 e7e8 a7a8 e8d7 d3e3
info depth 6 score cp -31 nodes 14544 nps 465720 time 31 pv f3g4 f4f3 a6a7 e7f6 g4g5 f6g6 a7a5 g6g5
info depth 7 score cp 83 nodes 35725 nps 434405 time 82 pv f3g4 f7f8 a6a7 e7f6 a7d7 f6g5 d7d6 g5g4
info depth 8 score cp 70 nodes 38268 nps 261993 time 146 pv f3g4 f4f3 a6a7 e7f6 a7f7 f6f7 d3e3 e5e4 g4g5 f7g6
info depth 9 score cp 55 nodes 79221 nps 352512 time 224 pv f3g4 f4f3 a6a7 e7f6 a7f7 f6f7 d3e3 e5e4 c2c4 f7e7 e3f2
info depth 10 score cp 127 nodes 458224 nps 506416 time 904 pv f3g4 f7f8 a6a7 e7f6 a7d7 f6g5 d7d6 f4f3 d6e6 g5f4 g4g5
info depth 11 score cp 72 nodes 1236225 nps 524295 time 2357 pv f3g4 f7f8 a6a5 f8b8 d3e4 e7f6 a5a6 b8d8 a2a4 b5a4 a6a4
--- Search Statistics ---
Total Time: 2.36s
Nodes Searched: 1405777 (596159 NPS)
- Quiescence Nodes: 169552 (12.1%)
Transposition Table Hits: 38131.0 (2.7%)
Beta Cutoffs: 49982.0
Null Move Cutoffs: 6361.0
Futility Pruned: 80043.0
Razoring Used: 5363.0
QS Delta Pruned: 9753.0
QS SEE Pruned: 0
-------------------------

FEN: 8/4kr2/R2p4/1p1Pp3/5pp1/3K1P2/PPP5/8 w - - 0 40
Best move found: f3g4
Score: 72
rating: 1730
theme: crushing endgame long rookEndgame

Test FAILED: The engine suggested f3g4, but the correct move is a6a7.
6 tests completed.
----------------------------------------
New game started. Caches and stats cleared.
--- Running Test: Lichess Puzzle 005qG ---
FEN: 8/8/1p1k1p1p/3np3/2B2p2/PP1K1PP1/7P/8 w - - 0 37
info depth 1 score cp 94 nodes 39 nps 112968 time 0 pv g3f4
info depth 2 score cp 118 nodes 306 nps 339269 time 0 pv d3e4 d5c3 e4f5
info depth 3 score cp 118 nodes 974 nps 465184 time 2 pv d3e4 d5c3 e4d3 c3d5
info depth 4 score cp 128 nodes 2182 nps 484821 time 4 pv d3e4 d5c3 e4f5 b6b5 c4d3
info depth 5 score cp 111 nodes 5115 nps 474506 time 10 pv d3e4 d5c3 e4d3 f4g3 h2g3 c3d5
info depth 6 score cp 128 nodes 12497 nps 478839 time 26 pv d3e4 d5c3 e4f5 f4g3 h2g3 c3d5 b3b4
info depth 7 score cp 116 nodes 18837 nps 459838 time 40 pv d3e4 d5c3 e4f5 f4g3 h2g3 b6b5 c4e6 e5e4
info depth 8 score cp 143 nodes 34536 nps 462521 time 74 pv d3e4 d5c3 e4f5 c3b1 g3f4 b1d2 h2h4 d2f3 h4h5
info depth 9 score cp 125 nodes 85921 nps 412741 time 208 pv d3e4 d5c3 e4f5 c3b1 g3f4 b1d2 f4e5 f6e5 h2h3 d2f3 f5e4
info depth 10 score cp 138 nodes 130879 nps 413864 time 316 pv d3e4 d5c3 e4f5 c3b1 g3f4 b1d2 f5f6 e5f4 f6f5 d2f3 f5f4
info depth 11 score cp 130 nodes 331969 nps 423735 time 783 pv d3e4 d5c3 e4d3 f4g3 h2g3 c3d1 d3e4 b6b5 c4f7 d1c3 e4f5 c3d5 f7d5
info depth 12 score cp 130 nodes 980619 nps 411933 time 2380 pv d3e4 d5c3 e4d3 c3d5
--- Search Statistics ---
Total Time: 2.38s
Nodes Searched: 1152089 (483935 NPS)
- Quiescence Nodes: 171470 (14.9%)
Transposition Table Hits: 78178.0 (6.8%)
Beta Cutoffs: 124938.0
Null Move Cutoffs: 0.0
Futility Pruned: 397368.0
Razoring Used: 33594.0
QS Delta Pruned: 27121.0
QS SEE Pruned: 0
-------------------------

FEN: 8/8/1p1k1p1p/3np3/2B2p2/PP1K1PP1/7P/8 w - - 0 37
Best move found: d3e4
Score: 130
rating: 2244
theme: crushing defensiveMove endgame long

Test FAILED: The engine suggested d3e4, but the correct move is c4d5.
7 tests completed.
----------------------------------------
New game started. Caches and stats cleared.
--- Running Test: Lichess Puzzle 004sY ---
FEN: 8/2k3n1/K2p2p1/2pP2Pp/2P4P/7B/8/8 b - - 1 57
info depth 1 score cp -134 nodes 14 nps 48210 time 0 pv g7e8
info depth 2 score cp -156 nodes 58 nps 128918 time 0 pv g7e8 h3e6
info depth 3 score cp -122 nodes 208 nps 288020 time 0 pv g7f5 h3f5 g6f5
info depth 4 score cp -169 nodes 650 nps 449365 time 1 pv g7e8 h3g2 e8g7 g2e4
info depth 5 score cp -122 nodes 1894 nps 568078 time 3 pv g7f5 h3f5 g6f5 a6b5 f5f4
info depth 6 score cp -203 nodes 3336 nps 597982 time 5 pv g7e8 h3e6 c7d8 a6b5 d8c7
info depth 7 score cp -193 nodes 5021 nps 598641 time 8 pv g7e8 h3e6 c7d8 a6b5 d8e7 b5c6 e8g7
info depth 8 score cp 91 nodes 10718 nps 329117 time 32 pv c7d8 a6b6 d8e7 b6c6 g7f5 h3g2 f5h4 g2e4
info depth 9 score cp -93 nodes 12691 nps 329743 time 38 pv c7d8 a6b6 d8e7 b6c7 g7f5 h3g2 f5h4 g2e4 h4f5
info depth 10 score cp -93 nodes 13850 nps 339592 time 40 pv c7d8 a6b6 d8e7 b6c7 g7f5 h3g2 f5h4 g2e4 h4f5 e4f5
info depth 11 score cp 19 nodes 35402 nps 291036 time 121 pv c7d8 a6b6 d8e7 h3g2 g7f5 g2e4 f5h4 b6c6 h4f5 c6c7 h5h4
info depth 12 score cp 19 nodes 49690 nps 335456 time 148 pv c7d8 a6b6 d8e7 h3g2 g7f5 g2e4 f5h4 b6c6 h4f5 c6c7 h5h4 e4f5
info depth 13 score cp 138 nodes 185688 nps 383492 time 484 pv c7d8 a6b7 g7f5 h3f5 g6f5 g5g6 d8e7 b7c7 e7f8 c7d6 f5f4 d6c5 f4f3
info depth 14 score cp 220 nodes 453098 nps 451493 time 1003 pv c7d8 a6b5 d8e7 h3g2 g7f5 g2e4 f5h4 b5a4 e7d7 a4b3 h4f5 b3c3 h5h4 e4f5 g6f5
info depth 15 score cp 225 nodes 524423 nps 428500 time 1223 pv c7d8 a6b5 d8e7 b5b6 g7f5 b6c7 f5h4 h3f1 h4f5 c7b6 h5h4 b6c6 f5e3 f1d3 e3c4
--- Search Statistics ---
Total Time: 1.22s
Nodes Searched: 560095 (457568 NPS)
- Quiescence Nodes: 35672 (6.4%)
Transposition Table Hits: 52963.0 (9.5%)
Beta Cutoffs: 26014.0
Null Move Cutoffs: 73.0
Futility Pruned: 28828.0
Razoring Used: 4549.0
QS Delta Pruned: 1113.0
QS SEE Pruned: 0
-------------------------

FEN: 8/2k3n1/K2p2p1/2pP2Pp/2P4P/7B/8/8 b - - 1 57
Best move found: c7d8
Score: 225
rating: 2191
theme: crushing endgame short

Test PASSED: The engine found the correct move (c7d8).
8 tests completed.
----------------------------------------
New game started. Caches and stats cleared.
--- Running Test: Lichess Puzzle 002LW ---
FEN: 3r1rk1/1b3pp1/3p4/p3nPPQ/4P3/3q1BN1/8/2R2RK1 w - - 2 29
info depth 1 score cp -144 nodes 143 nps 182139 time 0 pv f5f6
info depth 2 score cp -197 nodes 1270 nps 277725 time 4 pv g1h1 a5a4
info depth 3 score cp -188 nodes 5618 nps 287525 time 19 pv g1h1 d8c8 c1d1
info depth 4 score cp -129 nodes 9241 nps 292622 time 31 pv g1h1 e5f3 f1f3 d3d2
info depth 5 score cp -183 nodes 40720 nps 275824 time 147 pv f5f6 g7g6 h5h6 d3e3 g1h1 e5f3
info depth 6 score cp -41 nodes 114466 nps 234028 time 489 pv f5f6 d3d2 f3e2 d8c8 c1d1 d2c3
info depth 7 score cp -33 nodes 191832 nps 243929 time 786 pv f5f6 g7f6 g5f6 d3e3 g1h1 f8e8 g3f5 e3d2
info depth 8 score cp -3 nodes 559223 nps 248494 time 2250 pv f5f6 b7c8 g1h1 g7f6 g5f6 d3d2 g3f5 d8e8
--- Search Statistics ---
Total Time: 2.25s
Nodes Searched: 716236 (318236 NPS)
- Quiescence Nodes: 157013 (21.9%)
Transposition Table Hits: 26175.0 (3.7%)
Beta Cutoffs: 38378.0
Null Move Cutoffs: 1917.0
Futility Pruned: 185981.0
Razoring Used: 1621.0
QS Delta Pruned: 63728.0
QS SEE Pruned: 0
-------------------------

FEN: 3r1rk1/1b3pp1/3p4/p3nPPQ/4P3/3q1BN1/8/2R2RK1 w - - 2 29
Best move found: f5f6
Score: -3
rating: 2489
theme: advantage middlegame short

Test PASSED: The engine found the correct move (f5f6).
9 tests completed.
----------------------------------------
New game started. Caches and stats cleared.
--- Running Test: Lichess Puzzle 005f3 ---
FEN: r5k1/2p1pp2/pp4p1/1q5r/5P2/2QP2R1/PP6/1K4R1 w - - 1 33
info depth 1 score cp 97 nodes 138 nps 165754 time 0 pv c3e1
info depth 2 score cp -70 nodes 901 nps 224610 time 4 pv g3g5 h5g5
info depth 3 score cp -6 nodes 5798 nps 261867 time 22 pv c3c7 h5h2 g1g2
info depth 4 score cp -109 nodes 12916 nps 142847 time 90 pv c3c7 a8e8 c7c4 b5c4
info depth 5 score cp -33 nodes 26244 nps 188001 time 139 pv c3c7 g8f8 c7b7 a8d8 g1e1
info depth 6 score cp -112 nodes 127902 nps 252683 time 506 pv c3c7 a8e8 d3d4 h5h2 g3b3 b5e2
info depth 7 score cp -127 nodes 476595 nps 271184 time 1757 pv c3c7 h5h2 c7c3 a8d8 b1a1 b5c5 g1e1
--- Search Statistics ---
Total Time: 1.76s
Nodes Searched: 612601 (348541 NPS)
- Quiescence Nodes: 136006 (22.2%)
Transposition Table Hits: 10957.0 (1.8%)
Beta Cutoffs: 27236.0
Null Move Cutoffs: 919.0
Futility Pruned: 123381.0
Razoring Used: 1206.0
QS Delta Pruned: 33273.0
QS SEE Pruned: 0
-------------------------

FEN: r5k1/2p1pp2/pp4p1/1q5r/5P2/2QP2R1/PP6/1K4R1 w - - 1 33
Best move found: c3c7
Score: -127
rating: 1986
theme: crushing endgame sacrifice veryLong

Test FAILED: The engine suggested c3c7, but the correct move is g3g6.
10 tests completed.
----------------------------------------
New game started. Caches and stats cleared.
--- Running Test: Lichess Puzzle 005wy ---
FEN: 1r6/pp2kppQ/2n1p1n1/3p2P1/5P2/2PqP3/PP1N4/2KR3R b - - 4 27
info depth 1 score cp -238 nodes 145 nps 219874 time 0 pv b8h8
info depth 2 score cp -231 nodes 933 nps 278743 time 3 pv b8h8 h7g7
info depth 3 score mate 2 nodes 1648 nps 180461 time 9 pv c6b4 h7g7 b4a2
--- Search Statistics ---
Total Time: 0.01s
Nodes Searched: 2639 (286584 NPS)
- Quiescence Nodes: 991 (37.6%)
Transposition Table Hits: 52.0 (2.0%)
Beta Cutoffs: 158.0
Null Move Cutoffs: 0.0
Futility Pruned: 815.0
Razoring Used: 3.0
QS Delta Pruned: 442.0
QS SEE Pruned: 0
-------------------------

FEN: 1r6/pp2kppQ/2n1p1n1/3p2P1/5P2/2PqP3/PP1N4/2KR3R b - - 4 27
Best move found: c6b4
Score: 29997
rating: 1842
theme: long mate mateIn3 middlegame queensideAttack sacrifice

Test PASSED: The engine found the correct move (c6b4).
11 tests completed.
----------------------------------------
New game started. Caches and stats cleared.
--- Running Test: Lichess Puzzle 005yO ---
FEN: r1r2k2/ppq3bQ/4p2p/4n3/3p4/2P5/PBB2PPP/4R1K1 w - - 3 25
info depth 1 score cp -77 nodes 64 nps 110376 time 0 pv c2g6
info depth 2 score cp -396 nodes 401 nps 162159 time 2 pv c2g6 d4c3
info depth 3 score cp -201 nodes 3094 nps 229949 time 13 pv f2f4 e5c4 e1e6
info depth 4 score cp -186 nodes 10299 nps 230244 time 44 pv b2a3 f8f7 c2b3 e5c4 c3d4
info depth 5 score cp -245 nodes 48218 nps 243326 time 198 pv b2c1 d4d3 c1h6 e5f3 g2f3 d3c2
info depth 6 score cp -172 nodes 186013 nps 251722 time 738 pv e1e4 c7f7 b2a3 f8e8 c2a4 e5c6 a4c6 c8c6 c3d4
info depth 7 score cp -230 nodes 337022 nps 244861 time 1376 pv e1e4 c7a5 e4f4 e5f7 c2g6 c8c7 g6f7 c7f7
--- Search Statistics ---
Total Time: 1.38s
Nodes Searched: 435083 (316068 NPS)
- Quiescence Nodes: 98061 (22.5%)
Transposition Table Hits: 12849.0 (3.0%)
Beta Cutoffs: 24369.0
Null Move Cutoffs: 465.0
Futility Pruned: 176303.0
Razoring Used: 260.0
QS Delta Pruned: 45932.0
QS SEE Pruned: 0
-------------------------

FEN: r1r2k2/ppq3bQ/4p2p/4n3/3p4/2P5/PBB2PPP/4R1K1 w - - 3 25
Best move found: e1e4
Score: -230
rating: 2793
theme: advantage exposedKing middlegame quietMove veryLong

Test FAILED: The engine suggested e1e4, but the correct move is b2a3.
12 tests completed.
----------------------------------------
New game started. Caches and stats cleared.
--- Running Test: Lichess Puzzle 0068D ---
FEN: 7r/pppk4/2pN1r2/8/3P2p1/2P5/PP2RPP1/4R1K1 b - - 0 26
info depth 1 score cp -82 nodes 12 nps 37560 time 0 pv c7d6
info depth 2 score cp -250 nodes 126 nps 118228 time 1 pv c7d6 e2e7 d7c8
info depth 3 score cp -230 nodes 864 nps 252359 time 3 pv d7d6 e2e5 f6f4
info depth 4 score cp -280 nodes 2693 nps 286093 time 9 pv d7d6 e2e4 h8h4 e4e5
info depth 5 score cp -241 nodes 11057 nps 324712 time 34 pv d7d6 e2e4 f6h6 f2f4 g4f3
info depth 6 score cp -230 nodes 24716 nps 332562 time 74 pv d7d6 e2e4 f6h6 f2f4 h6h1 g1f2 h1h2
info depth 7 score cp -137 nodes 82363 nps 376582 time 218 pv f6h6 f2f3 g4f3 e2e7 d7d6 g1f2 f3g2 f2g2
info depth 8 score cp 343 nodes 116247 nps 290055 time 400 pv f6h6 e2e7 d7d6 f2f4 g4g3 g1f1 h6h1 f1e2 h1e1 e2e1 h8h1 e1d2
info depth 9 score cp 343 nodes 123731 nps 293545 time 421 pv f6h6 e2e7 d7d6 f2f4 g4g3 g1f1 h6h1 f1e2 h1e1 e2e1 h8h1 e1d2 d6e7
info depth 10 score cp 372 nodes 143654 nps 300299 time 478 pv f6h6 e2e7 d7d6 f2f4 g4g3 g1f1 h6h1 f1e2 h1e1 e2e1 d6e7 c3c4 e7e6
info depth 11 score cp 353 nodes 297277 nps 333575 time 891 pv f6h6 e2e7 d7d6 f2f4 g4g3 g1f1 h6h1 f1e2 h1e1 e2e1 d6e7 e1e2 h8h2 e2f3
info depth 12 score cp 403 nodes 487705 nps 349658 time 1394 pv f6h6 e2e7 d7d6 f2f4 g4g3 g1f1 h6h1 f1e2 h1e1 e2e1 d6e7 e1e2 e7e6 e2f3 h8g8
--- Search Statistics ---
Total Time: 1.40s
Nodes Searched: 609668 (437032 NPS)
- Quiescence Nodes: 121963 (20.0%)
Transposition Table Hits: 31135.0 (5.1%)
Beta Cutoffs: 42276.0
Null Move Cutoffs: 11104.0
Futility Pruned: 225587.0
Razoring Used: 5323.0
QS Delta Pruned: 50425.0
QS SEE Pruned: 0
-------------------------

FEN: 7r/pppk4/2pN1r2/8/3P2p1/2P5/PP2RPP1/4R1K1 b - - 0 26
Best move found: f6h6
Score: 403
rating: 1901
theme: crushing endgame veryLong

Test PASSED: The engine found the correct move (f6h6).
13 tests completed.
----------------------------------------
New game started. Caches and stats cleared.
--- Running Test: Lichess Puzzle 007eS ---
FEN: 6k1/p4p2/1p5p/4r3/P3B3/1P2KP2/2P3PP/8 b - - 1 29
info depth 1 score cp 10 nodes 42 nps 126280 time 0 pv f7f5
info depth 2 score cp -60 nodes 246 nps 309477 time 0 pv f7f5 b3b4
info depth 3 score cp -17 nodes 2245 nps 572309 time 3 pv e5h5 h2h3 f7f5
info depth 4 score cp -97 nodes 5382 nps 565757 time 9 pv e5h5 h2h3 f7f5 e4d5 g8h7
info depth 5 score cp -57 nodes 10588 nps 572816 time 18 pv e5h5 h2h3 a7a5 f3f4 f7f5
info depth 6 score cp -110 nodes 45025 nps 543333 time 82 pv e5c5 f3f4 c5c3 e3d4 c3c8 g2g4 a7a5
info depth 7 score cp -81 nodes 144276 nps 550160 time 262 pv e5h5 h2h3 a7a5 f3f4 g8g7 f4f5 h5g5
info depth 8 score cp -114 nodes 289763 nps 536642 time 539 pv h6h5 b3b4 e5e6 e3f4 e6d6 g2g4 h5h4 f4e3
info depth 9 score cp 113 nodes 462888 nps 421581 time 1097 pv f7f5 h2h4 f5e4 f3e4 g8f7 e3d4 e5c5 c2c3 f7e6
info depth 10 score cp 113 nodes 571599 nps 413563 time 1382 pv f7f5 h2h4 g8f7 e3f4 f5e4 f3e4
--- Search Statistics ---
Total Time: 1.38s
Nodes Searched: 677870 (490391 NPS)
- Quiescence Nodes: 106271 (15.7%)
Transposition Table Hits: 28563.0 (4.2%)
Beta Cutoffs: 44162.0
Null Move Cutoffs: 823.0
Futility Pruned: 99619.0
Razoring Used: 13506.0
QS Delta Pruned: 6744.0
QS SEE Pruned: 0
-------------------------

FEN: 6k1/p4p2/1p5p/4r3/P3B3/1P2KP2/2P3PP/8 b - - 1 29
Best move found: f7f5
Score: 113
rating: 1230
theme: advantage endgame short

Test PASSED: The engine found the correct move (f7f5).
14 tests completed.
----------------------------------------
New game started. Caches and stats cleared.
--- Running Test: Lichess Puzzle 009De ---
FEN: r1q4r/2p1kP2/3p4/2pPp3/p1P1Pb2/P1NB3P/1P3K2/R2Q1R2 b - - 0 23
info depth 1 score cp -391 nodes 49 nps 90938 time 0 pv e7f7
info depth 2 score cp -391 nodes 245 nps 165582 time 1 pv e7f7 c3a4
info depth 3 score cp -391 nodes 2459 nps 242757 time 10 pv e7f7 c3a4 c8h3
info depth 4 score cp -368 nodes 20439 nps 296890 time 68 pv c8h3 f2e1 h3g3 f1f2 e7f7
info depth 5 score cp -327 nodes 40248 nps 281020 time 143 pv c8h3 f2e1 h3g3 f1f2 f4e3 f7f8b h8f8
info depth 6 score cp -143 nodes 62070 nps 211512 time 293 pv c8h3 f2e1 h3g3 f1f2 f4e3 d1f3 e3f2 f3f2
info depth 7 score cp -120 nodes 107266 nps 222377 time 482 pv c8h3 f2e1 h3g3 f1f2 f4e3 d1f3 e3f2 f3f2 h8h1 d3f1
info depth 8 score cp -120 nodes 191470 nps 231598 time 826 pv c8h3 f2e1 h3g3 f1f2 f4e3 d1f3 e3f2 f3f2 h8h1 d3f1 g3f2 e1f2
info depth 9 score cp -22 nodes 715680 nps 238763 time 2997 pv c8h3 d1f3 h3h2 f3g2 f4e3 f2f3 h8h3 g2h3 h2h3 f3e2 e3d4 f7f8b a8f8 c3a4
--- Search Statistics ---
Total Time: 3.00s
Nodes Searched: 912813 (304511 NPS)
- Quiescence Nodes: 197133 (21.6%)
Transposition Table Hits: 22625.0 (2.5%)
Beta Cutoffs: 55090.0
Null Move Cutoffs: 7179.0
Futility Pruned: 341830.0
Razoring Used: 3668.0
QS Delta Pruned: 102763.0
QS SEE Pruned: 0
-------------------------

FEN: r1q4r/2p1kP2/3p4/2pPp3/p1P1Pb2/P1NB3P/1P3K2/R2Q1R2 b - - 0 23
Best move found: c8h3
Score: -22
rating: 2000
theme: advantage exposedKing middlegame veryLong

Test PASSED: The engine found the correct move (c8h3).
15 tests completed.
----------------------------------------
New game started. Caches and stats cleared.
--- Running Test: Lichess Puzzle 00AHY ---
FEN: r6k/3NR1p1/4n2p/5b1P/p7/6R1/8/6K1 b - - 0 43
info depth 1 score cp 143 nodes 97 nps 198365 time 0 pv h8g8
info depth 2 score cp 120 nodes 560 nps 359090 time 1 pv e6f4 d7f6
info depth 3 score cp 268 nodes 1094 nps 204390 time 5 pv a4a3 d7e5 a3a2
info depth 4 score cp 311 nodes 3113 nps 283155 time 10 pv a4a3 d7e5 a3a2 e5f7 h8h7
info depth 5 score cp 317 nodes 8295 nps 333113 time 24 pv a4a3 g3f3 a3a2 f3f5 a2a1q f5f1
info depth 6 score cp 317 nodes 17714 nps 344371 time 51 pv a4a3 g3f3 e6d4 f3g3 d4e6
info depth 7 score cp 565 nodes 92671 nps 298230 time 310 pv a4a3 g3f3 a3a2 f3f1 a2a1q e7e8 e6f8 f1a1
info depth 8 score cp 496 nodes 232047 nps 346732 time 669 pv a4a3 g3a3 a8a3 e7e8 h8h7 e8e6 a3a1 g1f2 a1a2 e6e2 a2e2 f2e2
info depth 9 score cp 496 nodes 244223 nps 349169 time 699 pv a4a3 g3a3 a8a3 e7e8 h8h7 e8e6 a3a1 g1f2 a1a2 e6e2 a2e2 f2e2 f5d7
info depth 10 score cp 517 nodes 284690 nps 358191 time 794 pv a4a3 g3a3 a8a3 e7e8 h8h7 e8e6 a3a1 g1f2 f5g4 f2g3 a1g1 g3f2 g4e6
info depth 11 score cp 452 nodes 945146 nps 380339 time 2485 pv a4a3 g3a3 a8a3 e7e8 h8h7 e8e6 f5e6 d7f8 h7g8 f8e6 a3h3 e6f4 h3f3
--- Search Statistics ---
Total Time: 2.49s
Nodes Searched: 1218737 (490401 NPS)
- Quiescence Nodes: 273591 (22.4%)
Transposition Table Hits: 52651.0 (4.3%)
Beta Cutoffs: 72451.0
Null Move Cutoffs: 9821.0
Futility Pruned: 249829.0
Razoring Used: 8145.0
QS Delta Pruned: 31208.0
QS SEE Pruned: 0
-------------------------

FEN: r6k/3NR1p1/4n2p/5b1P/p7/6R1/8/6K1 b - - 0 43
Best move found: a4a3
Score: 452
rating: 1371
theme: advantage endgame long

Test PASSED: The engine found the correct move (a4a3).
16 tests completed.
----------------------------------------
New game started. Caches and stats cleared.
--- Running Test: Original Puzzle ---
FEN: 5qk1/2n2ppp/5b2/pp1r4/5Q2/PB2R3/3B1PPP/6K1 w - - 0 1
info depth 1 score cp 185 nodes 60 nps 112952 time 0 pv d2a5
info depth 2 score cp 449 nodes 363 nps 142519 time 2 pv d2a5 c7e6
info depth 3 score cp 359 nodes 1885 nps 235326 time 8 pv d2a5 f6e5 e3e5
info depth 4 score cp 189 nodes 5172 nps 196734 time 26 pv f4c7 d5d2 c7a5 d2d7
info depth 5 score cp 395 nodes 24995 nps 214886 time 116 pv f4c7 f6d8 c7c3 b5b4 a3b4
info depth 6 score cp 365 nodes 45021 nps 236292 time 190 pv f4c7 f6d8 c7c3 d5d7 e3e4 g8h8
info depth 7 score cp 355 nodes 104116 nps 247937 time 419 pv f4c7 f6d8 c7c3 d5d2 c3d2 d8g5 d2a5
info depth 8 score cp 392 nodes 214138 nps 258816 time 827 pv f4c7 f6d8 c7a7 d5f5 d2a5 d8a5 a7a5 f5c5
--- Search Statistics ---
Total Time: 3.00s
Nodes Searched: 295340 (98305 NPS)
- Quiescence Nodes: 81202 (27.5%)
Transposition Table Hits: 7567.0 (2.6%)
Beta Cutoffs: 14791.0
Null Move Cutoffs: 1060.0
Futility Pruned: 147314.0
Razoring Used: 581.0
QS Delta Pruned: 30287.0
QS SEE Pruned: 0
-------------------------

FEN: 5qk1/2n2ppp/5b2/pp1r4/5Q2/PB2R3/3B1PPP/6K1 w - - 0 1
Best move found: f4c7
Score: 392
rating: 1500
theme: Original Puzzle

Test PASSED: The engine found the correct move (f4c7).
17 tests completed.
----------------------------------------
New game started. Caches and stats cleared.
--- Running Test: New Puzzle - Queen Sacrifice ---
FEN: 5qk1/2Q2ppp/5b2/pp6/8/PB2R3/3r1PPP/6K1 w - - 0 1
info depth 1 score cp 28 nodes 54 nps 150994 time 0 pv c7a5
info depth 2 score cp 189 nodes 320 nps 191986 time 1 pv c7a5 d2d7
info depth 3 score mate 2 nodes 422 nps 66471 time 6 pv c7f7 f8f7 e3e8
--- Search Statistics ---
Total Time: 0.01s
Nodes Searched: 649 (100680 NPS)
- Quiescence Nodes: 227 (35.0%)
Transposition Table Hits: 53.0 (8.2%)
Beta Cutoffs: 11.0
Null Move Cutoffs: 0.0
Futility Pruned: 131.0
Razoring Used: 2.0
QS Delta Pruned: 21.0
QS SEE Pruned: 0
-------------------------

FEN: 5qk1/2Q2ppp/5b2/pp6/8/PB2R3/3r1PPP/6K1 w - - 0 1
Best move found: c7f7
Score: 29997
rating: 1600
theme: queen sacrifice

Test PASSED: The engine found the correct move (c7f7).
18 tests completed.
----------------------------------------
New game started. Caches and stats cleared.
--- Running Test: Lichess Puzzle 8 ---
FEN: r6k/pp2r2p/4Rp1Q/3p4/8/1N1P2b1/PqP3PP/7K w - - 0 25
info depth 1 score cp 274 nodes 66 nps 111893 time 0 pv e6e7
info depth 2 score cp 271 nodes 305 nps 163609 time 1 pv e6e7 b2b1 b3c1
info depth 3 score cp 428 nodes 1245 nps 159233 time 7 pv e6e7 a8g8 h2g3
info depth 4 score cp 536 nodes 3703 nps 163810 time 22 pv e6e7 f6f5 h2g3 b2b1 b3c1
info depth 5 score cp 986 nodes 8399 nps 153770 time 54 pv e6e7 b2b1 b3c1 b1c1 h6c1 g3h4 e7b7
info depth 6 score cp 860 nodes 11488 nps 160063 time 71 pv e6e7 b2b1 b3c1 b1c1 h6c1 g3h4 e7b7 h4g5
info depth 7 score cp 939 nodes 24618 nps 204562 time 120 pv e6e7 b2b1 b3c1 b1c1 h6c1 g3d6 e7d7 d6e5 d7d5
info depth 8 score cp 860 nodes 32587 nps 140771 time 231 pv e6e7 b2b1 b3c1 b1c1 h6c1 g3d6 e7d7 d6b4 d7d5 b4f8
info depth 9 score cp 989 nodes 79921 nps 186378 time 428 pv e6e7 b2b1 b3c1 b1c1 h6c1 g3d6 e7d7 d6e5 c1h6 a8g8 d7b7
info depth 10 score cp 907 nodes 189357 nps 146889 time 1289 pv e6e7 b2b1 b3c1 b1c1 h6c1 g3d6 e7d7 d6f8 c1f1 a8e8 d7b7 f8e7
--- Search Statistics ---
Total Time: 1.29s
Nodes Searched: 256513 (198958 NPS)
- Quiescence Nodes: 67156 (26.2%)
Transposition Table Hits: 8808.0 (3.4%)
Beta Cutoffs: 19396.0
Null Move Cutoffs: 1944.0
Futility Pruned: 99210.0
Razoring Used: 987.0
QS Delta Pruned: 37608.0
QS SEE Pruned: 0
-------------------------

FEN: r6k/pp2r2p/4Rp1Q/3p4/8/1N1P2b1/PqP3PP/7K w - - 0 25
Best move found: e6e7
Score: 907
rating: 1736
theme: crushing hangingPiece long middlegame

Test PASSED: The engine found the correct move (e6e7).
19 tests completed.
----------------------------------------
New game started. Caches and stats cleared.
--- Running Test: Lichess Puzzle 0000D ---
FEN: 5rk1/1p3ppp/pq1Q1b2/8/8/1P3N2/P4PPP/3R2K1 b - - 3 27
info depth 1 score cp 14 nodes 58 nps 145235 time 0 pv b6d6
info depth 2 score cp 384 nodes 258 nps 147108 time 1 pv f8d8 d6d7
info depth 3 score cp 384 nodes 651 nps 200197 time 3 pv f8d8 d6d7 d8d7
info depth 4 score cp -28 nodes 5458 nps 296040 time 18 pv b6d8 d1d2 f6g5 f3g5
info depth 5 score cp 381 nodes 12742 nps 234189 time 54 pv f8d8 d6d8 f6d8 d1d7 d8f6 h2h4
info depth 6 score cp 422 nodes 21991 nps 277941 time 79 pv f8d8 d6d8 f6d8 d1d7 d8c7 h2h3 c7d6
info depth 7 score cp 398 nodes 44492 nps 335947 time 132 pv f8d8 d6d8 f6d8 d1e1 b6c6 f3d4 c6d7 e1e4
info depth 8 score cp 436 nodes 99452 nps 381483 time 260 pv f8d8 d6d8 f6d8 d1e1 b6c6 f3d4 c6d7 d4f3 d8f6
info depth 9 score cp 418 nodes 141669 nps 384336 time 368 pv f8d8 d6d8 f6d8 d1e1 b6c6 f3d4 c6d7 d4f5 d8f6 g2g4
info depth 10 score cp 447 nodes 611121 nps 429838 time 1421 pv f8d8 d6d8 f6d8 d1e1 b6c6 f3e5 c6e6 e5f3 e6d7 b3b4 d8b6
--- Search Statistics ---
Total Time: 1.42s
Nodes Searched: 719834 (506227 NPS)
- Quiescence Nodes: 108713 (15.1%)
Transposition Table Hits: 17437.0 (2.4%)
Beta Cutoffs: 31358.0
Null Move Cutoffs: 3585.0
Futility Pruned: 85387.0
Razoring Used: 7030.0
QS Delta Pruned: 6803.0
QS SEE Pruned: 0
-------------------------

FEN: 5rk1/1p3ppp/pq1Q1b2/8/8/1P3N2/P4PPP/3R2K1 b - - 3 27
Best move found: f8d8
Score: 447
rating: 1513
theme: advantage endgame short

Test PASSED: The engine found the correct move (f8d8).
20 tests completed.
----------------------------------------
New game started. Caches and stats cleared.
--- Running Test: Lichess Puzzle 000Vc ---
FEN: 8/8/4k1p1/2KpP2P/5P2/8/8/8 b - - 0 53
info depth 1 score cp 714 nodes 3 nps 10951 time 0 pv g6h5
info depth 2 score cp 357 nodes 33 nps 65443 time 0 pv g6h5 f4f5 e6f7
info depth 3 score cp 790 nodes 106 nps 138892 time 0 pv g6h5 c5d4 h5h4
info depth 4 score cp 455 nodes 179 nps 157001 time 1 pv g6h5 c5d4 h5h4 f4f5 e6f7
info depth 5 score cp 455 nodes 399 nps 237480 time 1 pv g6h5 c5d4 h5h4 f4f5 e6f7 d4d5
info depth 6 score cp 652 nodes 939 nps 283668 time 3 pv g6h5 c5d4 h5h4 d4c5 d5d4 c5d4
info depth 7 score cp 590 nodes 1505 nps 336339 time 4 pv g6h5 c5d4 h5h4 f4f5 e6f5 d4e3 d5d4 e3f3 f5e5
info depth 8 score cp 578 nodes 2541 nps 394920 time 6 pv g6h5 c5d4 h5h4 f4f5 e6e7 d4d5 h4h3 f5f6 e7f7 d5d6
info depth 9 score cp 721 nodes 4073 nps 300536 time 13 pv g6h5 c5d4 h5h4 f4f5 e6e7 d4d5 h4h3 e5e6 h3h2 d5e5
info depth 10 score cp 601 nodes 6178 nps 344154 time 17 pv g6h5 c5d4 h5h4 f4f5 e6e7 d4d5 h4h3 e5e6 h3h2 f5f6 e7f8 d5d6
info depth 11 score cp 540 nodes 8134 nps 381885 time 21 pv g6h5 c5d4 h5h4 f4f5 e6e7 d4d5 h4h3 e5e6 e7e8 d5e5 e8e7 f5f6 e7f8
info depth 12 score cp 476 nodes 20898 nps 460982 time 45 pv g6h5 c5d4 h5h4 f4f5 e6e7 d4d5 h4h3 e5e6 e7e8 d5e5 h3h2 e5f6 e8f8
info depth 13 score cp 500 nodes 33011 nps 492439 time 67 pv g6h5 c5d4 h5h4 f4f5 e6e7 d4d5 h4h3 e5e6 h3h2 d5e5 h2h1q f5f6 e7e8 e5d6 h1h2 d6d5
info depth 14 score cp 516 nodes 47852 nps 505906 time 94 pv g6h5 c5d4 h5h4 f4f5 e6e7 d4d5 h4h3 e5e6 h3h2 d5e5 h2h1q f5f6 e7e8 e6e7 h1e1 e5f5 e8f7
info depth 15 score cp 607 nodes 87731 nps 261501 time 335 pv g6h5 c5d4 h5h4 f4f5 e6f5 d4d5 h4h3 e5e6 h3h2 d5d6 h2h1q e6e7 h1e4 d6d7 e4a4 d7c7 f5e6
info depth 16 score cp 639 nodes 655689 nps 473234 time 1385 pv g6h5 c5d4 h5h4 f4f5 e6e7 d4d5 h4h3 f5f6 e7f8 d5e6 h3h2 e6d7 h2h1q d7d6 h1d1 d6c5 f8f7 c5c4 f7e6
--- Search Statistics ---
Total Time: 1.39s
Nodes Searched: 689903 (497857 NPS)
- Quiescence Nodes: 34214 (5.0%)
Transposition Table Hits: 42202.0 (6.1%)
Beta Cutoffs: 27569.0
Null Move Cutoffs: 717.0
Futility Pruned: 20235.0
Razoring Used: 9709.0
QS Delta Pruned: 2589.0
QS SEE Pruned: 0
-------------------------

FEN: 8/8/4k1p1/2KpP2P/5P2/8/8/8 b - - 0 53
Best move found: g6h5
Score: 639
rating: 1495
theme: crushing endgame long pawnEndgame

Test PASSED: The engine found the correct move (g6h5).
21 tests completed.
----------------------------------------
New game started. Caches and stats cleared.
--- Running Test: Lichess Puzzle 000Zo ---
FEN: 4r3/1k6/pp3P2/1b5p/3R1p2/P1R2P2/1P4PP/6K1 b - - 0 35
info depth 1 score cp -722 nodes 67 nps 177522 time 0 pv e8e2
info depth 2 score mate 2 nodes 100 nps 135737 time 0 pv e8e1 g1f2 e1f1
--- Search Statistics ---
Total Time: 0.00s
Nodes Searched: 152 (194488 NPS)
- Quiescence Nodes: 52 (34.2%)
Transposition Table Hits: 2.0 (1.3%)
Beta Cutoffs: 1.0
Null Move Cutoffs: 0.0
Futility Pruned: 44.0
Razoring Used: 0.0
QS Delta Pruned: 4.0
QS SEE Pruned: 0
-------------------------

FEN: 4r3/1k6/pp3P2/1b5p/3R1p2/P1R2P2/1P4PP/6K1 b - - 0 35
Best move found: e8e1
Score: 29997
rating: 1652
theme: endgame mate mateIn2 short

Test PASSED: The engine found the correct move (e8e1).
22 tests completed.
----------------------------------------
New game started. Caches and stats cleared.
--- Running Test: Lichess Puzzle 000rO ---
FEN: 3R4/8/8/KB2b3/1p6/1P2k3/3p4/8 b - - 0 58
info depth 1 score cp 438 nodes 38 nps 106397 time 0 pv e5c7 a5b4
info depth 2 score cp 438 nodes 91 nps 143381 time 0 pv e5c7 a5b4 c7d8
info depth 3 score cp 857 nodes 269 nps 129003 time 2 pv e5c7 a5b4 c7d8 b5e2
info depth 4 score cp 857 nodes 906 nps 266333 time 3 pv e5c7 a5b4 c7d8 b5e2 e3e2
info depth 5 score cp 813 nodes 1635 nps 227339 time 7 pv e5c7 a5b4
info depth 6 score cp 938 nodes 5187 nps 301624 time 17 pv e5c7 a5b4 c7d8 b4c4 d2d1q b3b4 e3f4
info depth 7 score cp 958 nodes 15459 nps 378763 time 40 pv e5c7 a5b4 c7d8 b5c4 d8e7 b4b5 d2d1q b3b4 d1d4
info depth 8 score cp 988 nodes 33009 nps 399101 time 82 pv e5c7 a5b4 c7d8 b5c4 d2d1q b4c5 d8e7 c5b5 d1d7 b5b6 e3f3
info depth 9 score cp 1002 nodes 67780 nps 402323 time 168 pv e5c7 a5b4 c7d8 b5c4 d2d1q b4c5 d1d4 c5b4 d8f6 b4a3 d4e4
info depth 10 score cp 1002 nodes 106347 nps 389587 time 272 pv e5c7 a5b4 c7d8 b5c4 d2d1q b4c5 d1d7 c5b4 d7d1
--- Search Statistics ---
Total Time: 3.00s
Nodes Searched: 130227 (43397 NPS)
- Quiescence Nodes: 23880 (18.3%)
Transposition Table Hits: 8561.0 (6.6%)
Beta Cutoffs: 10404.0
Null Move Cutoffs: 1765.0
Futility Pruned: 40044.0
Razoring Used: 1932.0
QS Delta Pruned: 2802.0
QS SEE Pruned: 0
-------------------------

FEN: 3R4/8/8/KB2b3/1p6/1P2k3/3p4/8 b - - 0 58
Best move found: e5c7
Score: 1002
rating: 1039
theme: crushing endgame fork short

Test PASSED: The engine found the correct move (e5c7).
23 tests completed.
----------------------------------------
New game started. Caches and stats cleared.
--- Running Test: Lichess Puzzle 000tp ---
FEN: 4r3/5pk1/1Q3np1/3p3p/2q5/P4N1P/1P3RP1/7K b - - 0 34
info depth 1 score cp 66 nodes 100 nps 109626 time 0 pv f6e4
info depth 2 score cp 50 nodes 592 nps 179344 time 3 pv f6e4 b2b4
info depth 3 score cp 163 nodes 2007 nps 159009 time 12 pv f6e4 h1g1 e4f2
info depth 4 score cp 163 nodes 4170 nps 171005 time 24 pv f6e4 h1g1 e4f2 b6f2
info depth 5 score cp 218 nodes 12300 nps 184303 time 66 pv f6e4 f3d2 c4c1 d2f1 e4f2 b6f2 c1e1
info depth 6 score cp 223 nodes 47198 nps 212287 time 222 pv f6e4 b2b4 c4c1 f3g1 e4f2 b6f2 e8a8 f2d4 f7f6
info depth 7 score cp 188 nodes 136768 nps 215023 time 636 pv f6e4 g2g3 e4f2 b6f2 e8e2 f2f1 c4d3 b2b4
info depth 8 score cp 247 nodes 297221 nps 210762 time 1410 pv f6e4 f3g1 e4f2 b6f2 d5d4 b2b4 e8e4 h3h4 e4g4
--- Search Statistics ---
Total Time: 1.41s
Nodes Searched: 371678 (263488 NPS)
- Quiescence Nodes: 74457 (20.0%)
Transposition Table Hits: 12735.0 (3.4%)
Beta Cutoffs: 24678.0
Null Move Cutoffs: 2180.0
Futility Pruned: 106060.0
Razoring Used: 5141.0
QS Delta Pruned: 11678.0
QS SEE Pruned: 0
-------------------------

FEN: 4r3/5pk1/1Q3np1/3p3p/2q5/P4N1P/1P3RP1/7K b - - 0 34
Best move found: f6e4
Score: 247
rating: 2051
theme: crushing endgame short trappedPiece

Test PASSED: The engine found the correct move (f6e4).
24 tests completed.
----------------------------------------
New game started. Caches and stats cleared.
--- Running Test: Lichess Puzzle 0018S ---
FEN: 2kr3r/p4p2/1p2p2p/1N1p2p1/3Q4/1P1P4/2q2PPP/5RK1 w - - 0 21
info depth 1 score cp -354 nodes 275 nps 133175 time 2 pv f1a1
info depth 2 score cp -320 nodes 1299 nps 144784 time 8 pv f1e1 c2b3
info depth 3 score cp -280 nodes 5610 nps 153328 time 36 pv b5d6 c8d7 d6f7 h8f8
info depth 4 score cp -271 nodes 11055 nps 159265 time 69 pv b5d6 d8d6 d4h8 c8b7 h8e5 b7c7
info depth 5 score cp -205 nodes 19050 nps 162425 time 117 pv b5d6 d8d6 d4h8 c8b7 h8e5 d6d7 f1a1
info depth 6 score cp -227 nodes 45584 nps 193228 time 235 pv b5d6 d8d6 d4h8 c8b7 h8f6 d6d7 f1a1 e6e5
info depth 7 score cp -177 nodes 130240 nps 194438 time 669 pv b5d6 d8d6 d4h8 c8b7 h8h6 c2b3 h6g5 d6d7 d3d4
info depth 8 score cp 61 nodes 289748 nps 100471 time 2883 pv d4a1 c8b8 f1c1 c2c1 a1c1 d8c8 c1a1 c8d8 b5d4
--- Search Statistics ---
Total Time: 2.88s
Nodes Searched: 392058 (135937 NPS)
- Quiescence Nodes: 102310 (26.1%)
Transposition Table Hits: 14981.0 (3.8%)
Beta Cutoffs: 26951.0
Null Move Cutoffs: 1812.0
Futility Pruned: 132310.0
Razoring Used: 3255.0
QS Delta Pruned: 30016.0
QS SEE Pruned: 0
-------------------------

FEN: 2kr3r/p4p2/1p2p2p/1N1p2p1/3Q4/1P1P4/2q2PPP/5RK1 w - - 0 21
Best move found: d4a1
Score: 61
rating: 2652
theme: advantage endgame pin short

Test PASSED: The engine found the correct move (d4a1).
25 tests completed.
----------------------------------------
New game started. Caches and stats cleared.
--- Running Test: Lichess Puzzle 001Wz ---
FEN: 6k1/5ppp/r1p5/p1n1rP2/8/2P2N1P/2P3P1/3R2K1 w - - 0 22
info depth 1 score mate 1 nodes 11 nps 18732 time 0 pv d1d8 e5e8
--- Search Statistics ---
Total Time: 0.00s
Nodes Searched: 14 (17612 NPS)
- Quiescence Nodes: 3 (21.4%)
Transposition Table Hits: 1.0 (7.1%)
Beta Cutoffs: 0.0
Null Move Cutoffs: 0.0
Futility Pruned: 23.0
Razoring Used: 0.0
QS Delta Pruned: 0.0
QS SEE Pruned: 0
-------------------------

FEN: 6k1/5ppp/r1p5/p1n1rP2/8/2P2N1P/2P3P1/3R2K1 w - - 0 22
Best move found: d1d8
Score: 29999
rating: 1128
theme: backRankMate endgame mate mateIn2 short

Test PASSED: The engine found the correct move (d1d8).
26 tests completed.
----------------------------------------
New game started. Caches and stats cleared.
--- Running Test: Lichess Puzzle 001XA ---
FEN: 2r2rk1/pbq1bppp/8/8/2p1N3/P1Bn2P1/2Q2PBP/1R3RK1 w - - 4 24
info depth 1 score cp -101 nodes 157 nps 110729 time 1 pv e4f6 e7f6
info depth 2 score cp -101 nodes 1370 nps 138907 time 9 pv e4f6 e7f6 b1b7
info depth 3 score cp 267 nodes 1567 nps 47660 time 32 pv b1b7 c7b7 e4f6 e7f6
info depth 4 score cp 260 nodes 2620 nps 66135 time 39 pv b1b7 c7b7 e4f6 e7f6 g2b7
info depth 5 score cp 279 nodes 5324 nps 93719 time 56 pv b1b7 c7b7 e4f6 g7f6 g2b7 c8b8
info depth 6 score cp 343 nodes 12100 nps 119499 time 101 pv b1b7 c7b7 e4f6 g7f6 g2b7 c8c7 b7e4
info depth 7 score cp 278 nodes 55485 nps 148473 time 373 pv b1b7 c7b7 e4f6 e7f6 g2b7 c8c7 b7d5 f6c3
info depth 8 score cp 308 nodes 95407 nps 160374 time 594 pv b1b7 c7b7 e4f6 e7f6 g2b7 c8c7 c3f6 g7f6 f1b1
info depth 9 score cp 353 nodes 144875 nps 179740 time 806 pv b1b7 c7b7 e4f6 e7f6 g2b7 f6c3 b7c8 f8c8 c2c3 c8c6
info depth 10 score cp 384 nodes 327303 nps 213869 time 1530 pv b1b7 c7b7 e4f6 e7f6 g2b7 f6c3 b7c8 f8c8 c2c3 c8c7 f1b1
--- Search Statistics ---
Total Time: 1.53s
Nodes Searched: 453106 (296038 NPS)
- Quiescence Nodes: 125803 (27.8%)
Transposition Table Hits: 14729.0 (3.3%)
Beta Cutoffs: 29895.0
Null Move Cutoffs: 6641.0
Futility Pruned: 376609.0
Razoring Used: 682.0
QS Delta Pruned: 86082.0
QS SEE Pruned: 0
-------------------------

FEN: 2r2rk1/pbq1bppp/8/8/2p1N3/P1Bn2P1/2Q2PBP/1R3RK1 w - - 4 24
Best move found: b1b7
Score: 384
rating: 1789
theme: crushing discoveredAttack long master middlegame sacrifice

Test PASSED: The engine found the correct move (b1b7).
27 tests completed.
----------------------------------------
New game started. Caches and stats cleared.
--- Running Test: Lichess Puzzle 001h8 ---
FEN: 2r3k1/2r4p/4p1p1/1p1q1pP1/p2P1P1Q/P6R/4bB2/2R3K1 w - - 6 35
info depth 1 score cp 44 nodes 26 nps 62962 time 0 pv c1e1
info depth 2 score cp 7 nodes 176 nps 126838 time 1 pv c1e1 d5e4
info depth 3 score cp 187 nodes 261 nps 58121 time 4 pv h4h7 c7h7 c1c8 g8g7 c8c7 g7g8
info depth 4 score cp 196 nodes 768 nps 115621 time 6 pv h4h7 c7h7 c1c8 g8g7 c8c7 g7f8 c7h7
info depth 5 score cp 141 nodes 3493 nps 199968 time 17 pv h4h7 c7h7 c1c8 g8g7 c8c7 g7f8 c7c8 f8e7 h3h7 e7d6
info depth 6 score cp 141 nodes 8652 nps 238389 time 36 pv h4h7 c7h7 c1c8 g8g7 c8c7 g7g8 c7c8
info depth 7 score cp 142 nodes 14693 nps 248163 time 59 pv h4h7 c7h7 c1c8 g8g7 c8c7 g7g8 c7h7 e2h5 h3h5 g6h5
info depth 8 score cp 142 nodes 23212 nps 256172 time 90 pv h4h7 c7h7 c1c8 g8g7 c8c7 g7g8 c7h7 e2h5 h3h5 g6h5 h7h5
info depth 9 score cp 142 nodes 59068 nps 277044 time 213 pv h4h7 c7h7 c1c8 g8g7 c8c7 g7g8 c7c8
info depth 10 score cp 142 nodes 115099 nps 274600 time 419 pv h4h7 c7h7 c1c8 g8g7 c8c7 g7g8 c7c8
info depth 11 score cp 142 nodes 163824 nps 279631 time 585 pv h4h7 c7h7 c1c8 g8g7 c8c7 g7g8 c7c8
info depth 12 score cp 142 nodes 344886 nps 294611 time 1170 pv h4h7 c7h7 c1c8 g8g7 c8c7 g7g8 c7c8
--- Search Statistics ---
Total Time: 3.00s
Nodes Searched: 458797 (152875 NPS)
- Quiescence Nodes: 113911 (24.8%)
Transposition Table Hits: 28412.0 (6.2%)
Beta Cutoffs: 40158.0
Null Move Cutoffs: 11665.0
Futility Pruned: 210762.0
Razoring Used: 6876.0
QS Delta Pruned: 34301.0
QS SEE Pruned: 0
-------------------------

FEN: 2r3k1/2r4p/4p1p1/1p1q1pP1/p2P1P1Q/P6R/4bB2/2R3K1 w - - 6 35
Best move found: h4h7
Score: 142
rating: 1801
theme: crushing deflection kingsideAttack long middlegame sacrifice

Test PASSED: The engine found the correct move (h4h7).
28 tests completed.
----------------------------------------
New game started. Caches and stats cleared.
--- Running Test: Lichess Puzzle 001om ---
FEN: 5r1k/pp4pp/5p2/1BbQp1r1/7K/7P/1PP3P1/3R3R b - - 3 26
info depth 1 score mate 1 nodes 52 nps 86003 time 0 pv c5f2 g2g3
--- Search Statistics ---
Total Time: 0.00s
Nodes Searched: 84 (123146 NPS)
- Quiescence Nodes: 32 (38.1%)
Transposition Table Hits: 1.0 (1.2%)
Beta Cutoffs: 2.0
Null Move Cutoffs: 0.0
Futility Pruned: 19.0
Razoring Used: 0.0
QS Delta Pruned: 7.0
QS SEE Pruned: 0
-------------------------

FEN: 5r1k/pp4pp/5p2/1BbQp1r1/7K/7P/1PP3P1/3R3R b - - 3 26
Best move found: c5f2
Score: 29999
rating: 991
theme: mate mateIn2 middlegame short

Test PASSED: The engine found the correct move (c5f2).
29 tests completed.
----------------------------------------
New game started. Caches and stats cleared.
--- Running Test: Lichess Puzzle 001u3 ---
FEN: 2r3k1/p4pp1/Qq2p2p/b1Np4/2nP1P2/4P1P1/5K1P/2B1N3 w - - 4 34
info depth 1 score cp 228 nodes 33 nps 74295 time 0 pv a6c8 b6d8
info depth 2 score cp 222 nodes 178 nps 191089 time 0 pv a6c8 b6d8 c8d8 a5d8
info depth 3 score cp 247 nodes 1367 nps 285680 time 4 pv a6c8 b6d8 c8a6 c4d2
info depth 4 score cp 228 nodes 3235 nps 302849 time 10 pv a6c8 b6d8 c8a6 c4d6 a6a7
info depth 5 score cp 210 nodes 28863 nps 341567 time 84 pv a6c8 b6d8 c8c6 a5e1 f2e1 a7a5 g3g4
info depth 6 score cp 193 nodes 61496 nps 354377 time 173 pv a6c8 b6d8 c8d8 a5d8 e1f3 a7a5 g3g4 g8f8
info depth 7 score cp 224 nodes 158060 nps 368678 time 428 pv a6c8 b6d8 c8c6 a5b6 f2g1 c4a5 c6b5 d8e7
info depth 8 score cp 207 nodes 256388 nps 361430 time 709 pv a6c8 b6d8 c8c6 a5b6 e1d3 g8h8 d3e5 c4e5 f4e5
--- Search Statistics ---
Total Time: 3.00s
Nodes Searched: 331554 (110396 NPS)
- Quiescence Nodes: 75166 (22.7%)
Transposition Table Hits: 6305.0 (1.9%)
Beta Cutoffs: 12300.0
Null Move Cutoffs: 754.0
Futility Pruned: 59737.0
Razoring Used: 750.0
QS Delta Pruned: 13839.0
QS SEE Pruned: 0
-------------------------

FEN: 2r3k1/p4pp1/Qq2p2p/b1Np4/2nP1P2/4P1P1/5K1P/2B1N3 w - - 4 34
Best move found: a6c8
Score: 207
rating: 2175
theme: advantage hangingPiece middlegame short

Test PASSED: The engine found the correct move (a6c8).
30 tests completed.
----------------------------------------
New game started. Caches and stats cleared.
--- Running Test: Lichess Puzzle 001w5 ---
FEN: 1rb3k1/q4rP1/4p2p/3p3p/3P1P2/2P5/2QK3P/3R2R1 w - - 1 30
info depth 1 score mate 1 nodes 54 nps 98517 time 0 pv c2h7 g8h7
--- Search Statistics ---
Total Time: 0.00s
Nodes Searched: 99 (161006 NPS)
- Quiescence Nodes: 45 (45.5%)
Transposition Table Hits: 1.0 (1.0%)
Beta Cutoffs: 0.0
Null Move Cutoffs: 0.0
Futility Pruned: 21.0
Razoring Used: 0.0
QS Delta Pruned: 8.0
QS SEE Pruned: 0
-------------------------

FEN: 1rb3k1/q4rP1/4p2p/3p3p/3P1P2/2P5/2QK3P/3R2R1 w - - 1 30
Best move found: c2h7
Score: 29999
rating: 1444
theme: advancedPawn attraction mate mateIn2 middlegame promotion short

Test PASSED: The engine found the correct move (c2h7).
31 tests completed.
----------------------------------------
New game started. Caches and stats cleared.
--- Running Test: Lichess Puzzle 001xl ---
FEN: 8/4R3/p4kpp/3B4/5q2/8/5P1P/6K1 w - - 6 41
info depth 1 score cp 206 nodes 91 nps 168289 time 0 pv e7f7 f6g5
info depth 2 score cp 206 nodes 136 nps 156495 time 0 pv e7f7 f6g5 f7f4
info depth 3 score cp 206 nodes 380 nps 207449 time 1 pv e7f7 f6g5 f7f4 g5f4
info depth 4 score cp 221 nodes 1086 nps 272739 time 3 pv e7f7 f6g5 f7f4 g5f4 d5c4
info depth 5 score cp 180 nodes 2814 nps 299943 time 9 pv e7f7 f6g5 f7f4 g5f4 d5f7 g6g5
info depth 6 score cp 213 nodes 5273 nps 353729 time 14 pv e7f7 f6g5 f7f4 g5f4 d5f7 g6g5 f7c4
info depth 7 score cp 150 nodes 12269 nps 345398 time 35 pv e7f7 f6g5 f7f4 g5f4 d5f7 g6g5 f7d5 a6a5
info depth 8 score cp 167 nodes 25676 nps 379549 time 67 pv e7f7 f6g5 f7f4 g5f4 g1f1 a6a5 d5c6 g6g5 f1e2
info depth 9 score cp 134 nodes 60317 nps 392861 time 153 pv e7f7 f6g5 f7f4 g5f4 g1f1 a6a5 d5b3 g6g5 f1e2 g5g4
info depth 10 score cp 162 nodes 107983 nps 404718 time 266 pv e7f7 f6g5 f7f4 g5f4 g1f1 a6a5 d5b3 g6g5 f1e2 g5g4 e2d3
info depth 11 score cp 152 nodes 282641 nps 446579 time 632 pv e7f7 f6g5 f7f4 g5f4 g1f1 a6a5 d5b3 g6g5 f1e2 g5g4 e2d3 f4f3
info depth 12 score cp 153 nodes 447421 nps 442396 time 1011 pv e7f7 f6g5 f7f4 g5f4 g1f1 a6a5 d5b3 g6g5 f1e1 g5g4 e1e2 h6h5 e2d3
info depth 13 score cp 127 nodes 972772 nps 451660 time 2153 pv e7f7 f6g5 f7f4 g5f4 g1f1 a6a5 d5b3 g6g5 f1e2 g5g4 e2d3 h6h5 d3d4 h5h4
--- Search Statistics ---
Total Time: 2.15s
Nodes Searched: 1166197 (541421 NPS)
- Quiescence Nodes: 193425 (16.6%)
Transposition Table Hits: 127243.0 (10.9%)
Beta Cutoffs: 96650.0
Null Move Cutoffs: 34034.0
Futility Pruned: 335696.0
Razoring Used: 31503.0
QS Delta Pruned: 23639.0
QS SEE Pruned: 0
-------------------------

FEN: 8/4R3/p4kpp/3B4/5q2/8/5P1P/6K1 w - - 6 41
Best move found: e7f7
Score: 127
rating: 1250
theme: advantage endgame master masterVsMaster short skewer superGM

Test PASSED: The engine found the correct move (e7f7).
32 tests completed.
----------------------------------------
New game started. Caches and stats cleared.
--- Running Test: Lichess Puzzle 002Cw ---
FEN: r7/2p3rk/p2p1q1p/Pp1P4/1P2P3/2PQ4/6R1/R5K1 w - - 3 29
info depth 1 score cp 317 nodes 209 nps 253648 time 0 pv e4e5 f6g6
info depth 2 score cp 317 nodes 313 nps 227288 time 1 pv e4e5 f6g6 g2g6
info depth 3 score cp 317 nodes 707 nps 225383 time 3 pv e4e5 f6g6 g2g6 g7g6 g1h1
info depth 4 score cp 281 nodes 1941 nps 246052 time 7 pv e4e5 f6g6 g2g6 g7g6 g1h1 a8f8
info depth 5 score cp 438 nodes 4433 nps 237675 time 18 pv e4e5 f6g6 g2g6 g7g6 g1h2 d6e5 d3f5
info depth 6 score cp 404 nodes 10681 nps 268038 time 39 pv e4e5 f6g6 g2g6 g7g6 g1h2 d6e5 d3f5 a8e8
info depth 7 score cp 526 nodes 19557 nps 248047 time 78 pv e4e5 f6g6 g2g6 g7g6 g1h2 d6e5 d3f5 e5e4 f5e4
info depth 8 score cp 421 nodes 42735 nps 210900 time 202 pv e4e5 f6g6 g2g6 g7g6 g1h2 d6e5 d3f5 e5e4 f5f7 g6g7 f7f5 h7h8
info depth 9 score cp 565 nodes 84037 nps 226415 time 371 pv e4e5 f6g6 g2g6 g7g6 g1h2 d6e5 d3f5 a8g8 a1f1 h7h8 f5e5 g6g7
info depth 10 score cp 561 nodes 159585 nps 260791 time 611 pv e4e5 f6g6 g2g6 g7g6 g1h2 d6e5 d3f5 a8g8 a1e1 e5e4 e1e4 h7h8
info depth 11 score cp 576 nodes 359584 nps 293660 time 1224 pv e4e5 f6g6 g2g6 g7g6 g1h2 d6e5 d3f5 a8g8 a1e1 h7h8 f5e5 g8g7 e5e8 h8h7 e1e6
--- Search Statistics ---
Total Time: 1.22s
Nodes Searched: 492396 (402060 NPS)
- Quiescence Nodes: 132812 (27.0%)
Transposition Table Hits: 29752.0 (6.0%)
Beta Cutoffs: 37932.0
Null Move Cutoffs: 10743.0
Futility Pruned: 245538.0
Razoring Used: 5172.0
QS Delta Pruned: 32367.0
QS SEE Pruned: 0
-------------------------

FEN: r7/2p3rk/p2p1q1p/Pp1P4/1P2P3/2PQ4/6R1/R5K1 w - - 3 29
Best move found: e4e5
Score: 576
rating: 998
theme: crushing discoveredAttack endgame short

Test PASSED: The engine found the correct move (e4e5).
33 tests completed.
----------------------------------------
New game started. Caches and stats cleared.
--- Running Test: Lichess Puzzle 2.00E+04 ---
FEN: 8/8/kp6/p4pQp/q7/7P/3r2P1/4R2K w - - 0 49
info depth 1 score cp 134 nodes 7 nps 21260 time 0 pv g5d2
info depth 2 score cp 119 nodes 47 nps 73970 time 0 pv g5d2 f5f4
info depth 3 score cp 102 nodes 668 nps 254685 time 2 pv g5d2 a4b4 d2d3 b6b5
info depth 4 score cp 225 nodes 3460 nps 309694 time 11 pv g5d2 a4b5 d2h6 a5a4
info depth 5 score cp 288 nodes 11180 nps 395245 time 28 pv g5d2 a4b3 d2f4 a5a4 e1e7
info depth 6 score cp 283 nodes 48595 nps 449271 time 108 pv g5d2 a4c4 e1c1 c4b5 d2g5 b5b2
info depth 7 score cp 311 nodes 81410 nps 452354 time 179 pv g5d2 a4c4 e1c1 c4e4 d2g5 h5h4 h1h2
info depth 8 score cp 311 nodes 162374 nps 407680 time 398 pv g5d2 a4c4 e1c1 c4e4 c1e1 e4c4
info depth 9 score cp 313 nodes 390162 nps 420815 time 927 pv g5d2 a4c4 d2d8 a6a7 e1e7 a7a6 d8a8 a6b5 a8e8 b5b4 e7b7 c4c5
info depth 10 score cp 349 nodes 857743 nps 425897 time 2013 pv g5d2 a4c4 d2d8 c4c6 d8d3 c6b5 d3f3 b5d7 f3h5 a6a7 e1d1
--- Search Statistics ---
Total Time: 2.01s
Nodes Searched: 1012306 (502593 NPS)
- Quiescence Nodes: 154563 (15.3%)
Transposition Table Hits: 26713.0 (2.6%)
Beta Cutoffs: 43913.0
Null Move Cutoffs: 3388.0
Futility Pruned: 83794.0
Razoring Used: 6459.0
QS Delta Pruned: 15289.0
QS SEE Pruned: 0
-------------------------

FEN: 8/8/kp6/p4pQp/q7/7P/3r2P1/4R2K w - - 0 49
Best move found: g5d2
Score: 349
rating: 974
theme: crushing endgame hangingPiece oneMove

Test PASSED: The engine found the correct move (g5d2).
34 tests completed.
----------------------------------------
New game started. Caches and stats cleared.
--- Running Test: Lichess Puzzle 002VP ---
FEN: 8/6p1/2B2n2/3b2k1/3B4/6K1/4P3/8 w - - 5 45
info depth 1 score cp 402 nodes 46 nps 111848 time 0 pv d4f6 g5f6
info depth 2 score cp 402 nodes 85 nps 130927 time 0 pv d4f6 g5f6 c6d5
info depth 3 score cp 371 nodes 360 nps 234682 time 1 pv d4f6 g5f6 c6d5 f6e5
info depth 4 score cp 385 nodes 756 nps 270554 time 2 pv d4f6 g5f6 c6d5 f6e5 e2e4
info depth 5 score cp 366 nodes 1965 nps 305229 time 6 pv d4f6 g5f6 c6d5 f6e5 e2e4 g7g6
info depth 6 score cp 401 nodes 5000 nps 347296 time 14 pv d4f6 g5f6 c6d5 f6e5 e2e4 g7g6 g3g4
info depth 7 score cp 395 nodes 8611 nps 348489 time 24 pv d4f6 g5f6 c6d5 f6e5 e2e4 g7g6 g3f3 e5d4
info depth 8 score cp 423 nodes 19019 nps 383682 time 49 pv d4f6 g5f6 c6d5 f6e5 e2e4 e5f6 g3f3 f6e5 f3e3
info depth 9 score cp 419 nodes 44121 nps 348441 time 126 pv d4f6 g5f6 c6d5 f6e5 e2e4 g7g5 g3f3 e5d4 d5c4 d4e5
info depth 10 score cp 439 nodes 152728 nps 312395 time 488 pv d4f6 g5f6 c6d5 f6f5 e2e3 g7g6 g3f3 g6g5 d5e4 f5e5 e4d3 e5d5
info depth 11 score cp 494 nodes 276383 nps 325407 time 849 pv d4f6 g7f6 c6d5 g5f5 e2e4 f5g5 g3f3 g5h5 f3f4 h5h6 d5f7 h6g7 f7c4
info depth 12 score cp 494 nodes 416696 nps 330688 time 1260 pv d4f6 g7f6 c6d5 g5f5 e2e4 f5g5 g3f3 g5h5 f3f4 h5g6 d5c4 g6h6 c4e6
--- Search Statistics ---
Total Time: 1.26s
Nodes Searched: 484224 (384221 NPS)
- Quiescence Nodes: 67528 (13.9%)
Transposition Table Hits: 58070.0 (12.0%)
Beta Cutoffs: 60318.0
Null Move Cutoffs: 0.0
Futility Pruned: 165922.0
Razoring Used: 21306.0
QS Delta Pruned: 12429.0
QS SEE Pruned: 0
-------------------------

FEN: 8/6p1/2B2n2/3b2k1/3B4/6K1/4P3/8 w - - 5 45
Best move found: d4f6
Score: 494
rating: 1410
theme: crushing endgame short

Test PASSED: The engine found the correct move (d4f6).
35 tests completed.
----------------------------------------
New game started. Caches and stats cleared.
--- Running Test: Lichess Puzzle 002uV ---
FEN: r2r2k1/1p2qppp/2n1p3/5Q2/p2P4/P4N2/BP3PPP/2R1R1K1 b - - 0 20
info depth 1 score cp 92 nodes 30 nps 68497 time 0 pv e6f5
info depth 2 score cp 92 nodes 54 nps 81501 time 0 pv e6f5 e1e7
info depth 3 score cp 92 nodes 568 nps 197150 time 2 pv e6f5 e1e7 c6e7
info depth 4 score cp -12 nodes 2004 nps 164950 time 12 pv e6f5 e1e7 c6e7 c1e1
info depth 5 score cp -76 nodes 7094 nps 218107 time 32 pv e6f5 e1e7 c6e7 c1c7 d8e8
info depth 6 score cp -47 nodes 18071 nps 234245 time 77 pv e6f5 e1e7 c6e7 c1c7 e7d5 c7b7
info depth 7 score cp -42 nodes 29222 nps 250672 time 116 pv e6f5 e1e7 c6e7 c1c7 d8e8 c7b7 a8b8
info depth 8 score cp -24 nodes 57751 nps 257036 time 224 pv e6f5 e1e7 c6e7 c1c7 d8e8 c7b7 a8b8 b7b4
info depth 9 score cp 8 nodes 163261 nps 270103 time 604 pv e6f5 e1e7 c6e7 c1c7 g8f8 f3g5 a8c8 g5f7 c8c7
info depth 10 score cp 65 nodes 381726 nps 273223 time 1397 pv e6f5 e1e7 c6e7 c1c7 g8f8 c7b7 a8c8 h2h3 c8c1 g1h2 c1c2
--- Search Statistics ---
Total Time: 1.40s
Nodes Searched: 533209 (381601 NPS)
- Quiescence Nodes: 151483 (28.4%)
Transposition Table Hits: 17220.0 (3.2%)
Beta Cutoffs: 38754.0
Null Move Cutoffs: 7808.0
Futility Pruned: 467100.0
Razoring Used: 2881.0
QS Delta Pruned: 61448.0
QS SEE Pruned: 0
-------------------------

FEN: r2r2k1/1p2qppp/2n1p3/5Q2/p2P4/P4N2/BP3PPP/2R1R1K1 b - - 0 20
Best move found: e6f5
Score: 65
rating: 1629
theme: advantage middlegame short

Test PASSED: The engine found the correct move (e6f5).
36 tests completed.
----------------------------------------
New game started. Caches and stats cleared.
--- Running Test: Lichess Puzzle 002xh ---
FEN: 2nk4/8/2PBp3/1pK1P1p1/1P4Pn/8/8/8 w - - 3 43
info depth 1 score cp 412 nodes 27 nps 76985 time 0 pv c5b5
info depth 2 score cp 373 nodes 69 nps 127492 time 0 pv c6c7 d8d7 c5b5
info depth 3 score cp 378 nodes 246 nps 240568 time 1 pv d6b8 h4f3 c5b5
info depth 4 score cp 343 nodes 595 nps 280405 time 2 pv d6b8 h4f3 c5b5 c8e7
info depth 5 score cp 319 nodes 1353 nps 288387 time 4 pv d6b8 h4f3 c5b5 c8e7
info depth 6 score cp 169 nodes 3392 nps 300130 time 11 pv d6b8 h4f3 c5b5 c8e7 c6c7 d8c8 b5c5
info depth 7 score cp 199 nodes 9629 nps 422647 time 22 pv d6b8 h4g2 c6c7 d8d7 c5b5 g2e3 b5c5 e3g4
info depth 8 score cp 203 nodes 16524 nps 451771 time 36 pv d6b8 h4f3 c5b5 c8e7 b5c5 e7d5 c5d6 d5b4
info depth 9 score cp 235 nodes 53788 nps 478478 time 112 pv d6b8 h4f3 c5b5 c8e7 b5c5 e7d5 c5d6 d8c8 d6e6
info depth 10 score cp 199 nodes 76529 nps 476514 time 160 pv d6b8 h4f3 c5b5 c8e7 b5c5 d8c8 b8d6 e7d5 c5c4 d5e3 c4c5
info depth 11 score cp 175 nodes 94752 nps 476630 time 198 pv d6b8 h4f3 c5b5 c8e7 b5c5 f3h2 c5d6 e7c6 d6c6 d8c8 b8d6
info depth 12 score cp 132 nodes 497122 nps 536402 time 926 pv d6b8 h4f3 c5b5 c8e7 b5c5 e7g6 c5d6 g6e5 c6c7 d8c8 d6e6 e5c6 b4b5
info depth 13 score cp 141 nodes 1454080 nps 528131 time 2753 pv c5b5 h4g2 d6b8 g2e3 b5a6 c8e7 a6b7 d8e8 b8d6 e7d5 c6c7 d5c7 b7c7
--- Search Statistics ---
Total Time: 2.75s
Nodes Searched: 1553670 (564259 NPS)
- Quiescence Nodes: 99590 (6.4%)
Transposition Table Hits: 47763.0 (3.1%)
Beta Cutoffs: 62177.0
Null Move Cutoffs: 84.0
Futility Pruned: 76931.0
Razoring Used: 11607.0
QS Delta Pruned: 8678.0
QS SEE Pruned: 0
-------------------------

FEN: 2nk4/8/2PBp3/1pK1P1p1/1P4Pn/8/8/8 w - - 3 43
Best move found: c5b5
Score: 141
rating: 2074
theme: crushing endgame long

Test PASSED: The engine found the correct move (c5b5).
37 tests completed.
----------------------------------------
New game started. Caches and stats cleared.
--- Running Test: Lichess Puzzle 0039T ---
FEN: 1r5r/p3kp2/4p2p/4P3/R4Pp1/6P1/P1P4P/4K2R b K - 2 25
info depth 1 score cp 253 nodes 124 nps 213328 time 0 pv b8b1 e1d2
info depth 2 score cp 253 nodes 311 nps 276537 time 1 pv b8b1 e1f2 b1h1
info depth 3 score cp 253 nodes 684 nps 300314 time 2 pv b8b1 e1f2 b1h1 a4a7 e7f8
info depth 4 score cp 142 nodes 1120 nps 237061 time 4 pv b8b1 e1f2 b1h1 a4a7 e7f8 f2g2
info depth 5 score cp 244 nodes 4040 nps 291863 time 13 pv b8b1 e1f2 b1h1 a4a7 e7f8 f2g2 h1e1
info depth 6 score cp 188 nodes 10212 nps 321476 time 31 pv b8b1 e1f2 b1h1 a4a7 e7f8 f2g2 h1e1 c2c4
info depth 7 score cp 206 nodes 16412 nps 345171 time 47 pv b8b1 e1f2 b1h1 a4a7 e7f8 a7a8 f8g7 a8h8 g7h8 f2g2
info depth 8 score cp 262 nodes 36662 nps 417838 time 87 pv b8b1 e1f2 b1h1 a4a7 e7f8 a7a8 f8g7 a8h8 g7h8 f2g2 h1e1
info depth 9 score cp 305 nodes 148433 nps 475377 time 312 pv b8b1 e1f2 b1h1 a4a7 e7f8 f2g2 h1d1 c2c4 d1d2 g2g1 d2c2 a7a8 f8g7
info depth 10 score cp 305 nodes 191343 nps 459751 time 416 pv b8b1 e1f2 b1h1 a4a7 e7f8 f2g2 h1d1 c2c4 d1d2 g2g1 d2c2 a7a8 f8g7 a8h8
info depth 11 score cp 305 nodes 293022 nps 463206 time 632 pv b8b1 e1f2 b1h1 a4a7 e7f8 f2g2 h1d1 c2c4 d1d2 g2g1 d2c2 a7a8 f8g7 a8h8 g7h8
info depth 12 score cp 317 nodes 1088345 nps 476661 time 2283 pv b8b1 e1f2 b1h1 a4a7 e7f8 f2g2 h1d1 c2c4 d1d2 g2g1 d2c2 a2a4 c2c4 a4a5 c4c2
--- Search Statistics ---
Total Time: 2.28s
Nodes Searched: 1411788 (618270 NPS)
- Quiescence Nodes: 323443 (22.9%)
Transposition Table Hits: 73328.0 (5.2%)
Beta Cutoffs: 88005.0
Null Move Cutoffs: 21349.0
Futility Pruned: 198261.0
Razoring Used: 17345.0
QS Delta Pruned: 25760.0
QS SEE Pruned: 0
-------------------------

FEN: 1r5r/p3kp2/4p2p/4P3/R4Pp1/6P1/P1P4P/4K2R b K - 2 25
Best move found: b8b1
Score: 317
rating: 1214
theme: crushing defensiveMove endgame long rookEndgame skewer

Test PASSED: The engine found the correct move (b8b1).
38 tests completed.
----------------------------------------
New game started. Caches and stats cleared.
--- Running Test: Lichess Puzzle 003IX ---
FEN: 8/3pk3/R7/1R2PK1p/2PPn1r1/8/8/8 b - - 0 43
info depth 1 score mate 1 nodes 55 nps 139472 time 0 pv e4g3
--- Search Statistics ---
Total Time: 0.00s
Nodes Searched: 85 (187936 NPS)
- Quiescence Nodes: 30 (35.3%)
Transposition Table Hits: 0.0 (0.0%)
Beta Cutoffs: 3.0
Null Move Cutoffs: 0.0
Futility Pruned: 10.0
Razoring Used: 0.0
QS Delta Pruned: 0.0
QS SEE Pruned: 0
-------------------------

FEN: 8/3pk3/R7/1R2PK1p/2PPn1r1/8/8/8 b - - 0 43
Best move found: e4g3
Score: 29999
rating: 1628
theme: endgame mate mateIn1 oneMove

Test PASSED: The engine found the correct move (e4g3).
39 tests completed.
----------------------------------------
New game started. Caches and stats cleared.
--- Running Test: Lichess Puzzle 003Jb ---
FEN: 6k1/Q2bqr1p/2rpp1pR/p7/Pp2P3/1B3P2/1PP3P1/2KR4 b - - 7 22
info depth 1 score cp 335 nodes 570 nps 216986 time 2 pv e7g5 c1b1
info depth 2 score cp 335 nodes 710 nps 211502 time 3 pv e7g5 c1b1 g5h6
info depth 3 score cp 338 nodes 2094 nps 236958 time 8 pv e7g5 c1b1 g5h6 a7a8 f7f8
info depth 4 score cp 205 nodes 4578 nps 121871 time 37 pv e7g5 c1b1 g5h6 a7a5 h6e3
info depth 5 score cp 214 nodes 17180 nps 189488 time 90 pv e7g5 c1b1 g5h6 a7a5 h6e3 a5b4
info depth 6 score cp 155 nodes 68156 nps 230881 time 295 pv e7g5 c1b1 g5h6 a7a5 h6f4 a5b4 f7e7
info depth 7 score cp 164 nodes 137840 nps 238061 time 579 pv e7g5 c1b1 g5h6 a7a5 h6e3 a5b4 c6b6 b4d4
info depth 8 score cp 245 nodes 244363 nps 258678 time 944 pv e7g5 c1b1 g5h6 a7a5 h6h2 a5d8 g8g7 d8g5 h2f4 g5f4
info depth 9 score cp 218 nodes 704937 nps 259865 time 2712 pv e7g5 c1b1 g5h6 a7a5 h6h2 a5b4 h2g2 d1d6 g2f3 d6c6
--- Search Statistics ---
Total Time: 2.71s
Nodes Searched: 955292 (352128 NPS)
- Quiescence Nodes: 250355 (26.2%)
Transposition Table Hits: 14468.0 (1.5%)
Beta Cutoffs: 39152.0
Null Move Cutoffs: 3341.0
Futility Pruned: 295135.0
Razoring Used: 308.0
QS Delta Pruned: 110537.0
QS SEE Pruned: 0
-------------------------

FEN: 6k1/Q2bqr1p/2rpp1pR/p7/Pp2P3/1B3P2/1PP3P1/2KR4 b - - 7 22
Best move found: e7g5
Score: 218
rating: 1028
theme: advantage fork middlegame short

Test PASSED: The engine found the correct move (e7g5).
40 tests completed.
----------------------------------------
New game started. Caches and stats cleared.
--- Running Test: Lichess Puzzle 003Tx ---
FEN: 2r5/pR5p/5p1k/4p3/4R3/B4nPP/PP3P2/1K6 b - - 0 27
info depth 1 score cp -251 nodes 16 nps 41786 time 0 pv f3d2 b1a1
info depth 2 score mate 2 nodes 26 nps 36557 time 0 pv f3d2 b1a1 c8c1
--- Search Statistics ---
Total Time: 0.00s
Nodes Searched: 39 (51358 NPS)
- Quiescence Nodes: 13 (33.3%)
Transposition Table Hits: 3.0 (7.7%)
Beta Cutoffs: 2.0
Null Move Cutoffs: 0.0
Futility Pruned: 71.0
Razoring Used: 1.0
QS Delta Pruned: 0.0
QS SEE Pruned: 0
-------------------------

FEN: 2r5/pR5p/5p1k/4p3/4R3/B4nPP/PP3P2/1K6 b - - 0 27
Best move found: f3d2
Score: 29997
rating: 1648
theme: backRankMate endgame fork mate mateIn2 short

Test PASSED: The engine found the correct move (f3d2).
41 tests completed.
----------------------------------------
New game started. Caches and stats cleared.
--- Running Test: Lichess Puzzle 003eP ---
FEN: 6k1/r1b1q3/2p3p1/2Pp4/1P2p1n1/2B1P3/NQ6/2K4R w - - 2 37
info depth 1 score cp -226 nodes 86 nps 146214 time 0 pv h1h8 g8f7
info depth 2 score cp 192 nodes 114 nps 114857 time 0 pv h1h8 g8f7 h8h7 f7e6
info depth 3 score cp 192 nodes 448 nps 170698 time 2 pv h1h8 g8f7 h8h7 f7e6 h7e7 e6e7
info depth 4 score cp 240 nodes 994 nps 207048 time 4 pv h1h8 g8f7 h8h7 f7e6 h7e7 e6e7 c3d4
info depth 5 score cp 163 nodes 3563 nps 257571 time 13 pv h1h8 g8f7 h8h7 f7e6 h7e7 e6e7 b2d2 e7f8
info depth 6 score cp 203 nodes 11504 nps 295729 time 38 pv h1h8 g8f7 h8h7 f7e6 h7e7 e6e7 c3d4 e7d8 b4b5
info depth 7 score cp 211 nodes 28682 nps 284437 time 100 pv h1h8 g8f7 h8h7 f7e6 h7e7 e6e7 c3d4 a7a8 a2c3 e7d7
info depth 8 score cp 231 nodes 72325 nps 295975 time 244 pv h1h8 g8f7 h8h7 f7e6 h7e7 e6e7 c3d4 e7d8 b4b5 c6b5 a2b4
info depth 9 score cp 261 nodes 143008 nps 306915 time 465 pv h1h8 g8f7 h8h7 f7e6 h7e7 e6e7 c3d4 e7d8 a2c3 g6g5 b2b1 g4f2
info depth 10 score cp 283 nodes 325110 nps 314994 time 1032 pv h1h8 g8f7 h8h7 f7e6 h7e7 e6e7 c3d4 e7f7 a2c3 f7g8 b2g2 g4e5 g2g5
info depth 11 score cp 298 nodes 745988 nps 315333 time 2365 pv h1h8 g8f7 h8h7 f7e6 h7e7 e6e7 c3d4 e7f7 a2c3 g4e5 b2f2 f7e6 c1b1 g6g5 f2c2
--- Search Statistics ---
Total Time: 2.37s
Nodes Searched: 965560 (408115 NPS)
- Quiescence Nodes: 219572 (22.7%)
Transposition Table Hits: 32368.0 (3.4%)
Beta Cutoffs: 65834.0
Null Move Cutoffs: 12083.0
Futility Pruned: 378024.0
Razoring Used: 9845.0
QS Delta Pruned: 51807.0
QS SEE Pruned: 0
-------------------------

FEN: 6k1/r1b1q3/2p3p1/2Pp4/1P2p1n1/2B1P3/NQ6/2K4R w - - 2 37
Best move found: h1h8
Score: 298
rating: 1097
theme: crushing exposedKing long middlegame skewer

Test PASSED: The engine found the correct move (h1h8).
42 tests completed.
----------------------------------------
New game started. Caches and stats cleared.
--- Running Test: Lichess Puzzle 003jH ---
FEN: rn3rk1/p5pp/3N4/4np1q/5Q2/1P6/PB1P1KP1/2R4R b - - 1 25
info depth 1 score cp 385 nodes 65 nps 122585 time 0 pv e5d3 f2g3
info depth 2 score cp 418 nodes 300 nps 194300 time 1 pv e5d3 f2g1 d3f4
info depth 3 score cp 426 nodes 914 nps 211508 time 4 pv e5d3 f2g1 h5h1 g1h1 d3f4
info depth 4 score cp 458 nodes 3832 nps 234082 time 16 pv e5d3 f2g1 h5g6 h1h6 g7h6
info depth 5 score cp 316 nodes 13671 nps 156727 time 87 pv e5d3 f2g1 h5h1 g1h1 d3f4 c1c7 f4e6
info depth 6 score cp 427 nodes 24776 nps 173223 time 143 pv e5d3 f2g1 h5h1 g1h1 d3f4 c1c7 f4d5 c7c1
info depth 7 score cp 308 nodes 45133 nps 157934 time 285 pv e5d3 f2g1 d3f4 h1h5 f4h5 c1c7 h5f4 b2d4
info depth 8 score cp 388 nodes 95409 nps 195092 time 489 pv e5d3 f2g1 d3f4 h1h5 f4h5 c1c7 b8a6 c7b7 a6c5
info depth 9 score cp 342 nodes 198861 nps 225856 time 880 pv e5d3 f2g1 d3f4 h1h5 f4h5 c1c7 b8a6 c7b7 h5f4 b2e5
info depth 10 score cp 377 nodes 412797 nps 251228 time 1643 pv e5d3 f2g1 d3f4 h1h5 f4h5 c1c7 b8a6 c7e7 a6b4 b2e5 g8h8
--- Search Statistics ---
Total Time: 1.64s
Nodes Searched: 569605 (346626 NPS)
- Quiescence Nodes: 156808 (27.5%)
Transposition Table Hits: 20811.0 (3.7%)
Beta Cutoffs: 45498.0
Null Move Cutoffs: 6733.0
Futility Pruned: 391906.0
Razoring Used: 6224.0
QS Delta Pruned: 62127.0
QS SEE Pruned: 0
-------------------------

FEN: rn3rk1/p5pp/3N4/4np1q/5Q2/1P6/PB1P1KP1/2R4R b - - 1 25
Best move found: e5d3
Score: 377
rating: 1099
theme: crushing fork long middlegame

Test PASSED: The engine found the correct move (e5d3).
43 tests completed.
----------------------------------------
New game started. Caches and stats cleared.
--- Running Test: Lichess Puzzle 003jv ---
FEN: 7R/1p2k2p/p2n2p1/4K3/8/6P1/P6P/8 b - - 11 37
info depth 1 score cp 352 nodes 69 nps 168553 time 0 pv d6f7 e5e4
info depth 2 score cp 352 nodes 97 nps 147248 time 0 pv d6f7 e5e4 f7h8
info depth 3 score cp 343 nodes 278 nps 260213 time 1 pv d6f7 e5e4 f7h8 g3g4
info depth 4 score cp 401 nodes 665 nps 344986 time 1 pv d6f7 e5e4 f7h8 h2h4 h8f7
info depth 5 score cp 367 nodes 1704 nps 480800 time 3 pv d6f7 e5e4 f7h8 h2h4 h8f7 g3g4
info depth 6 score cp 410 nodes 4290 nps 559605 time 7 pv d6f7 e5f4 f7h8 g3g4 h8f7 h2h4 h7h5
info depth 7 score cp 398 nodes 7073 nps 569356 time 12 pv d6f7 e5f4 f7h8 g3g4 h8f7 h2h4 h7h5 g4g5
info depth 8 score cp 421 nodes 25620 nps 562914 time 45 pv d6f7 e5d5 f7h8 h2h4 h8f7 g3g4 e7f6 a2a4 f7e5
info depth 9 score cp 422 nodes 43914 nps 578142 time 75 pv d6f7 e5d5 f7h8 h2h4 h8f7 g3g4 e7f6 h4h5 f7e5 h5g6
info depth 10 score cp 444 nodes 261118 nps 657652 time 397 pv d6f7 e5d5 f7h8 g3g4 h8f7 d5e4 e7e6 h2h4 f7d6
info depth 11 score cp 445 nodes 523302 nps 628763 time 832 pv d6f7 e5d5 f7h8 d5c5 h8f7 a2a4 e7e6 h2h3 e6e5
info depth 12 score cp 462 nodes 1209734 nps 642147 time 1883 pv d6f7 e5d5 f7h8 g3g4 h8f7 d5e4 e7e6 h2h4 f7e5 g4g5 b7b5 e4f4 a6a5
--- Search Statistics ---
Total Time: 1.88s
Nodes Searched: 1295707 (687720 NPS)
- Quiescence Nodes: 85973 (6.6%)
Transposition Table Hits: 43695.0 (3.4%)
Beta Cutoffs: 31600.0
Null Move Cutoffs: 2136.0
Futility Pruned: 31831.0
Razoring Used: 2930.0
QS Delta Pruned: 658.0
QS SEE Pruned: 0
-------------------------

FEN: 7R/1p2k2p/p2n2p1/4K3/8/6P1/P6P/8 b - - 11 37
Best move found: d6f7
Score: 462
rating: 986
theme: crushing endgame fork short

Test PASSED: The engine found the correct move (d6f7).
44 tests completed.
----------------------------------------
New game started. Caches and stats cleared.
--- Running Test: Lichess Puzzle 003nQ ---
FEN: 6rk/pp6/2n5/3ppn1p/3p4/2P2P1q/PP3QNB/R5RK b - - 3 29
info depth 1 score cp 733 nodes 38 nps 81945 time 0 pv f5g3 f2g3
info depth 2 score cp 733 nodes 81 nps 96985 time 0 pv f5g3 f2g3 g8g3
info depth 3 score cp 683 nodes 340 nps 62549 time 5 pv f5g3 f2g3 g8g3 f3f4
info depth 4 score cp 588 nodes 2353 nps 186144 time 12 pv f5g3 f2g3 g8g3 g2e1 g3g1 h1g1
info depth 5 score cp 572 nodes 4129 nps 90010 time 45 pv f5g3 f2g3 g8g3 g2e1
info depth 6 score cp 566 nodes 22367 nps 192589 time 116 pv f5g3 f2g3 g8g3 g2e1 g3g7 a1d1 g7g1 h1g1
info depth 7 score cp 666 nodes 35766 nps 192646 time 185 pv f5g3 f2g3 g8g3 c3d4 e5d4 g2e1 g3g1 h1g1 h8h7
info depth 8 score cp 663 nodes 97327 nps 251556 time 386 pv f5g3 f2g3 g8g3 f3f4 d4c3 b2c3 e5e4 a1d1 g3c3
info depth 9 score cp 567 nodes 100723 nps 114358 time 880 pv f5g3 f2g3 g8g3 g2e1 d4c3 g1g3 h3f1 h2g1 c3b2 a1b1 h5h4
info depth 10 score cp 622 nodes 224410 nps 171982 time 1304 pv f5g3 f2g3 g8g3 g2e1 g3g1 h1g1 e5e4 h2d6 e4f3 g1f2 d4c3 b2c3
--- Search Statistics ---
Total Time: 1.31s
Nodes Searched: 319534 (244852 NPS)
- Quiescence Nodes: 95124 (29.8%)
Transposition Table Hits: 13260.0 (4.1%)
Beta Cutoffs: 23622.0
Null Move Cutoffs: 4020.0
Futility Pruned: 231003.0
Razoring Used: 2429.0
QS Delta Pruned: 44426.0
QS SEE Pruned: 0
-------------------------

FEN: 6rk/pp6/2n5/3ppn1p/3p4/2P2P1q/PP3QNB/R5RK b - - 3 29
Best move found: f5g3
Score: 622
rating: 1307
theme: crushing kingsideAttack master middlegame pin short

Test PASSED: The engine found the correct move (f5g3).
45 tests completed.
----------------------------------------
New game started. Caches and stats cleared.
--- Running Test: Lichess Puzzle 0042j ---
FEN: 3r2k1/4nppp/pq3b2/1p2p3/2r2P2/2P1NR2/PP1Q2BP/3R2K1 w - - 0 25
info depth 1 score mate 1 nodes 7 nps 19227 time 0 pv d2d8 b6d8
--- Search Statistics ---
Total Time: 0.00s
Nodes Searched: 10 (23172 NPS)
- Quiescence Nodes: 3 (30.0%)
Transposition Table Hits: 0.0 (0.0%)
Beta Cutoffs: 0.0
Null Move Cutoffs: 0.0
Futility Pruned: 23.0
Razoring Used: 0.0
QS Delta Pruned: 2.0
QS SEE Pruned: 0
-------------------------

FEN: 3r2k1/4nppp/pq3b2/1p2p3/2r2P2/2P1NR2/PP1Q2BP/3R2K1 w - - 0 25
Best move found: d2d8
Score: 29999
rating: 652
theme: backRankMate mate mateIn2 middlegame short

Test PASSED: The engine found the correct move (d2d8).
46 tests completed.
----------------------------------------
New game started. Caches and stats cleared.
--- Running Test: Lichess Puzzle 0048h ---
FEN: 4r3/p5k1/2R4p/2Pp4/1P1pr1P1/P6P/8/3R3K b - - 0 35
info depth 1 score cp -55 nodes 136 nps 208641 time 0 pv e4f4
info depth 2 score cp -179 nodes 421 nps 170378 time 2 pv e4e1 d1e1 e8e1 h1h2
info depth 3 score cp -88 nodes 1858 nps 368098 time 5 pv e4e1 d1e1 e8e1 h1h2 d4d3
info depth 4 score cp -74 nodes 3131 nps 393821 time 7 pv e4e1 d1e1 e8e1 h1g2 e1e2 g2f3 d4d3
info depth 5 score cp -146 nodes 12959 nps 449886 time 28 pv e4e1 d1e1 e8e1 h1g2 e1e7 g2f2 e7e3
info depth 6 score cp -184 nodes 34024 nps 458440 time 74 pv e4e1 d1e1 e8e1 h1g2 e1e7 g2f2 d4d3 c6d6
info depth 7 score cp -282 nodes 141465 nps 482966 time 292 pv e4e1 d1e1 e8e1 h1g2 e1e7 c6d6 d4d3 d6d5 e7e3
info depth 8 score cp -88 nodes 214877 nps 449451 time 478 pv e4e1 d1e1 e8e1 h1h2 d4d3 c6c7 g7g6 c7a7 d3d2 a7a6 g6g5 h3h4 g5g4
info depth 9 score cp -79 nodes 300579 nps 443918 time 677 pv e4e1 d1e1 e8e1 h1g2 d4d3 c6d6 d3d2 d6d5 d2d1r d5d1 e1d1
info depth 10 score cp -67 nodes 373804 nps 442251 time 845 pv e4e1 d1e1 e8e1 h1g2 d4d3 c6d6 d3d2 d6d5 d2d1r d5d1 e1d1 g4g5
info depth 11 score cp -110 nodes 912262 nps 429943 time 2121 pv e4e1 d1e1 e8e1 h1g2 d4d3 c6d6 d3d2 d6d5 d2d1r d5d1 e1d1 c5c6 g7f6
--- Search Statistics ---
Total Time: 2.12s
Nodes Searched: 1137945 (536252 NPS)
- Quiescence Nodes: 225683 (19.8%)
Transposition Table Hits: 56089.0 (4.9%)
Beta Cutoffs: 70959.0
Null Move Cutoffs: 10815.0
Futility Pruned: 207387.0
Razoring Used: 11482.0
QS Delta Pruned: 24806.0
QS SEE Pruned: 0
-------------------------

FEN: 4r3/p5k1/2R4p/2Pp4/1P1pr1P1/P6P/8/3R3K b - - 0 35
Best move found: e4e1
Score: -110
rating: 1137
theme: crushing endgame exposedKing long rookEndgame

Test PASSED: The engine found the correct move (e4e1).
47 tests completed.
----------------------------------------
New game started. Caches and stats cleared.
--- Running Test: Lichess Puzzle 004Ao ---
FEN: 4qk2/1b3R2/p7/1p2Q3/4P2P/P2P3K/2r5/3R4 b - - 0 41
info depth 1 score cp -33 nodes 15 nps 46603 time 0 pv e8f7
info depth 2 score cp -62 nodes 86 nps 139216 time 0 pv e8f7 d1g1
info depth 3 score cp -21 nodes 513 nps 266000 time 1 pv e8f7 d1g1 b7c8 h3g3
info depth 4 score cp -21 nodes 2556 nps 320468 time 7 pv e8f7 e5h8 f8e7 h8e5 e7f8
info depth 5 score cp 16 nodes 9778 nps 333590 time 29 pv e8f7 e5h8 f8e7 h8e5 e7d7 e5d4 d7e6 d1b1
info depth 6 score cp 25 nodes 24802 nps 336853 time 73 pv e8f7 e5h8 f8e7 h8e5 e7d7 e5d4 d7e6 d1g1 a6a5
info depth 7 score cp 25 nodes 71493 nps 332187 time 215 pv e8f7 e5d6 f8e8 d6e5 e8f8
info depth 8 score cp 50 nodes 174475 nps 330610 time 527 pv e8f7 e5d6 f8e8 d6e5 e8d8 e5d6 d8c8 d1g1 c2c3 h3g2 f7a2 g2h1
info depth 9 score cp 77 nodes 452829 nps 336305 time 1346 pv e8f7 e5d6 f8e8 d6e5 e8d8 e5g5 d8c7 g5g3 c7d8 g3g5 d8d7 d1e1 c2c3 a3a4
--- Search Statistics ---
Total Time: 1.35s
Nodes Searched: 525496 (390222 NPS)
- Quiescence Nodes: 72667 (13.8%)
Transposition Table Hits: 15246.0 (2.9%)
Beta Cutoffs: 22735.0
Null Move Cutoffs: 1035.0
Futility Pruned: 53846.0
Razoring Used: 3395.0
QS Delta Pruned: 10655.0
QS SEE Pruned: 0
-------------------------

FEN: 4qk2/1b3R2/p7/1p2Q3/4P2P/P2P3K/2r5/3R4 b - - 0 41
Best move found: e8f7
Score: 77
rating: 1735
theme: advantage endgame short

Test PASSED: The engine found the correct move (e8f7).
48 tests completed.
----------------------------------------
New game started. Caches and stats cleared.
--- Running Test: Lichess Puzzle 004LZ ---
FEN: 8/7R/5p2/p7/7P/2p5/3k2N1/1K6 b - - 0 48
info depth 1 score cp 257 nodes 18 nps 51046 time 0 pv c3c2 b1b2
info depth 2 score cp 257 nodes 63 nps 97722 time 0 pv c3c2 b1b2 c2c1q b2b3
info depth 3 score cp 203 nodes 315 nps 251802 time 1 pv c3c2 b1a2 c2c1q h4h5
info depth 4 score cp 214 nodes 1282 nps 444535 time 2 pv c3c2 b1a2 c2c1q h7d7 d2e2 h4h5
info depth 5 score cp 215 nodes 2951 nps 498044 time 5 pv c3c2 b1a2 c2c1q h7d7 d2e2 d7e7 e2f3 g2e3
info depth 6 score cp 238 nodes 6907 nps 489996 time 14 pv c3c2 b1a2 c2c1q h7d7 d2e2 d7e7 e2f3 g2e1 f3g4 e1d3
info depth 7 score cp 322 nodes 23931 nps 491770 time 48 pv c3c2 b1a2 c2c1q h7d7 d2e2 d7e7 e2f3 g2e1 f3g4 e7e4 g4h5 e1d3
info depth 8 score cp 352 nodes 56373 nps 494697 time 113 pv c3c2 b1a2 c2c1q h7d7 d2e2 d7g7 c1c2 a2a3 e2f2 g7g8 c2c4
info depth 9 score cp 374 nodes 179757 nps 484131 time 371 pv c3c2 b1a2 c2c1q h7b7 c1c4 a2a3 c4c5 a3a4 c5c6 b7b5 c6e4 a4a5 e4a8 a5b6 a8g2
info depth 10 score cp 393 nodes 373924 nps 467571 time 799 pv c3c2 b1a2 c2c1q h7d7 d2e2 d7b7 e2f3 b7b2 f6f5 h4h5 c1c4 a2a3 f5f4
info depth 11 score cp 397 nodes 566761 nps 453878 time 1248 pv c3c2 b1a2 c2c1q h7b7 c1c4 a2a3 d2c1 b7b3 c4d4 b3b5 d4c3 a3a4 c3c4 a4a5 c4a2 a5b6
--- Search Statistics ---
Total Time: 1.25s
Nodes Searched: 629728 (504229 NPS)
- Quiescence Nodes: 62967 (10.0%)
Transposition Table Hits: 37686.0 (6.0%)
Beta Cutoffs: 27356.0
Null Move Cutoffs: 2207.0
Futility Pruned: 39975.0
Razoring Used: 4921.0
QS Delta Pruned: 1879.0
QS SEE Pruned: 0
-------------------------

FEN: 8/7R/5p2/p7/7P/2p5/3k2N1/1K6 b - - 0 48
Best move found: c3c2
Score: 397
rating: 1188
theme: advancedPawn crushing defensiveMove deflection endgame long promotion

Test PASSED: The engine found the correct move (c3c2).
49 tests completed.
----------------------------------------
New game started. Caches and stats cleared.
--- Running Test: Lichess Puzzle 004Op ---
FEN: 2kr2r1/1bp4n/1pq1p2p/p1P5/1P3B2/P6P/5RP1/RB3QK1 b - - 4 26
info depth 1 score cp -118 nodes 263 nps 179834 time 1 pv h7g5
info depth 2 score cp -84 nodes 2619 nps 222600 time 11 pv h7f6 a1a2
info depth 3 score cp -32 nodes 7258 nps 240181 time 30 pv h7g5 g1h1 g5h3
info depth 4 score cp -77 nodes 24728 nps 237773 time 103 pv h7f6 a1a2 f6h5 f4e5
info depth 5 score cp -60 nodes 48749 nps 245880 time 198 pv h7g5 g1h2 b6c5 b4a5 c5c4
info depth 6 score cp -53 nodes 145359 nps 243459 time 597 pv h7g5 g1h2 g5e4 b1e4 c6e4 c5b6
info depth 7 score cp 23 nodes 229922 nps 243060 time 945 pv d8d1 f1d1 g8g2 g1f1 g2g1 f1e2 g1d1 e2d1 c6h1 d1d2
info depth 8 score cp 108 nodes 338980 nps 246896 time 1372 pv d8d1 f1d1 g8g2 g1f1 g2g1 f1e2 g1d1 e2d1 c6d7 d1c1 d7d4
--- Search Statistics ---
Total Time: 1.37s
Nodes Searched: 490603 (357284 NPS)
- Quiescence Nodes: 151623 (30.9%)
Transposition Table Hits: 5136.0 (1.0%)
Beta Cutoffs: 18821.0
Null Move Cutoffs: 1115.0
Futility Pruned: 166957.0
Razoring Used: 17.0
QS Delta Pruned: 85097.0
QS SEE Pruned: 0
-------------------------

FEN: 2kr2r1/1bp4n/1pq1p2p/p1P5/1P3B2/P6P/5RP1/RB3QK1 b - - 4 26
Best move found: d8d1
Score: 108
rating: 2164
theme: crushing deflection kingsideAttack middlegame pin sacrifice skewer veryLong

Test PASSED: The engine found the correct move (d8d1).
50 tests completed.
----------------------------------------
New game started. Caches and stats cleared.
--- Running Test: Lichess Puzzle 004RF ---
FEN: 5rk1/5ppp/1p6/1q3P1Q/2pp3P/6R1/6PK/8 w - - 0 31
info depth 1 score cp -638 nodes 119 nps 196737 time 0 pv h5e2
info depth 2 score cp -373 nodes 635 nps 245608 time 2 pv g3g7 g8g7 f5f6 g7f6
info depth 3 score cp -373 nodes 1401 nps 296958 time 4 pv g3g7 g8g7 f5f6 g7f6 h5b5
info depth 4 score cp -326 nodes 2297 nps 233922 time 9 pv g3g7 g8g7 f5f6 g7f6 h5b5 c4c3
info depth 5 score cp -236 nodes 4046 nps 269611 time 15 pv g3g7 g8g7 f5f6 g7f6 h5b5 f8c8 b5b6 f6e5
info depth 6 score cp -37 nodes 9052 nps 286635 time 31 pv g3g7 g8g7 f5f6 g7f6 h5b5 f8c8 b5g5 f6e6 g5g4 f7f5
info depth 7 score cp -35 nodes 17158 nps 320882 time 53 pv g3g7 g8g7 f5f6 g7f6 h5b5 f8c8 g2g4 f6g7 b5e5 g7g8
info depth 8 score cp 146 nodes 33202 nps 292921 time 113 pv g3g7 g8g7 f5f6 g7f6 h5b5 f8c8 b5b6 f6e5 b6b7 c8c5 b7e7 e5d5
info depth 9 score cp 178 nodes 133206 nps 321999 time 413 pv g3g7 g8g7 f5f6 g7f6 h5b5 f8c8 b5d7 c8c5 d7d4 f6e6 d4e4 e6f6 e4h7
info depth 10 score cp 146 nodes 230533 nps 342176 time 673 pv g3g7 g8g7 f5f6 g7f6 h5b5 f8c8 b5b6 f6e5 b6b7 c8c5 b7e7 e5d5 e7f7 d5e4 f7h7 c5f5
info depth 11 score cp 248 nodes 489241 nps 289606 time 1689 pv g3g7 g8g7 f5f6 g7f6 h5b5 f8c8 b5b6 f6e5 b6b7 c8c5 b7e7 e5d5 e7f7 d5e5 f7h5 e5d6 h5h7
--- Search Statistics ---
Total Time: 1.69s
Nodes Searched: 575462 (340597 NPS)
- Quiescence Nodes: 86221 (15.0%)
Transposition Table Hits: 22860.0 (4.0%)
Beta Cutoffs: 30672.0
Null Move Cutoffs: 5862.0
Futility Pruned: 98617.0
Razoring Used: 6200.0
QS Delta Pruned: 18944.0
QS SEE Pruned: 0
-------------------------

FEN: 5rk1/5ppp/1p6/1q3P1Q/2pp3P/6R1/6PK/8 w - - 0 31
Best move found: g3g7
Score: 248
rating: 1788
theme: attraction crushing discoveredAttack endgame long sacrifice

Test PASSED: The engine found the correct move (g3g7).
51 tests completed.
----------------------------------------
New game started. Caches and stats cleared.
--- Running Test: Lichess Puzzle 004X6 ---
FEN: 1r4k1/p4ppp/2Q5/3pq3/8/P6P/2PR1PP1/1R4K1 b - - 0 26
info depth 1 score mate 1 nodes 11 nps 30635 time 0 pv b8b1 d2d1
--- Search Statistics ---
Total Time: 0.00s
Nodes Searched: 15 (34721 NPS)
- Quiescence Nodes: 4 (26.7%)
Transposition Table Hits: 0.0 (0.0%)
Beta Cutoffs: 2.0
Null Move Cutoffs: 0.0
Futility Pruned: 23.0
Razoring Used: 0.0
QS Delta Pruned: 1.0
QS SEE Pruned: 0
-------------------------

FEN: 1r4k1/p4ppp/2Q5/3pq3/8/P6P/2PR1PP1/1R4K1 b - - 0 26
Best move found: b8b1
Score: 29999
rating: 1176
theme: endgame mate mateIn2 short

Test PASSED: The engine found the correct move (b8b1).
52 tests completed.
----------------------------------------
New game started. Caches and stats cleared.
--- Running Test: Lichess Puzzle 004iZ ---
FEN: r2r2k1/2q1bpp1/3p3p/1ppn4/1P1BP3/P5Q1/4RPPP/R5K1 w - - 0 21
info depth 1 score cp -6 nodes 28 nps 67845 time 0 pv b4c5
info depth 2 score cp 101 nodes 337 nps 123967 time 2 pv b4c5 d5f6
info depth 3 score mate 1 nodes 399 nps 57468 time 6 pv g3g7
--- Search Statistics ---
Total Time: 0.01s
Nodes Searched: 680 (97153 NPS)
- Quiescence Nodes: 281 (41.3%)
Transposition Table Hits: 41.0 (6.0%)
Beta Cutoffs: 3.0
Null Move Cutoffs: 0.0
Futility Pruned: 104.0
Razoring Used: 0.0
QS Delta Pruned: 91.0
QS SEE Pruned: 0
-------------------------

FEN: r2r2k1/2q1bpp1/3p3p/1ppn4/1P1BP3/P5Q1/4RPPP/R5K1 w - - 0 21
Best move found: g3g7
Score: 29999
rating: 1004
theme: kingsideAttack mate mateIn1 middlegame oneMove

Test PASSED: The engine found the correct move (g3g7).
53 tests completed.
----------------------------------------
New game started. Caches and stats cleared.
--- Running Test: Lichess Puzzle 004nd ---
FEN: 3q2k1/3r4/pp3p1Q/2b1n3/P3N3/2P5/1P4PP/R6K w - - 1 25
info depth 1 score cp 407 nodes 54 nps 110376 time 0 pv e4f6 g8f7
info depth 2 score cp 407 nodes 154 nps 153389 time 1 pv e4f6 g8f7 f6d7
info depth 3 score cp 407 nodes 1856 nps 259955 time 7 pv e4f6 g8f7 f6d7 d8d7
info depth 4 score cp 600 nodes 5156 nps 253827 time 20 pv e4f6 g8f7 f6d7 d8d7 h6f4 f7e6
info depth 5 score cp 445 nodes 12744 nps 169576 time 75 pv e4f6 g8f7 f6d7 d8d7 a1f1 f7g8 h6g5 d7g7
info depth 6 score cp 645 nodes 44489 nps 223517 time 199 pv e4f6 g8f7 f6d7 e5d7 a1f1 d7f6 h6h7 f7e6 h7f5 e6f7
info depth 7 score cp 614 nodes 120373 nps 258536 time 465 pv e4f6 g8f7 a1f1 f7e7 h6h7 e5f7 f6d7 d8d7 h7h4 e7e8
info depth 8 score cp 758 nodes 435142 nps 247447 time 1758 pv e4f6 g8f7 a1f1 d7d3 f6d7 f7g8 d7f6 g8f7 f6g4 f7e8 h6h8 e8d7 h8e5
--- Search Statistics ---
Total Time: 1.76s
Nodes Searched: 545841 (310367 NPS)
- Quiescence Nodes: 110699 (20.3%)
Transposition Table Hits: 21889.0 (4.0%)
Beta Cutoffs: 39079.0
Null Move Cutoffs: 1519.0
Futility Pruned: 178710.0
Razoring Used: 4427.0
QS Delta Pruned: 33370.0
QS SEE Pruned: 0
-------------------------

FEN: 3q2k1/3r4/pp3p1Q/2b1n3/P3N3/2P5/1P4PP/R6K w - - 1 25
Best move found: e4f6
Score: 758
rating: 898
theme: crushing fork middlegame short

Test PASSED: The engine found the correct move (e4f6).
54 tests completed.
----------------------------------------
New game started. Caches and stats cleared.
--- Running Test: Lichess Puzzle 004sg ---
FEN: 6k1/p3b2p/1p1pP3/2P3P1/2np3B/P6P/3Q3K/8 b - - 0 38
info depth 1 score cp 281 nodes 22 nps 61190 time 0 pv c4d2
info depth 2 score cp 49 nodes 41 nps 54923 time 0 pv c4d2 c5c6
info depth 3 score cp 209 nodes 541 nps 255560 time 2 pv c4d2 c5c6 g8f8
info depth 4 score cp 183 nodes 1201 nps 328252 time 3 pv c4d2 c5c6 d2f3 h2g3 f3g5
info depth 5 score cp 138 nodes 5212 nps 433950 time 12 pv c4d2 c5c6 e7d8 h4f2 d2f3 h2g2
info depth 6 score cp 227 nodes 10068 nps 458374 time 21 pv c4d2 c5c6 d2f3 h2g3 f3h4 g3h4 g8f8
info depth 7 score cp 235 nodes 22216 nps 488411 time 45 pv c4d2 c5c6 d6d5 c6c7 e7d6 h4g3 d2f3 h2g2 d6c7
info depth 8 score cp 189 nodes 57327 nps 510762 time 112 pv c4d2 c5c6 d6d5 h2g2 e7d6 h4e1 g8f8 e1d2
info depth 9 score cp 205 nodes 93633 nps 493291 time 189 pv c4d2 c5c6 d6d5 h2g2 e7d6 h4g3 d6g3 g2g3 g8f8
info depth 10 score cp 146 nodes 210326 nps 477089 time 440 pv c4d2 c5c6 d6d5 h2g2 e7d6 h4g3 d6g3 g2g3 d2e4 g3f4 g8f8
info depth 11 score cp 84 nodes 875143 nps 452913 time 1932 pv c4d2 c5c6 d6d5 h2g2 e7d6 h4g3 d2e4 g3d6 e4d6 c6c7 g8f8
--- Search Statistics ---
Total Time: 1.93s
Nodes Searched: 1088578 (563319 NPS)
- Quiescence Nodes: 213435 (19.6%)
Transposition Table Hits: 36977.0 (3.4%)
Beta Cutoffs: 70582.0
Null Move Cutoffs: 4074.0
Futility Pruned: 191683.0
Razoring Used: 6274.0
QS Delta Pruned: 35153.0
QS SEE Pruned: 0
-------------------------

FEN: 6k1/p3b2p/1p1pP3/2P3P1/2np3B/P6P/3Q3K/8 b - - 0 38
Best move found: c4d2
Score: 84
rating: 2612
theme: advantage clearance endgame hangingPiece long quietMove

Test PASSED: The engine found the correct move (c4d2).
55 tests completed.
----------------------------------------
New game started. Caches and stats cleared.
--- Running Test: Lichess Puzzle 004zI ---
FEN: 2q3k1/4br2/6pQ/1p1n2p1/7P/1P4P1/1B2PP2/6K1 w - - 0 28
info depth 1 score mate 1 nodes 57 nps 119777 time 0 pv h6h8
--- Search Statistics ---
Total Time: 0.00s
Nodes Searched: 86 (161319 NPS)
- Quiescence Nodes: 29 (33.7%)
Transposition Table Hits: 1.0 (1.2%)
Beta Cutoffs: 3.0
Null Move Cutoffs: 0.0
Futility Pruned: 21.0
Razoring Used: 0.0
QS Delta Pruned: 8.0
QS SEE Pruned: 0
-------------------------

FEN: 2q3k1/4br2/6pQ/1p1n2p1/7P/1P4P1/1B2PP2/6K1 w - - 0 28
Best move found: h6h8
Score: 29999
rating: 1397
theme: endgame mate mateIn1 oneMove

Test PASSED: The engine found the correct move (h6h8).
56 tests completed.
----------------------------------------
New game started. Caches and stats cleared.
--- Running Test: Lichess Puzzle 0050w ---
FEN: 5rk1/1p2p2p/p2p4/2pPb2R/2P1P3/1P1BKPrR/8/8 w - - 5 31
info depth 1 score cp -58 nodes 138 nps 229505 time 0 pv h3g3 e5g3
info depth 2 score cp 246 nodes 188 nps 162482 time 1 pv h3g3 e5g3 h5g5 g8h8
info depth 3 score cp 246 nodes 447 nps 210563 time 2 pv h3g3 e5g3 h5g5 g8h8 g5g3
info depth 4 score cp 245 nodes 1116 nps 262452 time 4 pv h3g3 e5g3 h5g5 g8h8 g5g3 h7h5
info depth 5 score cp 297 nodes 2495 nps 323596 time 7 pv h3g3 e5g3 h5g5 g8h8 g5g3 b7b6 f3f4
info depth 6 score cp 245 nodes 6392 nps 357786 time 17 pv h3g3 e5g3 h5g5 g8h8 g5g3 f8f6 f3f4 h7h5
info depth 7 score cp 258 nodes 16596 nps 407721 time 40 pv h3g3 e5g3 h5g5 g8h8 g5g3 f8g8 g3g8 h8g8 f3f4 h7h5
info depth 8 score cp 332 nodes 29359 nps 430090 time 68 pv h3g3 e5g3 h5g5 g8h8 g5g3 f8b8 f3f4 b7b5 e4e5 b5c4
info depth 9 score cp 350 nodes 61183 nps 434479 time 140 pv h3g3 e5g3 h5g5 g8h8 g5g3 f8f7 f3f4 h7h5 e4e5 h5h4 g3g6
info depth 10 score cp 332 nodes 93520 nps 413288 time 226 pv h3g3 e5g3 h5g5 g8h8 g5g3 f8f7 f3f4 h7h5 g3g6 f7f6 e4e5 f6g6
info depth 11 score cp 362 nodes 247900 nps 455296 time 544 pv h3g3 e5g3 h5g5 g8h8 g5g3 f8f6 f3f4 f6h6 e4e5 h6h2 e5e6 h2b2 g3h3
info depth 12 score cp 332 nodes 387898 nps 438126 time 885 pv h3g3 e5g3 h5g5 g8h8 g5g3 f8f6 f3f4 f6h6 e4e5 h6h2 e5e6 h7h5 g3g1 h5h4
info depth 13 score cp 356 nodes 877530 nps 446032 time 1967 pv h3g3 e5g3 h5g5 g8f7 g5g3 h7h5 e4e5 d6e5 g3g5 f8h8
--- Search Statistics ---
Total Time: 1.97s
Nodes Searched: 1076376 (547057 NPS)
- Quiescence Nodes: 198846 (18.5%)
Transposition Table Hits: 54613.0 (5.1%)
Beta Cutoffs: 58885.0
Null Move Cutoffs: 16220.0
Futility Pruned: 240932.0
Razoring Used: 9093.0
QS Delta Pruned: 33458.0
QS SEE Pruned: 0
-------------------------

FEN: 5rk1/1p2p2p/p2p4/2pPb2R/2P1P3/1P1BKPrR/8/8 w - - 5 31
Best move found: h3g3
Score: 356
rating: 853
theme: crushing endgame fork long

Test PASSED: The engine found the correct move (h3g3).
57 tests completed.
----------------------------------------
New game started. Caches and stats cleared.
--- Running Test: Lichess Puzzle 0055Y ---
FEN: r1b2rk1/p3pp2/2B5/2Qpq3/3N2pp/4b3/2P2PPP/1R2K2R w K - 0 24
info depth 1 score cp -169 nodes 104 nps 171938 time 0 pv f2e3
info depth 2 score cp -169 nodes 530 nps 238619 time 2 pv f2e3 e5e3 e1d1
info depth 3 score cp -24 nodes 1212 nps 200027 time 6 pv f2e3 e5e3 e1d1 c8a6
info depth 4 score cp -24 nodes 2593 nps 217743 time 11 pv f2e3 e5e3 e1d1 c8a6 c6a8
info depth 5 score cp -26 nodes 10032 nps 244959 time 40 pv f2e3 e5e3 e1d1 g4g3 h2h3 c8a6
info depth 6 score cp -26 nodes 25010 nps 249596 time 100 pv f2e3 e5e3 e1d1 g4g3 h2h3 c8a6 c6a8
info depth 7 score cp 156 nodes 68743 nps 173808 time 395 pv f2e3 c8a6 b1b3 a8d8 e1d1 g8h8 c5a7
info depth 8 score cp 97 nodes 217729 nps 223473 time 974 pv f2e3 c8a6 b1b3 a8b8 c5d5 e5d5 c6d5 e7e5
info depth 9 score cp 103 nodes 367554 nps 231810 time 1585 pv f2e3 c8a6 b1b3 a8d8 e1d1 a6c4 b3c3 d8b8 c3c4
--- Search Statistics ---
Total Time: 1.59s
Nodes Searched: 497500 (313732 NPS)
- Quiescence Nodes: 129946 (26.1%)
Transposition Table Hits: 15945.0 (3.2%)
Beta Cutoffs: 24399.0
Null Move Cutoffs: 2713.0
Futility Pruned: 207785.0
Razoring Used: 2215.0
QS Delta Pruned: 48916.0
QS SEE Pruned: 0
-------------------------

FEN: r1b2rk1/p3pp2/2B5/2Qpq3/3N2pp/4b3/2P2PPP/1R2K2R w K - 0 24
Best move found: f2e3
Score: 103
rating: 2089
theme: advantage defensiveMove middlegame short

Test PASSED: The engine found the correct move (f2e3).
58 tests completed.
----------------------------------------
New game started. Caches and stats cleared.
--- Running Test: Lichess Puzzle 005HF ---
FEN: 3r1rk1/1p4Rp/p2bp3/1q2Np2/3P4/1P5Q/5PPP/4R1K1 b - - 0 27
info depth 1 score cp 282 nodes 9 nps 24867 time 0 pv g8g7
info depth 2 score cp 310 nodes 98 nps 120859 time 0 pv g8g7 f2f4
info depth 3 score cp 348 nodes 453 nps 213773 time 2 pv g8g7 h3g3 g7h8 g3e3
info depth 4 score cp 358 nodes 4664 nps 263368 time 17 pv g8g7 e1e3 g7g8 e5f3
info depth 5 score cp 326 nodes 16616 nps 266941 time 62 pv g8g7 e5c4 b5d5 c4d6 d5d6
info depth 6 score cp 359 nodes 33731 nps 259300 time 130 pv g8g7 e1e3 b5b4 e5c4 d6f4 e3e6
info depth 7 score cp 425 nodes 104156 nps 254563 time 409 pv g8g7 e5c4 b5d5 c4d6 d8d6 h3g3 g7h8 g3e5 d5e5
info depth 8 score cp 425 nodes 156330 nps 254366 time 614 pv g8g7 e5c4 b5d5 c4d6 d8d6 h3g3 g7h8 g3e5 d5e5 d4e5
info depth 9 score cp 465 nodes 266022 nps 257063 time 1034 pv g8g7 e5c4 b5d5 c4d6 d8d6 h3g3 g7h8 g3e3 d5d4 e3h6
info depth 10 score cp 437 nodes 576718 nps 265300 time 2173 pv g8g7 e5c4 b5d5 c4d6 d8d6 h3h4 f5f4 e1e5 d5d4 h4e7 f8f7
--- Search Statistics ---
Total Time: 2.17s
Nodes Searched: 786724 (361869 NPS)
- Quiescence Nodes: 210006 (26.7%)
Transposition Table Hits: 18592.0 (2.4%)
Beta Cutoffs: 55172.0
Null Move Cutoffs: 4339.0
Futility Pruned: 318948.0
Razoring Used: 4911.0
QS Delta Pruned: 67196.0
QS SEE Pruned: 0
-------------------------

FEN: 3r1rk1/1p4Rp/p2bp3/1q2Np2/3P4/1P5Q/5PPP/4R1K1 b - - 0 27
Best move found: g8g7
Score: 437
rating: 1347
theme: crushing defensiveMove hangingPiece middlegame short

Test PASSED: The engine found the correct move (g8g7).
59 tests completed.
----------------------------------------
New game started. Caches and stats cleared.
--- Running Test: Lichess Puzzle 005N7 ---
FEN: r6k/2q3pp/8/2p5/R1np4/7P/2PB1PP1/6K1 w - - 0 33
info depth 1 score mate 1 nodes 13 nps 42531 time 0 pv a4a8 c7b8
--- Search Statistics ---
Total Time: 0.00s
Nodes Searched: 20 (53807 NPS)
- Quiescence Nodes: 7 (35.0%)
Transposition Table Hits: 0.0 (0.0%)
Beta Cutoffs: 0.0
Null Move Cutoffs: 0.0
Futility Pruned: 23.0
Razoring Used: 0.0
QS Delta Pruned: 0.0
QS SEE Pruned: 0
-------------------------

FEN: r6k/2q3pp/8/2p5/R1np4/7P/2PB1PP1/6K1 w - - 0 33
Best move found: a4a8
Score: 29999
rating: 600
theme: backRankMate endgame hangingPiece mate mateIn2 short

Test PASSED: The engine found the correct move (a4a8).
60 tests completed.
----------------------------------------
New game started. Caches and stats cleared.
--- Running Test: Lichess Puzzle 005YX ---
FEN: 2rr4/5pk1/p1Q1N1pp/1p4q1/3pP3/1B1P4/PPP3PP/6RK b - - 0 25
info depth 1 score cp -490 nodes 47 nps 109578 time 0 pv f7e6
info depth 2 score cp -490 nodes 229 nps 199687 time 1 pv f7e6 c6e6
info depth 3 score cp -242 nodes 496 nps 160870 time 3 pv f7e6 c6e6 d8f8
info depth 4 score cp -236 nodes 3286 nps 255108 time 12 pv f7e6 c6a6 g5f6 a6b5
info depth 5 score cp -218 nodes 9863 nps 296694 time 33 pv f7e6 c6e6 g7h8 e6f7 d8f8
info depth 6 score cp -202 nodes 16208 nps 292400 time 55 pv f7e6 c6e6 g5f6 e6f6 g7f6 g2g4 f6e7
info depth 7 score cp -244 nodes 66485 nps 317522 time 209 pv f7e6 c6a6 d8f8 a6a7 g7h8 b3e6 g5c5 a7c5
info depth 8 score cp -215 nodes 126987 nps 319727 time 397 pv f7e6 c6a6 d8f8 a6a7 g7h8 b3e6 c8c2 a7d4 g5f6 d4f6 f8f6
info depth 9 score cp -219 nodes 223746 nps 311946 time 717 pv f7e6 c6a6 d8f8 a6e6 c8d8 e6h3 g7h7 h3g3 g5g3
--- Search Statistics ---
Total Time: 3.00s
Nodes Searched: 290517 (96770 NPS)
- Quiescence Nodes: 66771 (23.0%)
Transposition Table Hits: 9024.0 (3.1%)
Beta Cutoffs: 15470.0
Null Move Cutoffs: 1026.0
Futility Pruned: 101711.0
Razoring Used: 1052.0
QS Delta Pruned: 15245.0
QS SEE Pruned: 0
-------------------------

FEN: 2rr4/5pk1/p1Q1N1pp/1p4q1/3pP3/1B1P4/PPP3PP/6RK b - - 0 25
Best move found: f7e6
Score: -219
rating: 1440
theme: defensiveMove equality middlegame short

Test PASSED: The engine found the correct move (f7e6).
61 tests completed.
----------------------------------------
New game started. Caches and stats cleared.
--- Running Test: Lichess Puzzle 005ws ---
FEN: 8/8/4Kpp1/7p/3N2kP/8/8/8 b - - 3 62
info depth 1 score cp 137 nodes 4 nps 11823 time 0 pv g4h4
info depth 2 score cp 137 nodes 40 nps 79362 time 0 pv g4h4 e6f6
info depth 3 score cp 204 nodes 175 nps 203268 time 0 pv g4h4 e6f6 g6g5
info depth 4 score cp 125 nodes 1106 nps 493290 time 2 pv g6g5 e6f6 g5h4 f6e5
info depth 5 score cp 141 nodes 3317 nps 583333 time 5 pv f6f5 e6f6 f5f4 d4e6 g4h4
info depth 6 score cp 81 nodes 6087 nps 648564 time 9 pv f6f5 e6f6 f5f4 f6g6 g4h4 g6f5
info depth 7 score cp 128 nodes 12840 nps 697033 time 18 pv f6f5 e6f6 f5f4 f6g6 g4h4 g6f5 h4g3
info depth 8 score cp 91 nodes 44616 nps 717251 time 62 pv g6g5 h4g5 f6g5 e6f6 h5h4 d4e6 h4h3 e6g5
info depth 9 score cp 0 nodes 65027 nps 750446 time 86 pv g6g5 h4g5 g4g5 d4f5 g5g6 f5e7 g6g5 e7f5 g5g6 f5d4
info depth 10 score cp 0 nodes 70022 nps 753297 time 92 pv g6g5 h4g5 g4g5 d4f5 g5g6 f5e7 g6g5 e7f5
info depth 11 score cp 0 nodes 205138 nps 754815 time 271 pv g6g5 h4g5 g4g5 d4f5 g5g6 f5e7 g6g5 e7f5
info depth 12 score cp 81 nodes 536499 nps 761972 time 704 pv g6g5 h4g5 f6g5 e6e5 h5h4 e5e4 g4g3 d4f3 g3g4 f3e5 g4g3 e4f5 h4h3
info depth 13 score cp 81 nodes 720744 nps 750775 time 959 pv g6g5 h4g5 f6g5 e6e5 h5h4 e5e4 g4g3 d4f3 g3g4 f3e5 g4g3 e4f5 h4h3 f5g5
info depth 14 score cp 81 nodes 1930271 nps 772636 time 2498 pv g6g5 h4g5 f6g5 e6e5 h5h4 e5e4 g4g3 d4f5 g3g4 f5d4
--- Search Statistics ---
Total Time: 2.50s
Nodes Searched: 2277249 (911464 NPS)
- Quiescence Nodes: 346978 (15.2%)
Transposition Table Hits: 264504.0 (11.6%)
Beta Cutoffs: 147059.0
Null Move Cutoffs: 55.0
Futility Pruned: 29811.0
Razoring Used: 14494.0
QS Delta Pruned: 9632.0
QS SEE Pruned: 0
-------------------------

FEN: 8/8/4Kpp1/7p/3N2kP/8/8/8 b - - 3 62
Best move found: g6g5
Score: 81
rating: 2281
theme: crushing endgame knightEndgame master quietMove veryLong

Test PASSED: The engine found the correct move (g6g5).
62 tests completed.
----------------------------------------
New game started. Caches and stats cleared.
--- Running Test: Lichess Puzzle 005xu ---
FEN: 6r1/3k4/1K1P4/2P5/R7/5b2/8/8 w - - 1 69
info depth 1 score cp 182 nodes 51 nps 131072 time 0 pv a4a7 d7e6
info depth 2 score cp 44 nodes 274 nps 244363 time 1 pv a4b4 g8b8 b6a5
info depth 3 score cp 119 nodes 1533 nps 403835 time 3 pv a4a7 d7e6 a7c7 g8g2
info depth 4 score cp 157 nodes 2503 nps 414954 time 6 pv a4a7 d7e6 b6b5 g8b8 b5c4 b8b2
info depth 5 score cp 182 nodes 7845 nps 404931 time 19 pv a4a7 d7d8 c5c6 f3g4 b6c5 g4f5
info depth 6 score cp 108 nodes 14808 nps 289223 time 51 pv a4a7 d7e6 a7e7 e6f6 c5c6 g8a8 b6c7 a8a7 c7d8
info depth 7 score cp 84 nodes 37863 nps 371590 time 101 pv a4a7 d7e6 a7e7 e6f6 e7h7 g8b8 b6a6 f6e6 h7c7 b8b2
info depth 8 score cp 152 nodes 93927 nps 402277 time 233 pv a4a7 d7e6 a7e7 e6f6 c5c6 g8f8 c6c7 f6g6 e7h7 g6h7
info depth 9 score cp 159 nodes 199742 nps 412217 time 484 pv a4a7 d7e6 a7e7 e6f6 c5c6 g8b8 b6c5 b8a8 c6c7 f3b7 c5b6 b7d5
info depth 10 score cp 152 nodes 524456 nps 425251 time 1233 pv a4a7 d7e6 a7e7 e6f6 c5c6 f3g4 c6c7 g8f8 e7h7 f6g6 h7e7 g4f3
--- Search Statistics ---
Total Time: 1.23s
Nodes Searched: 572187 (463875 NPS)
- Quiescence Nodes: 47731 (8.3%)
Transposition Table Hits: 13913.0 (2.4%)
Beta Cutoffs: 16677.0
Null Move Cutoffs: 2656.0
Futility Pruned: 42275.0
Razoring Used: 2352.0
QS Delta Pruned: 1925.0
QS SEE Pruned: 0
-------------------------

FEN: 6r1/3k4/1K1P4/2P5/R7/5b2/8/8 w - - 1 69
Best move found: a4a7
Score: 152
rating: 1956
theme: advancedPawn crushing endgame exposedKing long

Test PASSED: The engine found the correct move (a4a7).
63 tests completed.
----------------------------------------
New game started. Caches and stats cleared.
--- Running Test: Lichess Puzzle 0061g ---
FEN: 6k1/pp3pp1/2p1q1Pp/3b4/8/6Q1/PB3Pp1/3r1NK1 w - - 0 28
info depth 1 score cp -1366 nodes 118 nps 148315 time 0 pv g6f7 e6f7
info depth 2 score mate 2 nodes 905 nps 222604 time 4 pv g3b8 e6c8 b8c8
--- Search Statistics ---
Total Time: 0.00s
Nodes Searched: 1483 (359069 NPS)
- Quiescence Nodes: 578 (39.0%)
Transposition Table Hits: 9.0 (0.6%)
Beta Cutoffs: 28.0
Null Move Cutoffs: 0.0
Futility Pruned: 20.0
Razoring Used: 0.0
QS Delta Pruned: 126.0
QS SEE Pruned: 0
-------------------------

FEN: 6k1/pp3pp1/2p1q1Pp/3b4/8/6Q1/PB3Pp1/3r1NK1 w - - 0 28
Best move found: g3b8
Score: 29997
rating: 773
theme: endgame mate mateIn2 short

Test PASSED: The engine found the correct move (g3b8).
64 tests completed.
----------------------------------------
New game started. Caches and stats cleared.
--- Running Test: Lichess Puzzle 0066C ---
FEN: r2q1r1k/2p3p1/pb2Q2p/1p1B1n2/8/2P5/PP1B1PPP/3RR1K1 b - - 0 20
info depth 1 score cp -325 nodes 446 nps 210636 time 2 pv f8f6
info depth 2 score cp -85 nodes 2385 nps 239167 time 9 pv b6f2 g1h1 f5h4
info depth 3 score cp -119 nodes 5391 nps 245662 time 21 pv b6f2 g1f1 f5e3 d2e3 f2e3 d5f3
info depth 4 score cp 7 nodes 16364 nps 231309 time 70 pv b6f2 g1h1 f2e1 d1e1 f8f6
info depth 5 score cp 4 nodes 23222 nps 236256 time 98 pv b6f2 g1h1 f2e1 d1e1 h6h5 d5a8
info depth 6 score cp 42 nodes 40912 nps 238971 time 171 pv b6f2 g1h1 f2e1 d1e1 c7c6 c3c4 f8f6
info depth 7 score cp 82 nodes 159307 nps 240273 time 663 pv b6f2 g1f2 f5d4 f2g1 d4e6 d5a8 d8a8 e1e6 h8h7
info depth 8 score cp 110 nodes 356710 nps 239099 time 1491 pv b6f2 g1f2 f5d4 f2g1 d4e6 d5a8 d8a8 e1e6 a8d5 e6e7
--- Search Statistics ---
Total Time: 1.49s
Nodes Searched: 465947 (312286 NPS)
- Quiescence Nodes: 109237 (23.4%)
Transposition Table Hits: 8722.0 (1.9%)
Beta Cutoffs: 24417.0
Null Move Cutoffs: 1391.0
Futility Pruned: 212614.0
Razoring Used: 961.0
QS Delta Pruned: 50406.0
QS SEE Pruned: 0
-------------------------

FEN: r2q1r1k/2p3p1/pb2Q2p/1p1B1n2/8/2P5/PP1B1PPP/3RR1K1 b - - 0 20
Best move found: b6f2
Score: 110
rating: 1736
theme: advantage discoveredAttack kingsideAttack long middlegame sacrifice

Test PASSED: The engine found the correct move (b6f2).
65 tests completed.
----------------------------------------
New game started. Caches and stats cleared.
--- Running Test: Lichess Puzzle 6.00E+01 ---
FEN: 5rk1/R4pp1/1p5p/3Q4/1PPp2q1/3P2P1/5P2/4K3 b - - 0 34
info depth 1 score cp -29 nodes 145 nps 229846 time 0 pv f8e8 e1d2
info depth 2 score cp 104 nodes 464 nps 230232 time 2 pv f8e8 e1f1 g4d1 f1g2
info depth 3 score cp 213 nodes 986 nps 164541 time 5 pv f8e8 e1d2 g4e2 d2c1 e2e1 c1c2
info depth 4 score cp 317 nodes 2283 nps 192003 time 11 pv f8e8 e1d2 g4e2 d2c1 e2e1 c1b2 e8e2 b2b3
info depth 5 score cp 402 nodes 5852 nps 233640 time 25 pv f8e8 e1f1 g4h3 d5g2 e8e1 f1e1 h3g2 e1e2
info depth 6 score cp 379 nodes 9899 nps 257591 time 38 pv f8e8 e1f1 g4h3 d5g2 e8e1 f1e1 h3g2 c4c5 g2g1 e1e2
info depth 7 score cp 395 nodes 35489 nps 283792 time 125 pv f8e8 e1f1 g4h3 d5g2 e8e1 f1e1 h3g2 e1e2 h6h5 c4c5
info depth 8 score cp 427 nodes 66388 nps 290212 time 228 pv f8e8 e1f1 g4h3 d5g2 e8e1 f1e1 h3g2 e1e2 g2c6 b4b5 c6d6
info depth 9 score cp 420 nodes 122326 nps 294953 time 414 pv f8e8 e1f1 g4h3 d5g2 e8e1 f1e1 h3g2 e1e2 g2c6 b4b5 c6e6 e2f3 h6h5
info depth 10 score cp 436 nodes 169787 nps 295792 time 574 pv f8e8 e1f1 g4h3 d5g2 e8e1 f1e1 h3g2 e1e2 f7f5 a7d7 f5f4 d7d8 g8h7 g3f4
info depth 11 score cp 426 nodes 378516 nps 265331 time 1426 pv f8e8 e1f1 g4h3 d5g2 e8e1 f1e1 h3g2 e1e2 f7f5 a7d7 f5f4 d7d4 f4g3 d4d8 g8h7
--- Search Statistics ---
Total Time: 1.43s
Nodes Searched: 489173 (342831 NPS)
- Quiescence Nodes: 110657 (22.6%)
Transposition Table Hits: 28106.0 (5.7%)
Beta Cutoffs: 44265.0
Null Move Cutoffs: 8560.0
Futility Pruned: 178670.0
Razoring Used: 10984.0
QS Delta Pruned: 22451.0
QS SEE Pruned: 0
-------------------------

FEN: 5rk1/R4pp1/1p5p/3Q4/1PPp2q1/3P2P1/5P2/4K3 b - - 0 34
Best move found: f8e8
Score: 426
rating: 1606
theme: crushing deflection endgame veryLong

Test PASSED: The engine found the correct move (f8e8).
66 tests completed.
----------------------------------------
New game started. Caches and stats cleared.
--- Running Test: Lichess Puzzle 006HV ---
FEN: 1r6/5k2/2Q1pNp1/p5Pp/1p2P2P/2P4R/KP3P2/3q4 b - - 0 31
info depth 1 score cp -436 nodes 151 nps 161073 time 0 pv d1f1
info depth 2 score mate 2 nodes 195 nps 108877 time 1 pv b4b3 a2a3 d1a1
--- Search Statistics ---
Total Time: 0.00s
Nodes Searched: 300 (162088 NPS)
- Quiescence Nodes: 105 (35.0%)
Transposition Table Hits: 3.0 (1.0%)
Beta Cutoffs: 14.0
Null Move Cutoffs: 0.0
Futility Pruned: 128.0
Razoring Used: 0.0
QS Delta Pruned: 33.0
QS SEE Pruned: 0
-------------------------

FEN: 1r6/5k2/2Q1pNp1/p5Pp/1p2P2P/2P4R/KP3P2/3q4 b - - 0 31
Best move found: b4b3
Score: 29997
rating: 1214
theme: endgame mate mateIn2 short

Test PASSED: The engine found the correct move (b4b3).
67 tests completed.
----------------------------------------
New game started. Caches and stats cleared.
--- Running Test: Lichess Puzzle 006NL ---
FEN: 1r6/k2qn1b1/p1N1p1p1/2PpPpN1/2n2P1P/p4B2/1PP2Q2/1K1R3R b - - 0 32
info depth 1 score cp -287 nodes 303 nps 204649 time 1 pv d7c6
info depth 2 score cp -172 nodes 581 nps 166249 time 3 pv d7c6 b2b3
info depth 3 score cp -189 nodes 1292 nps 185589 time 6 pv d7c6 b2b3 a3a2 b1a1
info depth 4 score cp -150 nodes 6746 nps 258107 time 26 pv d7c6 g5e6 g7e5 f4e5
info depth 5 score cp -121 nodes 19432 nps 263361 time 73 pv d7c6 b2b3 c4e5 f4e5 a3a2 b1a2
info depth 6 score cp -199 nodes 54908 nps 257639 time 213 pv d7c6 b2b3 a7a8 h4h5 c4e5 h5h6
info depth 7 score cp -172 nodes 73038 nps 166271 time 439 pv d7c6 b2b3 c4e5 f4e5 g7e5 f2d2 a7a8
info depth 8 score cp -186 nodes 166679 nps 207689 time 802 pv d7c6 b2b3 c4e5 f4e5 g7e5 h1e1 e5c3 e1e2
info depth 9 score cp -125 nodes 364816 nps 230215 time 1584 pv d7c6 b2b3 c4e5 f4e5 g7e5 h1e1 e5f6 b1a2 f6g5
--- Search Statistics ---
Total Time: 1.58s
Nodes Searched: 511768 (322913 NPS)
- Quiescence Nodes: 146952 (28.7%)
Transposition Table Hits: 7652.0 (1.5%)
Beta Cutoffs: 22360.0
Null Move Cutoffs: 1519.0
Futility Pruned: 139652.0
Razoring Used: 95.0
QS Delta Pruned: 66421.0
QS SEE Pruned: 0
-------------------------

FEN: 1r6/k2qn1b1/p1N1p1p1/2PpPpN1/2n2P1P/p4B2/1PP2Q2/1K1R3R b - - 0 32
Best move found: d7c6
Score: -125
rating: 2279
theme: advancedPawn advantage middlegame pin veryLong

Test FAILED: The engine suggested d7c6, but the correct move is e7c6.
68 tests completed.
----------------------------------------
New game started. Caches and stats cleared.
--- Running Test: Lichess Puzzle 006RM ---
FEN: 1k1r3r/8/pp1n2p1/2q5/1Q6/3R2P1/PPP2P1P/3R2K1 w - - 5 30
info depth 1 score cp 324 nodes 11 nps 31131 time 0 pv b4c5
info depth 2 score cp 490 nodes 25 nps 39316 time 0 pv b4c5 b6c5
info depth 3 score cp 127 nodes 1629 nps 208798 time 7 pv b4c5 b6c5 d3a3
info depth 4 score cp 490 nodes 2714 nps 177817 time 15 pv b4c5 b6c5 d3d6 d8d6
info depth 5 score cp 475 nodes 4853 nps 204718 time 23 pv b4c5 b6c5 d3d6 b8c7 d6d8
info depth 6 score cp 475 nodes 8622 nps 217688 time 39 pv b4c5 b6c5 d3d6 b8c7 d6d8 h8d8
info depth 7 score cp 475 nodes 37024 nps 236616 time 156 pv b4c5 b6c5 d3d6 b8c7 d6d8 h8d8 d1d8
info depth 8 score cp 475 nodes 56281 nps 250412 time 224 pv b4c5 b6c5 d3d6 b8c7 d6d8 h8d8 d1d8 c7d8
info depth 9 score cp 520 nodes 87474 nps 261100 time 335 pv b4c5 b6c5 d3d6 b8c7 d6d8 h8d8 d1d8 c7d8 g1g2
info depth 10 score cp 440 nodes 481646 nps 260956 time 1845 pv b4c5 b6c5 d3d6 b8c7 d6d8 h8d8 d1d8 c7d8 g1g2 d8c7
--- Search Statistics ---
Total Time: 1.85s
Nodes Searched: 632626 (342727 NPS)
- Quiescence Nodes: 150980 (23.9%)
Transposition Table Hits: 20323.0 (3.2%)
Beta Cutoffs: 41402.0
Null Move Cutoffs: 7608.0
Futility Pruned: 363746.0
Razoring Used: 4313.0
QS Delta Pruned: 40715.0
QS SEE Pruned: 0
-------------------------

FEN: 1k1r3r/8/pp1n2p1/2q5/1Q6/3R2P1/PPP2P1P/3R2K1 w - - 5 30
Best move found: b4c5
Score: 440
rating: 1556
theme: crushing long middlegame

Test PASSED: The engine found the correct move (b4c5).
69 tests completed.
----------------------------------------
New game started. Caches and stats cleared.
--- Running Test: Lichess Puzzle 006ia ---
FEN: 1r4k1/4bpp1/1rp2n1B/3p4/3P4/2N3P1/Pq2QPKP/2R1R3 b - - 0 24
info depth 1 score cp -114 nodes 246 nps 211347 time 1 pv e7a3
info depth 2 score cp -80 nodes 1342 nps 273439 time 4 pv f6e4 h6d2
info depth 3 score cp 16 nodes 2838 nps 289325 time 9 pv b2e2 e1e2 e7a3
info depth 4 score cp 44 nodes 3879 nps 277379 time 13 pv b2e2 e1e2 e7a3 h6d2
info depth 5 score cp 44 nodes 8829 nps 269523 time 32 pv b2e2 e1e2 e7a3 h6d2 a3c1
info depth 6 score cp -12 nodes 29967 nps 262012 time 114 pv b2e2 e1e2 e7a3 h6g7 g8g7 c1d1
info depth 7 score cp 78 nodes 46614 nps 262413 time 177 pv b2e2 e1e2 e7a3 h6g7 g8g7 c1c2 b8h8
info depth 8 score cp -7 nodes 76023 nps 274551 time 276 pv b2e2 e1e2 e7a3 h6g7 g8g7 c1c2 a3d6 h2h4
info depth 9 score cp 35 nodes 214195 nps 268003 time 799 pv b2e2 e1e2 e7a3 h6g7 g8g7 c1c2 a3d6 c3a4 b6b1
info depth 10 score cp 35 nodes 604935 nps 259836 time 2328 pv b2e2 e1e2 e7a3 h6g7 g8g7 c1e1 a3b4 e1c1 b4a3
--- Search Statistics ---
Total Time: 2.33s
Nodes Searched: 853757 (366680 NPS)
- Quiescence Nodes: 248822 (29.1%)
Transposition Table Hits: 23820.0 (2.8%)
Beta Cutoffs: 49287.0
Null Move Cutoffs: 9624.0
Futility Pruned: 630194.0
Razoring Used: 2934.0
QS Delta Pruned: 110975.0
QS SEE Pruned: 0
-------------------------

FEN: 1r4k1/4bpp1/1rp2n1B/3p4/3P4/2N3P1/Pq2QPKP/2R1R3 b - - 0 24
Best move found: b2e2
Score: 35
rating: 2058
theme: advantage long middlegame

Test PASSED: The engine found the correct move (b2e2).
70 tests completed.
----------------------------------------
New game started. Caches and stats cleared.
--- Running Test: Lichess Puzzle 006om ---
FEN: 1r3k2/5p1p/2p1pp2/P2n4/r3N3/P4PK1/2R2P1P/2R5 w - - 10 30
info depth 1 score cp 13 nodes 86 nps 138681 time 0 pv c2c6
info depth 2 score cp 79 nodes 554 nps 275443 time 2 pv c2c6 f8g7
info depth 3 score cp 273 nodes 846 nps 145205 time 5 pv e4c5 a4a5 c5d7 f8g8
info depth 4 score cp 273 nodes 1334 nps 174713 time 7 pv e4c5 a4a5 c5d7 f8g8 d7b8
info depth 5 score cp 317 nodes 3591 nps 234767 time 15 pv e4c5 a4a5 c5d7 f8g8 d7b8 a5a3
info depth 6 score cp 317 nodes 10014 nps 257261 time 38 pv e4c5 a4a5 c5d7 f8g8 d7b8 a5a3 b8c6
info depth 7 score cp 337 nodes 35197 nps 293139 time 120 pv e4c5 a4a5 c5d7 f8g8 d7b8 a5a3 c2d2 a3b3
info depth 8 score cp 354 nodes 57788 nps 316352 time 182 pv e4c5 a4a5 c5d7 f8g8 d7b8 a5a3 b8c6 h7h5 h2h4
info depth 9 score cp 370 nodes 118906 nps 339241 time 350 pv e4c5 a4a5 c5d7 f8g8 d7b8 a5a3 b8c6 f6f5 c1e1 f5f4 g3g2
info depth 10 score cp 392 nodes 419943 nps 366518 time 1145 pv e4c5 b8b5 c5a4 b5a5 c2c4 d5e7 c1d1 a5g5 c4g4 g5d5 a4c3
info depth 11 score cp 407 nodes 696123 nps 377166 time 1845 pv e4c5 b8b5 c5a4 b5a5 c2c4 f6f5 c1e1 f8g8 g3g2 h7h5 a4c5
--- Search Statistics ---
Total Time: 1.85s
Nodes Searched: 892863 (483717 NPS)
- Quiescence Nodes: 196740 (22.0%)
Transposition Table Hits: 41964.0 (4.7%)
Beta Cutoffs: 60541.0
Null Move Cutoffs: 11624.0
Futility Pruned: 360074.0
Razoring Used: 6651.0
QS Delta Pruned: 36373.0
QS SEE Pruned: 0
-------------------------

FEN: 1r3k2/5p1p/2p1pp2/P2n4/r3N3/P4PK1/2R2P1P/2R5 w - - 10 30
Best move found: e4c5
Score: 407
rating: 1900
theme: crushing endgame fork long master

Test PASSED: The engine found the correct move (e4c5).
71 tests completed.
----------------------------------------
New game started. Caches and stats cleared.
--- Running Test: Lichess Puzzle 006wz ---
FEN: 2r5/4ppkp/6p1/1p6/1P6/P3B3/1br2PPP/1R1R2K1 w - - 3 23
info depth 1 score cp 182 nodes 108 nps 196437 time 0 pv d1d7
info depth 2 score cp 84 nodes 816 nps 310604 time 2 pv d1d5 f7f6
info depth 3 score cp 323 nodes 1427 nps 211359 time 6 pv b1b2 h7h6 b2c2
info depth 4 score cp 327 nodes 2237 nps 186734 time 11 pv b1b2 f7f6 b2c2 c8c2
info depth 5 score cp 287 nodes 3619 nps 230410 time 15 pv b1b2 c2b2 e3d4 g7g8 d4b2 c8c2
info depth 6 score cp 319 nodes 7598 nps 273879 time 27 pv b1b2 c2b2 e3d4 f7f6 d4b2 c8c2 b2d4
info depth 7 score cp 309 nodes 17964 nps 322774 time 55 pv b1b2 c2b2 e3d4 f7f6 d4b2 c8c2 d1d5 c2b2
info depth 8 score cp 386 nodes 73943 nps 422266 time 175 pv b1b2 c2b2 e3d4 f7f6 d4b2 c8c2 b2c1 g7h8 d1e1
info depth 9 score cp 331 nodes 109318 nps 398931 time 274 pv b1b2 c2b2 e3d4 f7f6 d4b2 c8c2 b2d4 e7e5 d4c5 c2a2
info depth 10 score cp 396 nodes 228369 nps 429300 time 531 pv b1b2 c2b2 e3d4 f7f6 d4b2 c8c2 b2d4 h7h5 d4e3 g7h7 d1d7
info depth 11 score cp 376 nodes 461823 nps 429383 time 1075 pv b1b2 c2b2 e3d4 f7f6 d4b2 c8c2 b2d4 c2e2 d4c5 g6g5 g1f1 e2a2
--- Search Statistics ---
Total Time: 3.00s
Nodes Searched: 607144 (202234 NPS)
- Quiescence Nodes: 145321 (23.9%)
Transposition Table Hits: 24241.0 (4.0%)
Beta Cutoffs: 36451.0
Null Move Cutoffs: 6870.0
Futility Pruned: 168060.0
Razoring Used: 6313.0
QS Delta Pruned: 15373.0
QS SEE Pruned: 0
-------------------------

FEN: 2r5/4ppkp/6p1/1p6/1P6/P3B3/1br2PPP/1R1R2K1 w - - 3 23
Best move found: b1b2
Score: 376
rating: 1466
theme: attraction crushing endgame fork long sacrifice

Test PASSED: The engine found the correct move (b1b2).
72 tests completed.
----------------------------------------
New game started. Caches and stats cleared.
--- Running Test: Lichess Puzzle 006x0 ---
FEN: 8/3Q1kr1/8/1P2pB2/2Pp1n2/q2P3P/7K/5R2 b - - 8 49
info depth 1 score cp -725 nodes 56 nps 112115 time 0 pv a3e7
info depth 2 score cp -474 nodes 153 nps 91819 time 1 pv f7f6 d7d4
info depth 3 score cp -512 nodes 880 nps 212052 time 4 pv f7f6 d7c6 f6f5 c6e4 f5f6
info depth 4 score cp -512 nodes 1919 nps 240753 time 7 pv f7f6 d7c6 f6f5 c6e4 f5f6 f1f4 e5f4
info depth 5 score cp -462 nodes 4092 nps 120174 time 34 pv f7f6 d7c6 f6f5 c6e4 f5e6 f1f4 a3b2 h2h1
info depth 6 score cp -376 nodes 14625 nps 81533 time 179 pv a3e7 d7e7 f7e7 c4c5 g7g5 f1f4 e5f4
info depth 7 score cp -379 nodes 25036 nps 119687 time 209 pv a3e7 d7e7 f7e7 f1f2 e7f6 f5e4 g7d7 f2f4 e5f4
info depth 8 score cp -390 nodes 41128 nps 164397 time 250 pv a3e7 d7e7 f7e7 f1f2 e7d6 f5e4 d6c5 f2f3 f4d3
info depth 9 score cp -200 nodes 407556 nps 150458 time 2708 pv f7f6 d7c6 f6f5 f1f4 e5f4 c6e4 f5g5 e4e5 g5g6 e5e6 g6h7 e6f5 h7g8 f5d5 g7f7 d5d4
--- Search Statistics ---
Total Time: 2.71s
Nodes Searched: 493468 (182162 NPS)
- Quiescence Nodes: 85912 (17.4%)
Transposition Table Hits: 30622.0 (6.2%)
Beta Cutoffs: 28958.0
Null Move Cutoffs: 2258.0
Futility Pruned: 101412.0
Razoring Used: 4181.0
QS Delta Pruned: 15572.0
QS SEE Pruned: 0
-------------------------

FEN: 8/3Q1kr1/8/1P2pB2/2Pp1n2/q2P3P/7K/5R2 b - - 8 49
Best move found: f7f6
Score: -200
rating: 1341
theme: defensiveMove endgame equality short

Test PASSED: The engine found the correct move (f7f6).
73 tests completed.
----------------------------------------
New game started. Caches and stats cleared.
--- Running Test: Lichess Puzzle 006yP ---
FEN: 6R1/8/Kpk1p3/1p1pP3/6P1/PPr5/8/8 w - - 0 41
info depth 1 score cp 598 nodes 41 nps 99116 time 0 pv g8c8 c6d7
info depth 2 score cp 598 nodes 56 nps 91535 time 0 pv g8c8 c6d7 c8c3
info depth 3 score cp 555 nodes 169 nps 171382 time 0 pv g8c8 c6d7 c8c3 d5d4
info depth 4 score cp 555 nodes 413 nps 243532 time 1 pv g8c8 c6d7 c8c3 d5d4 a6b5
info depth 5 score cp 741 nodes 794 nps 281964 time 2 pv g8c8 c6d7 c8c3 b5b4 a3b4 d5d4
info depth 6 score cp 741 nodes 1439 nps 341110 time 4 pv g8c8 c6d7 c8c3 b5b4 a3b4 d5d4 a6b6
info depth 7 score cp 759 nodes 2987 nps 388404 time 7 pv g8c8 c6d7 c8c3 b5b4 a3b4 b6b5 a6b5 d5d4
info depth 8 score cp 906 nodes 6265 nps 389460 time 16 pv g8c8 c6d7 c8c3 b5b4 a3b4 d5d4 c3d3 d7e7 d3d4
info depth 9 score cp 924 nodes 12937 nps 415788 time 31 pv g8c8 c6d7 c8c3 b5b4 a3b4 d5d4 c3d3 d7c7 d3d4 c7c6
info depth 10 score cp 997 nodes 22805 nps 439480 time 51 pv g8c8 c6d7 c8c3 b5b4 a3b4 b6b5 a6b5 d7e7 b5c5 e7f7 c3d3
info depth 11 score cp 992 nodes 33854 nps 445650 time 75 pv g8c8 c6d7 c8c3 b5b4 a3b4 b6b5 a6b5 d7e7 b5c5 e7e8 c3d3 e8d7
info depth 12 score cp 1100 nodes 324329 nps 379186 time 855 pv g8c8 c6d7 c8c3 d5d4 c3d3 d7c6 d3d4 c6c5 g4g5 c5d4 a6b5 d4d5 g5g6
info depth 13 score cp 1104 nodes 374431 nps 389222 time 961 pv g8c8 c6d7 c8c3 d5d4 c3d3 d7c6 d3d4 c6c5 d4d6 b5b4 a3b4 c5b4 a6b6 b4c3 d6e6
info depth 14 score cp 1082 nodes 489602 nps 406930 time 1203 pv g8c8 c6d7 c8c3 d5d4 c3d3 d7c6 d3d4 c6c5 d4d1 b5b4 a3a4 c5c6 d1d4 c6c5 d4c4 c5d5
--- Search Statistics ---
Total Time: 1.20s
Nodes Searched: 533610 (443439 NPS)
- Quiescence Nodes: 44008 (8.2%)
Transposition Table Hits: 36875.0 (6.9%)
Beta Cutoffs: 25054.0
Null Move Cutoffs: 9129.0
Futility Pruned: 124284.0
Razoring Used: 5630.0
QS Delta Pruned: 25349.0
QS SEE Pruned: 0
-------------------------

FEN: 6R1/8/Kpk1p3/1p1pP3/6P1/PPr5/8/8 w - - 0 41
Best move found: g8c8
Score: 1082
rating: 806
theme: crushing endgame master rookEndgame short skewer

Test PASSED: The engine found the correct move (g8c8).
74 tests completed.
----------------------------------------
New game started. Caches and stats cleared.
--- Running Test: Lichess Puzzle 761 ---
FEN: 3r2k1/1b4bR/p2P2p1/3p2N1/2p5/2P2N2/PP6/2K5 w - - 0 29
info depth 1 score cp 64 nodes 213 nps 260083 time 0 pv g5e6
info depth 2 score cp 492 nodes 387 nps 253703 time 1 pv h7g7 g8g7 g5e6 g7f6
info depth 3 score cp 492 nodes 520 nps 172906 time 3 pv h7g7 g8g7 g5e6 g7f6 e6d8
info depth 4 score cp 478 nodes 912 nps 182013 time 5 pv h7g7 g8g7 g5e6 g7f6 e6d8 b7c8
info depth 5 score cp 482 nodes 3085 nps 308728 time 9 pv h7g7 g8g7 g5e6 g7f6 e6d8 b7c8 f3d4
info depth 6 score cp 422 nodes 4029 nps 186494 time 21 pv h7g7 g8g7 g5e6 g7f6 e6d8 b7a8 a2a4 g6g5
info depth 7 score cp 417 nodes 11068 nps 263607 time 41 pv h7g7 g8g7 g5e6 g7f6 e6d8 b7c8 f3d4 c8g4 d4e6
info depth 8 score cp 396 nodes 20148 nps 305782 time 65 pv h7g7 g8g7 g5e6 g7f6 e6d8 b7c8 f3d4 g6g5 d8e6 g5g4
info depth 9 score cp 418 nodes 73667 nps 354374 time 207 pv h7g7 g8g7 g5e6 g7f6 e6d8 b7c8 f3d4 f6e5 d8f7 e5f4 f7h6 g6g5
info depth 10 score cp 382 nodes 153999 nps 373629 time 412 pv h7g7 g8g7 g5e6 g7f6 e6d8 b7c8 f3d4 g6g5 b2b3 c4b3 a2b3 g5g4
info depth 11 score cp 382 nodes 243393 nps 375152 time 648 pv h7g7 g8g7 g5e6 g7f6 e6d8 b7c8 f3d4 f6e5 d8f7 e5f6 f7d8
info depth 12 score cp 382 nodes 534069 nps 385129 time 1386 pv h7g7 g8g7 g5e6 g7f6 e6d8 b7c8 f3d4 f6e5 d8f7 e5f6 f7d8
--- Search Statistics ---
Total Time: 1.39s
Nodes Searched: 693301 (499895 NPS)
- Quiescence Nodes: 159232 (23.0%)
Transposition Table Hits: 41382.0 (6.0%)
Beta Cutoffs: 74059.0
Null Move Cutoffs: 20319.0
Futility Pruned: 421835.0
Razoring Used: 18889.0
QS Delta Pruned: 54516.0
QS SEE Pruned: 0
-------------------------

FEN: 3r2k1/1b4bR/p2P2p1/3p2N1/2p5/2P2N2/PP6/2K5 w - - 0 29
Best move found: h7g7
Score: 382
rating: 1490
theme: attraction crushing endgame exposedKing fork long sacrifice

Test PASSED: The engine found the correct move (h7g7).
75 tests completed.
----------------------------------------
New game started. Caches and stats cleared.
--- Running Test: Lichess Puzzle 007Rn ---
FEN: 4r1k1/p4p1p/1p6/6B1/3P2n1/P4Q2/1P4P1/7K b - - 0 34
info depth 1 score mate 1 nodes 53 nps 121408 time 0 pv e8e1 f3f1
--- Search Statistics ---
Total Time: 0.00s
Nodes Searched: 85 (152422 NPS)
- Quiescence Nodes: 32 (37.6%)
Transposition Table Hits: 1.0 (1.2%)
Beta Cutoffs: 0.0
Null Move Cutoffs: 0.0
Futility Pruned: 15.0
Razoring Used: 0.0
QS Delta Pruned: 0.0
QS SEE Pruned: 0
-------------------------

FEN: 4r1k1/p4p1p/1p6/6B1/3P2n1/P4Q2/1P4P1/7K b - - 0 34
Best move found: e8e1
Score: 29999
rating: 994
theme: endgame mate mateIn2 short

Test PASSED: The engine found the correct move (e8e1).
76 tests completed.
----------------------------------------
New game started. Caches and stats cleared.
--- Running Test: Lichess Puzzle 007gO ---
FEN: 2r3rk/5p2/4p2p/4q3/1Q6/8/1P3PPP/2R2RK1 b - - 1 31
info depth 1 score cp 148 nodes 85 nps 120730 time 0 pv c8d8
info depth 2 score cp 4 nodes 399 nps 187952 time 2 pv c8c1 f1c1
info depth 3 score cp 14 nodes 1362 nps 243775 time 5 pv c8c1 f1c1 h8h7
info depth 4 score cp 11 nodes 5013 nps 247665 time 20 pv c8c1 f1c1 g8b8 b4h4
info depth 5 score cp 237 nodes 13933 nps 96533 time 144 pv e5g5 b4e4 g5c1 e4d4 g8g7 g2g4
info depth 6 score cp 141 nodes 34434 nps 153494 time 224 pv e5g5 b4d4 e6e5 d4d5 g5c1 d5e5 f7f6 e5f6 g8g7
info depth 7 score cp 454 nodes 69401 nps 179986 time 385 pv e5g5 g2g3 c8c1 b4e4 c1f1 g1f1 g5b5 f1g1 e6e5
info depth 8 score cp 462 nodes 176080 nps 225268 time 781 pv e5g5 g2g3 c8c1 b4e4 c1f1 g1f1 g5d5 e4d5 e6d5
info depth 9 score cp 522 nodes 502744 nps 270727 time 1857 pv e5g5 b4e4 c8c1 b2b4 c1f1 g1f1 g5c1 f1e2 c1b2 e2f1 b2c1 f1e2 c1b2 e2f1
--- Search Statistics ---
Total Time: 1.86s
Nodes Searched: 639707 (344448 NPS)
- Quiescence Nodes: 136963 (21.4%)
Transposition Table Hits: 21966.0 (3.4%)
Beta Cutoffs: 45412.0
Null Move Cutoffs: 3949.0
Futility Pruned: 220555.0
Razoring Used: 5999.0
QS Delta Pruned: 24342.0
QS SEE Pruned: 0
-------------------------

FEN: 2r3rk/5p2/4p2p/4q3/1Q6/8/1P3PPP/2R2RK1 b - - 1 31
Best move found: e5g5
Score: 522
rating: 2177
theme: crushing endgame short

Test PASSED: The engine found the correct move (e5g5).
77 tests completed.
----------------------------------------
New game started. Caches and stats cleared.
--- Running Test: Lichess Puzzle 007ku ---
FEN: r1bq3Q/1np3p1/p5k1/1p1Pp3/1Pn2BP1/2b2P2/P3K3/R4N2 w - - 0 36
info depth 1 score cp -964 nodes 83 nps 140260 time 0 pv h8h5 g6f6
info depth 2 score mate 2 nodes 209 nps 152772 time 1 pv h8h5 g6f6 f4g5
--- Search Statistics ---
Total Time: 0.00s
Nodes Searched: 329 (231375 NPS)
- Quiescence Nodes: 120 (36.5%)
Transposition Table Hits: 4.0 (1.2%)
Beta Cutoffs: 14.0
Null Move Cutoffs: 0.0
Futility Pruned: 136.0
Razoring Used: 0.0
QS Delta Pruned: 45.0
QS SEE Pruned: 0
-------------------------

FEN: r1bq3Q/1np3p1/p5k1/1p1Pp3/1Pn2BP1/2b2P2/P3K3/R4N2 w - - 0 36
Best move found: h8h5
Score: 29997
rating: 1700
theme: mate mateIn2 middlegame short

Test PASSED: The engine found the correct move (h8h5).
78 tests completed.
----------------------------------------
New game started. Caches and stats cleared.
--- Running Test: Lichess Puzzle 0088O ---
FEN: 7Q/2p5/1p2prp1/p4k1p/q4p1P/8/6RK/8 w - - 0 38
info depth 1 score cp -541 nodes 48 nps 116239 time 0 pv g2g5 f5e4
info depth 2 score cp -541 nodes 113 nps 139810 time 0 pv g2g5 f5e4 h8f6
info depth 3 score cp -562 nodes 860 nps 272295 time 3 pv g2g5 f5e4 h8f6 a4a2 g5g2
info depth 4 score cp -420 nodes 2128 nps 291482 time 7 pv g2g5 f5e4 h8f6 e4f3 f6c3 f3f2
info depth 5 score cp -417 nodes 5502 nps 313598 time 17 pv g2g5 f5e4 h8f6 a4c2 g5g2 c2c4
info depth 6 score cp -367 nodes 9813 nps 194419 time 50 pv g2g5 f5e4 h8f6 a4c2 g5g2 c2c4 f6g6 e4d5 g2g5 d5d6
info depth 7 score cp -274 nodes 22456 nps 174936 time 128 pv g2g5 f5e4 h8f6 a4c2 g5g2 c2c4 g2g6 e6e5 f6b6
info depth 8 score cp -211 nodes 232319 nps 327474 time 709 pv g2g5 f5e4 h8f6 a4a2 h2g1 a2b1 g1h2 b1a2 h2g1 a2b1 g1h2 b1b4 f6e6 e4f3
info depth 9 score cp -211 nodes 328244 nps 331306 time 990 pv g2g5 f5e4 h8f6 a4a2 h2g1 a2b1 g1h2 b1a2
info depth 10 score cp -211 nodes 517324 nps 334526 time 1546 pv g2g5 f5e4 h8f6 a4a2 h2g1 a2b1 g1h2 b1a2
--- Search Statistics ---
Total Time: 1.55s
Nodes Searched: 665179 (430093 NPS)
- Quiescence Nodes: 147855 (22.2%)
Transposition Table Hits: 19120.0 (2.9%)
Beta Cutoffs: 41903.0
Null Move Cutoffs: 3968.0
Futility Pruned: 106621.0
Razoring Used: 4062.0
QS Delta Pruned: 49963.0
QS SEE Pruned: 0
-------------------------

FEN: 7Q/2p5/1p2prp1/p4k1p/q4p1P/8/6RK/8 w - - 0 38
Best move found: g2g5
Score: -211
rating: 1008
theme: crushing deflection endgame short

Test PASSED: The engine found the correct move (g2g5).
79 tests completed.
----------------------------------------
New game started. Caches and stats cleared.
--- Running Test: Lichess Puzzle 008GK ---
FEN: 1k6/ppp3p1/8/1P5p/8/P3n2P/2P1r1P1/B2rNRK1 w - - 5 32
info depth 1 score mate 1 nodes 271 nps 249102 time 1 pv f1f8 d1d8
--- Search Statistics ---
Total Time: 0.00s
Nodes Searched: 491 (420114 NPS)
- Quiescence Nodes: 220 (44.8%)
Transposition Table Hits: 1.0 (0.2%)
Beta Cutoffs: 0.0
Null Move Cutoffs: 0.0
Futility Pruned: 2.0
Razoring Used: 0.0
QS Delta Pruned: 41.0
QS SEE Pruned: 0
-------------------------

FEN: 1k6/ppp3p1/8/1P5p/8/P3n2P/2P1r1P1/B2rNRK1 w - - 5 32
Best move found: f1f8
Score: 29999
rating: 600
theme: backRankMate endgame mate mateIn2 short

Test PASSED: The engine found the correct move (f1f8).
80 tests completed.
----------------------------------------
New game started. Caches and stats cleared.
--- Running Test: Lichess Puzzle 008LT ---
FEN: r4r1k/6p1/b3p1nN/p1pp4/1p3P1q/3P1Q1B/PPP2PK1/R6R w - - 1 27
info depth 1 score cp -235 nodes 429 nps 213269 time 2 pv h6f7 f8f7
info depth 2 score cp -294 nodes 1888 nps 242255 time 7 pv h3e6 g6f4 g2g1
info depth 3 score cp 1 nodes 6683 nps 253211 time 26 pv h3e6 f8f4 f3g3
info depth 4 score cp -79 nodes 13806 nps 255360 time 54 pv h3e6 g7h6 g2g1 h4f4
info depth 5 score cp 105 nodes 27127 nps 114124 time 237 pv h6f7 f8f7 h3e6 a8f8 g2g1 f7f4
info depth 6 score cp 59 nodes 60373 nps 167464 time 360 pv h6f7 f8f7 h3e6 a6d3 e6f7 d3e4 f3e4
info depth 7 score cp 275 nodes 195281 nps 187082 time 1043 pv h6f7 h8g8 h3e6 a6c8 f4f5 c8e6 f5e6 g6f4 g2f1
info depth 8 score cp 267 nodes 381495 nps 218701 time 1744 pv h6f7 f8f7 h3e6 h4h6 h1h6 g7h6 a1h1 g6f4 g2f1 f7f6 e6d5
--- Search Statistics ---
Total Time: 1.74s
Nodes Searched: 519785 (297949 NPS)
- Quiescence Nodes: 138290 (26.6%)
Transposition Table Hits: 16141.0 (3.1%)
Beta Cutoffs: 25177.0
Null Move Cutoffs: 1326.0
Futility Pruned: 164027.0
Razoring Used: 313.0
QS Delta Pruned: 51299.0
QS SEE Pruned: 0
-------------------------

FEN: r4r1k/6p1/b3p1nN/p1pp4/1p3P1q/3P1Q1B/PPP2PK1/R6R w - - 1 27
Best move found: h6f7
Score: 267
rating: 1752
theme: crushing kingsideAttack middlegame pin sacrifice short

Test PASSED: The engine found the correct move (h6f7).
81 tests completed.
----------------------------------------
New game started. Caches and stats cleared.
--- Running Test: Lichess Puzzle 008Nz ---
FEN: 6k1/2p2ppp/pnp5/B7/2P3PP/1P2PPR1/r3b2r/3R2K1 w - - 2 30
info depth 1 score mate 1 nodes 227 nps 228597 time 0 pv d1d8
--- Search Statistics ---
Total Time: 0.00s
Nodes Searched: 381 (358463 NPS)
- Quiescence Nodes: 154 (40.4%)
Transposition Table Hits: 0.0 (0.0%)
Beta Cutoffs: 0.0
Null Move Cutoffs: 0.0
Futility Pruned: 10.0
Razoring Used: 0.0
QS Delta Pruned: 35.0
QS SEE Pruned: 0
-------------------------

FEN: 6k1/2p2ppp/pnp5/B7/2P3PP/1P2PPR1/r3b2r/3R2K1 w - - 2 30
Best move found: d1d8
Score: 29999
rating: 622
theme: backRankMate mate mateIn1 middlegame oneMove

Test PASSED: The engine found the correct move (d1d8).
82 tests completed.
----------------------------------------
New game started. Caches and stats cleared.
--- Running Test: Lichess Puzzle 008P4 ---
FEN: 8/4k3/1p1p4/rP2p1p1/P2nP1P1/3B4/3K4/R7 b - - 1 35
info depth 1 score cp 403 nodes 76 nps 160104 time 0 pv d4b3 d2e1
info depth 2 score cp 403 nodes 145 nps 179032 time 0 pv d4b3 d2e1 b3a1
info depth 3 score cp 426 nodes 754 nps 348562 time 2 pv d4b3 d2c3 b3a1 c3b4
info depth 4 score cp 448 nodes 1763 nps 412228 time 4 pv d4b3 d2c3 b3a1 c3b4 e7e6
info depth 5 score cp 434 nodes 4017 nps 428617 time 9 pv d4b3 d2c3 b3a1 c3b4 e7f8 d3c4
info depth 6 score cp 470 nodes 8101 nps 474699 time 17 pv d4b3 d2c3 b3a1 c3b4 a5a8 d3c4 a1c2 b4b3
info depth 7 score cp 454 nodes 14347 nps 470412 time 30 pv d4b3 d2c3 b3a1 c3b4 e7e6 d3c4 e6e7 c4d5 a1c2 b4c3
info depth 8 score cp 462 nodes 35318 nps 473486 time 74 pv d4b3 d2c3 b3a1 c3b4 a5a7 b4a3 a7a8 a3b4 a8c8
info depth 9 score cp 466 nodes 60919 nps 483207 time 126 pv d4b3 d2c3 b3a1 c3b4 a5a7 b4a3 e7e6 d3c4 e6f6 c4d3 f6g6
info depth 10 score cp 483 nodes 86683 nps 485424 time 178 pv d4b3 d2c3 b3a1 c3b4 a5a7 b4a3 e7f8 a3b4 a7a8 d3c4 a1c2 b4b3
info depth 11 score cp 483 nodes 319409 nps 473314 time 674 pv d4b3 d2c3 b3a1 c3b4 a5a7 b4a3 e7f8 a3b4 a7a8 d3b1 a8a7 b1d3
info depth 12 score cp 483 nodes 486547 nps 476250 time 1021 pv d4b3 d2c3 b3a1 c3b4 a5a7 b4a3 e7f8 a3b4 a7a8 d3b1 a8a7 b1d3
info depth 13 score cp 483 nodes 661944 nps 470005 time 1408 pv d4b3 d2c3 b3a1 c3b4 a5a7 b4a3 e7f8 a3b4 a7a8 d3b1 a8a7 b1d3
--- Search Statistics ---
Total Time: 1.41s
Nodes Searched: 790580 (561272 NPS)
- Quiescence Nodes: 128636 (16.3%)
Transposition Table Hits: 54808.0 (6.9%)
Beta Cutoffs: 56839.0
Null Move Cutoffs: 18350.0
Futility Pruned: 209350.0
Razoring Used: 12338.0
QS Delta Pruned: 27954.0
QS SEE Pruned: 0
-------------------------

FEN: 8/4k3/1p1p4/rP2p1p1/P2nP1P1/3B4/3K4/R7 b - - 1 35
Best move found: d4b3
Score: 483
rating: 795
theme: crushing endgame fork short

Test PASSED: The engine found the correct move (d4b3).
83 tests completed.
----------------------------------------
New game started. Caches and stats cleared.
--- Running Test: Lichess Puzzle 008Sk ---
FEN: 8/6pp/3Bp2k/p2pP2P/P3p1PK/8/r4b2/5R2 w - - 3 38
info depth 1 score cp -648 nodes 8 nps 22474 time 0 pv h4h3
info depth 2 score cp -626 nodes 31 nps 51760 time 0 pv h4h3 g7g5
info depth 3 score cp -305 nodes 417 nps 277007 time 1 pv f1f2 g7g5 h4g3 a2a4
info depth 4 score cp -46 nodes 516 nps 242602 time 2 pv f1f2 g7g5 h4g3 a2f2 g3f2
info depth 5 score cp -102 nodes 703 nps 268273 time 2 pv f1f2 g7g5 h4g3 a2f2 g3f2 d5d4
info depth 6 score cp 86 nodes 1301 nps 264533 time 4 pv f1f2 g7g5 h4g3 a2f2 g3f2 h6g7 f2e3
info depth 7 score cp 61 nodes 2254 nps 312125 time 7 pv f1f2 g7g5 h4g3 a2f2 g3f2 h6g7 f2e3 g7f7
info depth 8 score cp 80 nodes 3780 nps 360632 time 10 pv f1f2 g7g5 h4g3 a2f2 g3f2 h6g7 f2e3 g7f7 h5h6
info depth 9 score cp 235 nodes 6074 nps 334829 time 18 pv f1f2 g7g5 h4g3 a2f2 g3f2 h6g7 f2e3 g7f7 d6b4 f7g7
info depth 10 score cp 235 nodes 9690 nps 374805 time 25 pv f1f2 g7g5 h4g3 a2f2 g3f2 h6g7 f2e3 g7f7 d6b4 f7g7 b4a5
info depth 11 score cp 232 nodes 18591 nps 423487 time 43 pv f1f2 g7g5 h4g3 a2f2 g3f2 h6g7 f2e3 g7g8 d6c7 g8f7 e3d4 f7g8
info depth 12 score cp 269 nodes 38059 nps 431987 time 88 pv f1f2 g7g5 h4g3 a2f2 g3f2 h6g7 f2e3 g7g8 d6c7 g8f7 c7a5 f7e7 h5h6
info depth 13 score cp 248 nodes 81353 nps 444376 time 183 pv f1f2 g7g5 h4g3 a2f2 g3f2 h6g7 f2e3 g7f7 d6c7 f7e7 c7a5 e7d7 h5h6
info depth 14 score cp 303 nodes 136561 nps 451405 time 302 pv f1f2 g7g5 h4g3 a2f2 g3f2 h6g7 f2e3 g7f7 d6c7 f7e7 c7a5 e7d7 a5c3 d7c6 a4a5
info depth 15 score cp 345 nodes 916033 nps 419800 time 2182 pv f1f2 g7g5 h4g3 a2f2 g3f2 h6g7 f2e3 g7f7 d6c7 f7e7 c7a5 e7d7 e3d4 d7c6 a5d8 h7h6
--- Search Statistics ---
Total Time: 2.18s
Nodes Searched: 985447 (451571 NPS)
- Quiescence Nodes: 69414 (7.0%)
Transposition Table Hits: 27424.0 (2.8%)
Beta Cutoffs: 37479.0
Null Move Cutoffs: 11171.0
Futility Pruned: 139858.0
Razoring Used: 7260.0
QS Delta Pruned: 23745.0
QS SEE Pruned: 0
-------------------------

FEN: 8/6pp/3Bp2k/p2pP2P/P3p1PK/8/r4b2/5R2 w - - 3 38
Best move found: f1f2
Score: 345
rating: 1950
theme: crushing endgame long

Test PASSED: The engine found the correct move (f1f2).
84 tests completed.
----------------------------------------
New game started. Caches and stats cleared.
--- Running Test: Lichess Puzzle 008lc ---
FEN: 7k/pb1qn1rn/1p2R2Q/2p2p2/2Pp4/3B4/PP3P1P/4RK2 w - - 2 28
info depth 1 score cp 49 nodes 96 nps 154096 time 0 pv d3e4
info depth 2 score cp 64 nodes 870 nps 245017 time 3 pv b2b4 g7f7
info depth 3 score cp 547 nodes 1046 nps 68332 time 15 pv h6g7 h8g7 e6e7 d7e7 e1e7 g7g6
info depth 4 score cp 547 nodes 2300 nps 113291 time 20 pv h6g7 h8g7 e6e7 d7e7 e1e7 g7g6 e7b7
info depth 5 score cp 556 nodes 5478 nps 166551 time 32 pv h6g7 h8g7 e6e7 d7e7 e1e7 g7g6 e7b7 a7a5
info depth 6 score cp 623 nodes 9794 nps 200539 time 48 pv h6g7 h8g7 e6e7 d7e7 e1e7 g7g6 e7b7 h7f6 f1e2
info depth 7 score cp 647 nodes 23344 nps 223697 time 104 pv h6g7 h8g7 e6e7 d7e7 e1e7 g7g6 e7b7 h7f6 f1e2 f6g4
info depth 8 score cp 682 nodes 51407 nps 247359 time 207 pv h6g7 h8g7 e6e7 d7e7 e1e7 g7g6 e7b7 h7f6 b7a7 f6g4 h2h3
info depth 9 score cp 672 nodes 126973 nps 258536 time 491 pv h6g7 h8g7 e6e7 d7e7 e1e7 g7g6 e7b7 h7f6 b7a7 f6g4 a7b7 g4h2 f1e2
info depth 10 score cp 713 nodes 462948 nps 300454 time 1540 pv h6g7 h8g7 e6e7 d7e7 e1e7 g7f6 e7b7 h7g5 b7a7 g5f3 h2h3 f3e5 f1e2
--- Search Statistics ---
Total Time: 1.54s
Nodes Searched: 587910 (381509 NPS)
- Quiescence Nodes: 124962 (21.3%)
Transposition Table Hits: 17754.0 (3.0%)
Beta Cutoffs: 32751.0
Null Move Cutoffs: 6577.0
Futility Pruned: 302621.0
Razoring Used: 2201.0
QS Delta Pruned: 71942.0
QS SEE Pruned: 0
-------------------------

FEN: 7k/pb1qn1rn/1p2R2Q/2p2p2/2Pp4/3B4/PP3P1P/4RK2 w - - 2 28
Best move found: h6g7
Score: 713
rating: 1831
theme: attraction crushing exposedKing fork long middlegame

Test PASSED: The engine found the correct move (h6g7).
85 tests completed.
----------------------------------------
New game started. Caches and stats cleared.
--- Running Test: Lichess Puzzle 008nF ---
FEN: 2rq1rk1/7p/1n4pb/1R2Q3/pPpP1P2/P1B5/3N2PP/2R3K1 b - - 0 31
info depth 1 score cp -399 nodes 100 nps 139950 time 0 pv f8e8
info depth 2 score cp -134 nodes 461 nps 188347 time 2 pv f8e8 c1e1
info depth 3 score cp -134 nodes 1338 nps 238290 time 5 pv f8e8 c1e1 e8e5
info depth 4 score cp -113 nodes 2670 nps 240487 time 11 pv f8e8 g2g3 e8e5 b5e5
info depth 5 score cp 6 nodes 7268 nps 193866 time 37 pv f8e8 e5e8 d8e8 b5b6 e8e3 g1h1 h6f4
info depth 6 score cp 12 nodes 15970 nps 220492 time 72 pv f8e8 e5e8 d8e8 b5b6 h6f4 g1h1 e8e2
info depth 7 score cp -42 nodes 52163 nps 243351 time 214 pv f8e8 e5e8 d8e8 b5b6 h6f4 c1f1 e8e3 g1h1 c8f8
info depth 8 score cp 93 nodes 111804 nps 207408 time 539 pv f8e8 e5e8 d8e8 b5b6 h6f4 g2g3 c8c6 g1h1 c6b6
info depth 9 score cp 55 nodes 225882 nps 231885 time 974 pv f8e8 e5e8 d8e8 b5b6 h6f4 b6f6 f4g5 f6f1 e8e2 c1e1
info depth 10 score cp 43 nodes 426902 nps 239719 time 1780 pv f8e8 e5e8 d8e8 b5b6 h6f4 b6f6 e8e3 g1h1 c8e8 g2g3 f4g5 f6a6
--- Search Statistics ---
Total Time: 1.78s
Nodes Searched: 571514 (320893 NPS)
- Quiescence Nodes: 144612 (25.3%)
Transposition Table Hits: 19152.0 (3.4%)
Beta Cutoffs: 38321.0
Null Move Cutoffs: 5127.0
Futility Pruned: 407971.0
Razoring Used: 2432.0
QS Delta Pruned: 63250.0
QS SEE Pruned: 0
-------------------------

FEN: 2rq1rk1/7p/1n4pb/1R2Q3/pPpP1P2/P1B5/3N2PP/2R3K1 b - - 0 31
Best move found: f8e8
Score: 43
rating: 2241
theme: crushing master middlegame short trappedPiece

Test PASSED: The engine found the correct move (f8e8).
86 tests completed.
----------------------------------------
New game started. Caches and stats cleared.
--- Running Test: Lichess Puzzle 008o6 ---
FEN: Q4rk1/p1p3p1/6P1/8/3P4/7P/q3r3/B4RK1 w - - 2 35
info depth 1 score mate 1 nodes 7 nps 18327 time 0 pv f1f8
--- Search Statistics ---
Total Time: 0.00s
Nodes Searched: 10 (21564 NPS)
- Quiescence Nodes: 3 (30.0%)
Transposition Table Hits: 0.0 (0.0%)
Beta Cutoffs: 1.0
Null Move Cutoffs: 0.0
Futility Pruned: 23.0
Razoring Used: 0.0
QS Delta Pruned: 0.0
QS SEE Pruned: 0
-------------------------

FEN: Q4rk1/p1p3p1/6P1/8/3P4/7P/q3r3/B4RK1 w - - 2 35
Best move found: f1f8
Score: 29999
rating: 1017
theme: endgame mate mateIn1 oneMove

Test FAILED: The engine suggested f1f8, but the correct move is a8f8.
87 tests completed.
----------------------------------------
New game started. Caches and stats cleared.
--- Running Test: Lichess Puzzle 008oX ---
FEN: 6k1/2R3pp/2p4q/1p1p4/3P4/P7/1PP2R2/1K1Nr3 w - - 4 33
info depth 1 score mate 1 nodes 130 nps 194805 time 0 pv c7c8 e1e8
--- Search Statistics ---
Total Time: 0.00s
Nodes Searched: 226 (307863 NPS)
- Quiescence Nodes: 96 (42.5%)
Transposition Table Hits: 1.0 (0.4%)
Beta Cutoffs: 2.0
Null Move Cutoffs: 0.0
Futility Pruned: 8.0
Razoring Used: 0.0
QS Delta Pruned: 3.0
QS SEE Pruned: 0
-------------------------

FEN: 6k1/2R3pp/2p4q/1p1p4/3P4/P7/1PP2R2/1K1Nr3 w - - 4 33
Best move found: c7c8
Score: 29999
rating: 974
theme: endgame mate mateIn2 short

Test PASSED: The engine found the correct move (c7c8).
88 tests completed.
----------------------------------------
New game started. Caches and stats cleared.
--- Running Test: Lichess Puzzle 008tL ---
FEN: 8/7k/R6p/3p4/5r2/2P1p2P/P5P1/6K1 b - - 0 40
info depth 1 score cp 361 nodes 8 nps 26462 time 0 pv e3e2
info depth 2 score cp 294 nodes 220 nps 206940 time 1 pv e3e2 a6a7 h7g6
info depth 3 score cp 218 nodes 439 nps 202786 time 2 pv e3e2 a6a7 h7g6 a7e7
info depth 4 score cp 218 nodes 1005 nps 267229 time 3 pv e3e2 a6a7 h7g6 a7a6 g6h7
info depth 5 score cp 315 nodes 2423 nps 324835 time 7 pv e3e2 a6e6 f4f1 g1h2 e2e1q e6e1
info depth 6 score cp 315 nodes 4958 nps 358176 time 13 pv e3e2 a6e6 f4f1 g1h2 e2e1q e6e1 f1e1
info depth 7 score cp 250 nodes 8850 nps 369971 time 23 pv e3e2 a6e6 f4f1 g1h2 e2e1q e6e1 f1e1 a2a4
info depth 8 score cp 306 nodes 17731 nps 393267 time 45 pv e3e2 a6e6 f4f1 g1h2 e2e1q e6e1 f1e1 a2a4 e1e2
info depth 9 score cp 295 nodes 48323 nps 414608 time 116 pv e3e2 a6e6 f4f1 g1h2 e2e1q e6e1 f1e1 a2a4 e1c1 a4a5
info depth 10 score cp 329 nodes 333207 nps 426558 time 781 pv e3e2 a6a7 h7g6 a7e7 f4f1 g1h2 e2e1r e7e1 f1e1 a2a4 e1c1 a4a5
info depth 11 score cp 375 nodes 397994 nps 426643 time 932 pv e3e2 a6a7 h7g6 a7e7 f4f1 g1h2 e2e1r e7d7 e1e2 d7d5 e2a2 d5d7 f1f2
info depth 12 score cp 375 nodes 842842 nps 431013 time 1955 pv e3e2 a6a7 h7g6 a7e7 f4f1 g1h2 e2e1r e7d7 e1e2 d7d5 e2a2 d5d6 g6g5 d6d5 g5g6
--- Search Statistics ---
Total Time: 1.96s
Nodes Searched: 968720 (495326 NPS)
- Quiescence Nodes: 125878 (13.0%)
Transposition Table Hits: 26898.0 (2.8%)
Beta Cutoffs: 40298.0
Null Move Cutoffs: 6864.0
Futility Pruned: 88999.0
Razoring Used: 6681.0
QS Delta Pruned: 7087.0
QS SEE Pruned: 0
-------------------------

FEN: 8/7k/R6p/3p4/5r2/2P1p2P/P5P1/6K1 b - - 0 40
Best move found: e3e2
Score: 375
rating: 1058
theme: advancedPawn crushing endgame master rookEndgame short

Test PASSED: The engine found the correct move (e3e2).
89 tests completed.
----------------------------------------
New game started. Caches and stats cleared.
--- Running Test: Lichess Puzzle 0092z ---
FEN: 2r3k1/3R1ppp/p1q5/2p2Q2/P7/7P/5PP1/6K1 w - - 4 27
info depth 1 score cp 88 nodes 43 nps 79137 time 0 pv f2f4
info depth 2 score cp 215 nodes 98 nps 33903 time 2 pv f5f7 g8h8 f2f4
info depth 3 score mate 2 nodes 564 nps 104009 time 5 pv f5f7 g8h8 f7g7
--- Search Statistics ---
Total Time: 0.01s
Nodes Searched: 863 (157398 NPS)
- Quiescence Nodes: 299 (34.6%)
Transposition Table Hits: 24.0 (2.8%)
Beta Cutoffs: 71.0
Null Move Cutoffs: 0.0
Futility Pruned: 768.0
Razoring Used: 2.0
QS Delta Pruned: 100.0
QS SEE Pruned: 0
-------------------------

FEN: 2r3k1/3R1ppp/p1q5/2p2Q2/P7/7P/5PP1/6K1 w - - 4 27
Best move found: f5f7
Score: 29997
rating: 1088
theme: endgame mate mateIn2 short

Test PASSED: The engine found the correct move (f5f7).
90 tests completed.
----------------------------------------
New game started. Caches and stats cleared.
--- Running Test: Lichess Puzzle 009IO ---
FEN: 3r4/4kp1r/p2Np1p1/3bP3/P2n4/8/1P3RPP/5RK1 w - - 5 26
info depth 1 score cp -97 nodes 288 nps 284694 time 1 pv f1c1
info depth 2 score mate 2 nodes 512 nps 101115 time 5 pv f2f7 h7f7 f1f7
--- Search Statistics ---
Total Time: 0.01s
Nodes Searched: 792 (154413 NPS)
- Quiescence Nodes: 280 (35.4%)
Transposition Table Hits: 12.0 (1.5%)
Beta Cutoffs: 5.0
Null Move Cutoffs: 0.0
Futility Pruned: 23.0
Razoring Used: 0.0
QS Delta Pruned: 16.0
QS SEE Pruned: 0
-------------------------

FEN: 3r4/4kp1r/p2Np1p1/3bP3/P2n4/8/1P3RPP/5RK1 w - - 5 26
Best move found: f2f7
Score: 29997
rating: 1174
theme: hookMate mate mateIn2 middlegame short

Test PASSED: The engine found the correct move (f2f7).
91 tests completed.
----------------------------------------
New game started. Caches and stats cleared.
--- Running Test: Lichess Puzzle 009L0 ---
FEN: 6k1/pb2r1pN/1n4Bp/3p4/1P2pR2/P7/5PPP/2rR2K1 b - - 3 30
info depth 1 score mate 1 nodes 2 nps 7605 time 0 pv c1d1
--- Search Statistics ---
Total Time: 0.00s
Nodes Searched: 2 (6232 NPS)
- Quiescence Nodes: 0 (0.0%)
Transposition Table Hits: 0.0 (0.0%)
Beta Cutoffs: 0.0
Null Move Cutoffs: 0.0
Futility Pruned: 23.0
Razoring Used: 0.0
QS Delta Pruned: 0.0
QS SEE Pruned: 0
-------------------------

FEN: 6k1/pb2r1pN/1n4Bp/3p4/1P2pR2/P7/5PPP/2rR2K1 b - - 3 30
Best move found: c1d1
Score: 29999
rating: 706
theme: backRankMate hangingPiece mate mateIn1 middlegame oneMove

Test PASSED: The engine found the correct move (c1d1).
92 tests completed.
----------------------------------------
New game started. Caches and stats cleared.
--- Running Test: Lichess Puzzle 009Os ---
FEN: r2b2k1/1p3q1p/p2p4/3P2p1/2P1PR1r/6Q1/P2B3P/2R4K b - - 2 29
info depth 1 score cp -60 nodes 73 nps 154716 time 0 pv h4f4
info depth 2 score cp -60 nodes 278 nps 185170 time 1 pv h4f4 d2f4
info depth 3 score cp -175 nodes 1367 nps 162697 time 8 pv f7g6 f4h4 g5h4
info depth 4 score cp -175 nodes 3057 nps 206340 time 14 pv f7g6 f4h4 g5h4 g3g6 h7g6
info depth 5 score cp -222 nodes 10114 nps 249962 time 40 pv f7g6 f4h4 g5h4 g3g6 h7g6 c1g1
info depth 6 score cp -151 nodes 16137 nps 160455 time 100 pv h4f4 d2f4 f7g6 f4d6 g6e4 g3g2 e4e3
info depth 7 score cp 221 nodes 28806 nps 136677 time 210 pv h4f4 d2f4 f7f4 g3f4 g5f4 c4c5 a8c8
info depth 8 score cp 78 nodes 36422 nps 141045 time 258 pv h4f4 d2f4 f7f4 g3f4 g5f4 c4c5 d6c5 c1c5
info depth 9 score cp 158 nodes 70527 nps 170591 time 413 pv h4f4 d2f4 f7f4 g3f4 g5f4 c4c5 d6c5 c1c5 f4f3
info depth 10 score cp 145 nodes 116881 nps 80375 time 1454 pv h4f4 d2f4 f7f4 g3f4 g5f4 c4c5 d6c5 d5d6 d8b6 d6d7
--- Search Statistics ---
Total Time: 1.45s
Nodes Searched: 162542 (111762 NPS)
- Quiescence Nodes: 45661 (28.1%)
Transposition Table Hits: 10383.0 (6.4%)
Beta Cutoffs: 13007.0
Null Move Cutoffs: 3043.0
Futility Pruned: 118733.0
Razoring Used: 2304.0
QS Delta Pruned: 14817.0
QS SEE Pruned: 0
-------------------------

FEN: r2b2k1/1p3q1p/p2p4/3P2p1/2P1PR1r/6Q1/P2B3P/2R4K b - - 2 29
Best move found: h4f4
Score: 145
rating: 1392
theme: crushing long middlegame

Test PASSED: The engine found the correct move (h4f4).
93 tests completed.
----------------------------------------
New game started. Caches and stats cleared.
--- Running Test: Lichess Puzzle 009f8 ---
FEN: 8/1p4p1/pb2pp1p/3n1k2/3P4/P3BN1P/1P2KPP1/8 w - - 1 27
info depth 1 score cp 20 nodes 83 nps 182456 time 0 pv g2g4 f5e4
info depth 2 score mate 2 nodes 91 nps 88618 time 1 pv f3h4 f5e4 f2f3
--- Search Statistics ---
Total Time: 0.00s
Nodes Searched: 136 (126648 NPS)
- Quiescence Nodes: 45 (33.1%)
Transposition Table Hits: 5.0 (3.7%)
Beta Cutoffs: 1.0
Null Move Cutoffs: 0.0
Futility Pruned: 37.0
Razoring Used: 0.0
QS Delta Pruned: 0.0
QS SEE Pruned: 0
-------------------------

FEN: 8/1p4p1/pb2pp1p/3n1k2/3P4/P3BN1P/1P2KPP1/8 w - - 1 27
Best move found: f3h4
Score: 29997
rating: 1183
theme: endgame mate mateIn2 short

Test PASSED: The engine found the correct move (f3h4).
94 tests completed.
----------------------------------------
New game started. Caches and stats cleared.
--- Running Test: Lichess Puzzle 009lk ---
FEN: 1R6/6pk/2p4p/3bP2r/5B1P/2P1RqP1/P4P1Q/6K1 b - - 3 40
info depth 1 score mate 1 nodes 103 nps 163765 time 0 pv f3d1 e3e1
--- Search Statistics ---
Total Time: 0.00s
Nodes Searched: 169 (241594 NPS)
- Quiescence Nodes: 66 (39.1%)
Transposition Table Hits: 2.0 (1.2%)
Beta Cutoffs: 3.0
Null Move Cutoffs: 0.0
Futility Pruned: 6.0
Razoring Used: 0.0
QS Delta Pruned: 44.0
QS SEE Pruned: 0
-------------------------

FEN: 1R6/6pk/2p4p/3bP2r/5B1P/2P1RqP1/P4P1Q/6K1 b - - 3 40
Best move found: f3d1
Score: 29999
rating: 952
theme: mate mateIn2 middlegame short

Test PASSED: The engine found the correct move (f3d1).
95 tests completed.
----------------------------------------
New game started. Caches and stats cleared.
--- Running Test: Lichess Puzzle 009oc ---
FEN: 5Q2/pbp3np/1p1pq1pk/1P6/P6P/6K1/8/8 w - - 0 33
info depth 1 score cp -1131 nodes 92 nps 163714 time 0 pv g3h2
info depth 2 score mate 2 nodes 114 nps 88530 time 1 pv f8f4 h6h5 f4g5
--- Search Statistics ---
Total Time: 0.00s
Nodes Searched: 169 (125635 NPS)
- Quiescence Nodes: 55 (32.5%)
Transposition Table Hits: 6.0 (3.6%)
Beta Cutoffs: 5.0
Null Move Cutoffs: 0.0
Futility Pruned: 34.0
Razoring Used: 1.0
QS Delta Pruned: 2.0
QS SEE Pruned: 0
-------------------------

FEN: 5Q2/pbp3np/1p1pq1pk/1P6/P6P/6K1/8/8 w - - 0 33
Best move found: f8f4
Score: 29997
rating: 1500
theme: endgame mate mateIn2 short

Test PASSED: The engine found the correct move (f8f4).
96 tests completed.
----------------------------------------
New game started. Caches and stats cleared.
--- Running Test: Lichess Puzzle 009tE ---
FEN: 6k1/6pp/p1N5/1pP2bp1/5P2/8/PPP5/3K4 w - - 0 29
info depth 1 score cp 422 nodes 26 nps 83182 time 0 pv c6e7 g8f7
info depth 2 score cp 422 nodes 46 nps 96517 time 0 pv c6e7 g8f7 e7f5
info depth 3 score cp 302 nodes 201 nps 155115 time 1 pv c6e7 g8f7 e7f5 g5f4
info depth 4 score cp 302 nodes 648 nps 276857 time 2 pv c6e7 g8f7 e7f5 g5f4 f5g7
info depth 5 score cp 262 nodes 8134 nps 519877 time 15 pv f4g5 f5g4 d1d2 h7h5 g5h6 g7h6
info depth 6 score cp 242 nodes 16358 nps 474766 time 34 pv f4g5 g8f7 c6d4 f5e6 b2b3 f7e7
info depth 7 score cp 254 nodes 33206 nps 484505 time 68 pv f4g5 g8f7 c6d4 f5e4 d1d2 h7h5 g5h6
info depth 8 score cp 384 nodes 55124 nps 310502 time 177 pv c6e7 g8f7 e7f5 g5g4 f5g7 f7e7 d1e2 e7d7 e2f2
info depth 9 score cp 326 nodes 113159 nps 363526 time 311 pv c6e7 g8f7 e7f5 g5g4 f5g7 f7e7 d1e2 e7d7 e2f2 d7c6
info depth 10 score cp 410 nodes 187376 nps 407807 time 459 pv c6e7 g8f7 e7f5 g5g4 f5g7 f7e7 g7h5 h7h6 h5f6 g4g3 f6g8 e7d7
info depth 11 score cp 430 nodes 565767 nps 384774 time 1470 pv c6e7 g8f7 e7f5 g5g4 f5g7 f7e7 d1e2 e7d7 e2f2 d7c6 f2g3 a6a5
--- Search Statistics ---
Total Time: 1.47s
Nodes Searched: 691831 (470440 NPS)
- Quiescence Nodes: 126064 (18.2%)
Transposition Table Hits: 29802.0 (4.3%)
Beta Cutoffs: 79981.0
Null Move Cutoffs: 0.0
Futility Pruned: 223787.0
Razoring Used: 27995.0
QS Delta Pruned: 21206.0
QS SEE Pruned: 0
-------------------------

FEN: 6k1/6pp/p1N5/1pP2bp1/5P2/8/PPP5/3K4 w - - 0 29
Best move found: c6e7
Score: 430
rating: 669
theme: crushing endgame fork short

Test PASSED: The engine found the correct move (c6e7).
97 tests completed.
----------------------------------------
New game started. Caches and stats cleared.
--- Running Test: Lichess Puzzle 009zR ---
FEN: 3Q4/p1p2ppp/4k3/8/5P2/4P3/Prqn2PP/3R1RK1 b - - 0 22
info depth 1 score mate 1 nodes 45 nps 62705 time 0 pv d2f3 g2f3
--- Search Statistics ---
Total Time: 0.00s
Nodes Searched: 73 (90399 NPS)
- Quiescence Nodes: 28 (38.4%)
Transposition Table Hits: 1.0 (1.4%)
Beta Cutoffs: 0.0
Null Move Cutoffs: 0.0
Futility Pruned: 23.0
Razoring Used: 0.0
QS Delta Pruned: 7.0
QS SEE Pruned: 0
-------------------------

FEN: 3Q4/p1p2ppp/4k3/8/5P2/4P3/Prqn2PP/3R1RK1 b - - 0 22
Best move found: d2f3
Score: 29999
rating: 1591
theme: discoveredAttack endgame mate mateIn2 short

Test PASSED: The engine found the correct move (d2f3).
98 tests completed.
----------------------------------------
New game started. Caches and stats cleared.
--- Running Test: Lichess Puzzle 00A1H ---
FEN: 2r3k1/4brp1/2p3b1/2Pp1qNp/3B3P/2P5/PP3P1K/R2Q2R1 b - - 2 31
info depth 1 score cp 247 nodes 349 nps 140656 time 2 pv f5f4 h2h3
info depth 2 score cp 325 nodes 715 nps 152052 time 4 pv f5f4 h2h3 g6f5 h3g2
info depth 3 score cp 297 nodes 2743 nps 155210 time 17 pv f5f4 g1g3 e7g5 h4g5
info depth 4 score cp 166 nodes 7050 nps 105506 time 66 pv f5f4 g1g3 f4h4 g5h3 f7f4 d1e2
info depth 5 score cp 150 nodes 9447 nps 31646 time 298 pv f5f4 g1g3
info depth 6 score cp 163 nodes 52948 nps 98247 time 538 pv f5f4 g1g3 e7g5 h4g5 h5h4 d1e2 h4g3 f2g3
info depth 7 score cp 163 nodes 85057 nps 119124 time 714 pv f5f4 g1g3 e7g5 h4g5 h5h4 d1e2 h4g3 f2g3 f4g5
info depth 8 score cp 242 nodes 574876 nps 207753 time 2767 pv f5f4 g1g3 e7g5 h4g5 h5h4 d1e2 g8h8 a1h1 h4g3 h2g1 g6h7
--- Search Statistics ---
Total Time: 2.77s
Nodes Searched: 662764 (239500 NPS)
- Quiescence Nodes: 87888 (13.3%)
Transposition Table Hits: 7350.0 (1.1%)
Beta Cutoffs: 20498.0
Null Move Cutoffs: 1755.0
Futility Pruned: 164755.0
Razoring Used: 841.0
QS Delta Pruned: 45722.0
QS SEE Pruned: 0
-------------------------

FEN: 2r3k1/4brp1/2p3b1/2Pp1qNp/3B3P/2P5/PP3P1K/R2Q2R1 b - - 2 31
Best move found: f5f4
Score: 242
rating: 2041
theme: crushing middlegame short

Test PASSED: The engine found the correct move (f5f4).
99 tests completed.
----------------------------------------
New game started. Caches and stats cleared.
--- Running Test: Lichess Puzzle 00A5v ---
FEN: 4r1k1/pp1qr1p1/7p/2pPR3/2P2p2/1P3P2/P2Q2PP/4R1K1 b - - 4 33
info depth 1 score cp 243 nodes 11 nps 34952 time 0 pv e7e5
info depth 2 score cp 243 nodes 53 nps 79194 time 0 pv e7e5 e1e5
info depth 3 score cp 243 nodes 288 nps 151982 time 1 pv e7e5 e1e5 e8e5
info depth 4 score cp 243 nodes 633 nps 184477 time 3 pv e7e5 e1e5 e8e5 d2f4
info depth 5 score cp 227 nodes 2010 nps 250313 time 8 pv e7e5 e1e5 e8e5 d5d6 g7g5
info depth 6 score cp 245 nodes 6494 nps 297710 time 21 pv e7e5 e1e5 e8e5 a2a3 h6h5 d2f4
info depth 7 score cp 289 nodes 20307 nps 344048 time 59 pv e7e5 e1e5 e8e5 d2f4 d7e7 f4g4 e5e2
info depth 8 score cp 267 nodes 57098 nps 351839 time 162 pv e7e5 e1e5 e8e5 g1h1 d7d6 d2f2 g7g5 f2f1
info depth 9 score cp 288 nodes 123772 nps 372673 time 332 pv e7e5 e1e5 e8e5 d2f4 d7e7 f4d2 e7h4 g2g4 h4h3
info depth 10 score cp 250 nodes 224882 nps 357818 time 628 pv e7e5 e1e5 e8e5 d2f4 e5e1 g1f2 d7e8 f4d2 e1b1 d5d6 e8e5
info depth 11 score cp 255 nodes 383539 nps 354745 time 1081 pv e7e5 e1e5 e8e5 d2f4 d7e7 h2h4 g8h7 f4g3 g7g6 g3f2 e5e2
info depth 12 score cp 284 nodes 811304 nps 367988 time 2204 pv e7e5 e1e5 e8e5 d2f4 d7e7 h2h4 b7b5 f4g3 b5c4 b3c4 e5e1 g1h2 g8h7
--- Search Statistics ---
Total Time: 2.20s
Nodes Searched: 1014919 (460307 NPS)
- Quiescence Nodes: 203615 (20.1%)
Transposition Table Hits: 44623.0 (4.4%)
Beta Cutoffs: 56977.0
Null Move Cutoffs: 10288.0
Futility Pruned: 301116.0
Razoring Used: 7281.0
QS Delta Pruned: 48473.0
QS SEE Pruned: 0
-------------------------

FEN: 4r1k1/pp1qr1p1/7p/2pPR3/2P2p2/1P3P2/P2Q2PP/4R1K1 b - - 4 33
Best move found: e7e5
Score: 284
rating: 681
theme: crushing endgame short

Test PASSED: The engine found the correct move (e7e5).
100 tests completed.
----------------------------------------
New game started. Caches and stats cleared.
--- Running Test: Lichess Puzzle 00AB1 ---
FEN: 8/7Q/3p1kp1/1p6/2b5/2q4P/5PPK/8 w - - 0 37
info depth 1 score cp 537 nodes 78 nps 153378 time 0 pv h7h8 f6f5
info depth 2 score cp 538 nodes 192 nps 200974 time 0 pv h7h8 f6f5 g2g4 f5e4
info depth 3 score cp 503 nodes 1140 nps 309462 time 3 pv h7h8 f6e7 h8c3 g6g5
info depth 4 score cp 548 nodes 3627 nps 358461 time 10 pv h7h8 f6f5 h8c3 d6d5 c3e3
info depth 5 score cp 570 nodes 14442 nps 371470 time 38 pv h7h8 f6e6 h8c3 d6d5 c3e3 e6f5 h2g1
info depth 6 score cp 589 nodes 37296 nps 390260 time 95 pv h7h8 f6f5 h8c3 d6d5 g2g4 f5e6 c3e3 e6f6
info depth 7 score cp 592 nodes 66289 nps 448686 time 147 pv h7h8 f6f7 h8c3 d6d5 c3e5 f7g8 e5e6 g8h7 h2g1
info depth 8 score cp 609 nodes 163557 nps 447331 time 365 pv h7h8 f6f7 h8c3 d6d5 c3e5 f7g8 e5e7 g8h8 e7d6
info depth 9 score cp 733 nodes 435066 nps 260570 time 1669 pv h7h8 f6e6 h8c3 d6d5 f2f4 e6f7 c3e5 c4b3 e5c7 f7g8 c7b8 g8h7
--- Search Statistics ---
Total Time: 1.67s
Nodes Searched: 509494 (305117 NPS)
- Quiescence Nodes: 74428 (14.6%)
Transposition Table Hits: 34461.0 (6.8%)
Beta Cutoffs: 29059.0
Null Move Cutoffs: 1453.0
Futility Pruned: 46716.0
Razoring Used: 4287.0
QS Delta Pruned: 3980.0
QS SEE Pruned: 0
-------------------------

FEN: 8/7Q/3p1kp1/1p6/2b5/2q4P/5PPK/8 w - - 0 37
Best move found: h7h8
Score: 733
rating: 1058
theme: crushing endgame short skewer

Test PASSED: The engine found the correct move (h7h8).
101 tests completed.
----------------------------------------
New game started. Caches and stats cleared.
--- Running Test: Lichess Puzzle 00Aae ---
FEN: 1R6/1P6/4pkp1/5p2/3P4/3KP2p/8/1r6 w - - 0 44
info depth 1 score cp -97 nodes 91 nps 206985 time 0 pv b8f8 f6g5
info depth 2 score cp -72 nodes 429 nps 374242 time 1 pv b8f8 f6e7 b7b8q
info depth 3 score cp -97 nodes 1405 nps 436001 time 3 pv b8f8 f6g5 b7b8r b1b8
info depth 4 score cp -97 nodes 2273 nps 454632 time 4 pv b8f8 f6g5 b7b8r b1b8 f8b8
info depth 5 score cp -118 nodes 5060 nps 367227 time 13 pv b8f8 f6g5 b7b8r b1b8 f8b8 f5f4
info depth 6 score cp -61 nodes 8713 nps 338066 time 25 pv b8f8 f6g5 b7b8r b1b8 f8b8 f5f4 b8b7
info depth 7 score cp 88 nodes 19122 nps 190211 time 100 pv b8f8 f6g5 b7b8q b1b8 f8b8 f5f4 b8h8 f4f3
info depth 8 score cp 88 nodes 25246 nps 222151 time 113 pv b8f8 f6g5 b7b8q b1b8 f8b8 f5f4 b8h8 f4f3 h8h3
info depth 9 score cp 112 nodes 75110 nps 322763 time 232 pv b8f8 f6g5 b7b8q b1b8 f8b8 g5g4 b8h8 g6g5 h8h6 g4g3
info depth 10 score cp 112 nodes 287486 nps 410677 time 700 pv b8f8 f6g5 b7b8q b1b8 f8b8 g5g4 b8h8 g6g5 h8h6 g4g3 h6e6
info depth 11 score cp 111 nodes 519001 nps 445675 time 1164 pv b8f8 f6e7 b7b8q b1b8 f8b8 g6g5 e3e4 f5e4 d3e4 e7d6 b8e8 e6e5 e8e5
--- Search Statistics ---
Total Time: 3.00s
Nodes Searched: 615994 (205142 NPS)
- Quiescence Nodes: 96993 (15.7%)
Transposition Table Hits: 25173.0 (4.1%)
Beta Cutoffs: 27196.0
Null Move Cutoffs: 6626.0
Futility Pruned: 58800.0
Razoring Used: 4255.0
QS Delta Pruned: 13356.0
QS SEE Pruned: 0
-------------------------

FEN: 1R6/1P6/4pkp1/5p2/3P4/3KP2p/8/1r6 w - - 0 44
Best move found: b8f8
Score: 111
rating: 1019
theme: advancedPawn clearance crushing endgame long promotion rookEndgame

Test PASSED: The engine found the correct move (b8f8).
102 tests completed.
----------------------------------------

--- Test Summary ---
Total tests: 102
Passed: 93
Failed: 9
Total script execution time: 149.30 seconds
Total engine thinking time: 144.65 seconds
Total nodes searched: 53039427
Transposition Table Usage: 2367932.0/53039427 (4.46%)
Average NPS: 366683
Average search depth: 8.02

--- Failed Puzzles ---
Name: Lichess Puzzle 006eO
  FEN: 8/8/2p5/1p1p1k2/3P4/1PP1pK2/8/8 w - - 4 65
  Correct Answer: b3b4
  Engine's Answer: f3e3
--------------------
Name: Lichess Puzzle 006of
  FEN: r2qr2k/1pp2Qp1/1b4np/pP2P3/P4n2/B1N2N1P/5PP1/R3R1K1 b - - 0 20
  Correct Answer: d8d3
  Engine's Answer: f4d3
--------------------
Name: Lichess Puzzle 0078T
  FEN: rk5r/1b3R2/pp2p2q/4P2p/B6B/4p2P/PP4P1/5Q1K w - - 0 28
  Correct Answer: f7b7
  Engine's Answer: f1d3
--------------------
Name: Lichess Puzzle 004d8
  FEN: 8/4kr2/R2p4/1p1Pp3/5pp1/3K1P2/PPP5/8 w - - 0 40
  Correct Answer: a6a7
  Engine's Answer: f3g4
--------------------
Name: Lichess Puzzle 005qG
  FEN: 8/8/1p1k1p1p/3np3/2B2p2/PP1K1PP1/7P/8 w - - 0 37
  Correct Answer: c4d5
  Engine's Answer: d3e4
--------------------
Name: Lichess Puzzle 005f3
  FEN: r5k1/2p1pp2/pp4p1/1q5r/5P2/2QP2R1/PP6/1K4R1 w - - 1 33
  Correct Answer: g3g6
  Engine's Answer: c3c7
--------------------
Name: Lichess Puzzle 005yO
  FEN: r1r2k2/ppq3bQ/4p2p/4n3/3p4/2P5/PBB2PPP/4R1K1 w - - 3 25
  Correct Answer: b2a3
  Engine's Answer: e1e4
--------------------
Name: Lichess Puzzle 006NL
  FEN: 1r6/k2qn1b1/p1N1p1p1/2PpPpN1/2n2P1P/p4B2/1PP2Q2/1K1R3R b - - 0 32
  Correct Answer: e7c6
  Engine's Answer: d7c6
--------------------
Name: Lichess Puzzle 008o6
  FEN: Q4rk1/p1p3p1/6P1/8/3P4/7P/q3r3/B4RK1 w - - 2 35
  Correct Answer: a8f8
  Engine's Answer: f1f8
--------------------
Failed puzzles saved to failed_puzzles.json
